Component: ARM Compiler 5.05 update 1 (build 106) Tool: armlink [4d0efa]

==============================================================================

Section Cross References

    startup_stm32h750xx.o(RESET) refers to startup_stm32h750xx.o(STACK) for __initial_sp
    startup_stm32h750xx.o(RESET) refers to startup_stm32h750xx.o(.text) for Reset_Handler
    startup_stm32h750xx.o(RESET) refers to stm32h7xx_it.o(i.NMI_Handler) for NMI_Handler
    startup_stm32h750xx.o(RESET) refers to stm32h7xx_it.o(i.HardFault_Handler) for HardFault_Handler
    startup_stm32h750xx.o(RESET) refers to stm32h7xx_it.o(i.MemManage_Handler) for MemManage_Handler
    startup_stm32h750xx.o(RESET) refers to stm32h7xx_it.o(i.BusFault_Handler) for BusFault_Handler
    startup_stm32h750xx.o(RESET) refers to stm32h7xx_it.o(i.UsageFault_Handler) for UsageFault_Handler
    startup_stm32h750xx.o(RESET) refers to stm32h7xx_it.o(i.SVC_Handler) for SVC_Handler
    startup_stm32h750xx.o(RESET) refers to stm32h7xx_it.o(i.DebugMon_Handler) for DebugMon_Handler
    startup_stm32h750xx.o(RESET) refers to stm32h7xx_it.o(i.PendSV_Handler) for PendSV_Handler
    startup_stm32h750xx.o(RESET) refers to stm32h7xx_it.o(i.SysTick_Handler) for SysTick_Handler
    startup_stm32h750xx.o(RESET) refers to stm32h7xx_it.o(i.DMA1_Stream0_IRQHandler) for DMA1_Stream0_IRQHandler
    startup_stm32h750xx.o(RESET) refers to stm32h7xx_it.o(i.DMA1_Stream2_IRQHandler) for DMA1_Stream2_IRQHandler
    startup_stm32h750xx.o(RESET) refers to stm32h7xx_it.o(i.USART1_IRQHandler) for USART1_IRQHandler
    startup_stm32h750xx.o(RESET) refers to stm32h7xx_it.o(i.DMA2_Stream0_IRQHandler) for DMA2_Stream0_IRQHandler
    startup_stm32h750xx.o(RESET) refers to stm32h7xx_it.o(i.DMA2_Stream1_IRQHandler) for DMA2_Stream1_IRQHandler
    startup_stm32h750xx.o(RESET) refers to stm32h7xx_it.o(i.UART7_IRQHandler) for UART7_IRQHandler
    startup_stm32h750xx.o(RESET) refers to stm32h7xx_it.o(i.BDMA_Channel0_IRQHandler) for BDMA_Channel0_IRQHandler
    startup_stm32h750xx.o(.text) refers to system_stm32h7xx.o(i.SystemInit) for SystemInit
    startup_stm32h750xx.o(.text) refers to entry.o(.ARM.Collect$$$$00000000) for __main
    debug.o(i.debug_get_drop_bytes) refers to debug.o(.data) for .data
    debug.o(i.debug_init) refers to memseta.o(.text) for __aeabi_memclr
    debug.o(i.debug_init) refers to debug.o(.data) for .data
    debug.o(i.debug_init) refers to debug.o(.bss) for .bss
    debug.o(i.debug_poll) refers to stm32h7xx_hal_uart.o(i.HAL_UART_GetState) for HAL_UART_GetState
    debug.o(i.debug_poll) refers to stm32h7xx_hal_uart.o(i.HAL_UART_Transmit_DMA) for HAL_UART_Transmit_DMA
    debug.o(i.debug_poll) refers to debug.o(.data) for .data
    debug.o(i.debug_poll) refers to usart.o(.bss) for hdebug_uart
    debug.o(i.debug_poll) refers to debug.o(.bss) for .bss
    debug.o(i.debug_printf) refers to printfa.o(i.__0vsnprintf) for vsnprintf
    debug.o(i.debug_printf) refers to debug.o(.bss) for .bss
    debug.o(i.debug_printf) refers to debug.o(.data) for .data
    debug.o(i.debug_push_raw) refers to debug.o(.data) for .data
    debug.o(i.debug_push_raw) refers to debug.o(.bss) for .bss
    main.o(i.Calc_DC_Offset_Baseline) refers to memseta.o(.text) for __aeabi_memclr4
    main.o(i.Calc_DC_Offset_Baseline) refers to stm32h7xx_hal.o(i.HAL_Delay) for HAL_Delay
    main.o(i.Calc_DC_Offset_Baseline) refers to stm32h7xx_hal.o(i.HAL_GetTick) for HAL_GetTick
    main.o(i.Calc_DC_Offset_Baseline) refers to main.o(i.check_dma_and_push_frames) for check_dma_and_push_frames
    main.o(i.Calc_DC_Offset_Baseline) refers to uldiv.o(.text) for __aeabi_uldivmod
    main.o(i.Calc_DC_Offset_Baseline) refers to main.o(.data) for .data
    main.o(i.Calc_DC_Offset_Baseline) refers to main.o(.AXI_SRAM) for .AXI_SRAM
    main.o(i.Calc_DC_Offset_Baseline) refers to main.o(.bss) for .bss
    main.o(i.Calc_FFT_Frequency_in_Frame_SingleCh) refers to arm_rfft_fast_f32.o(i.arm_rfft_fast_f32) for arm_rfft_fast_f32
    main.o(i.Calc_FFT_Frequency_in_Frame_SingleCh) refers to main.o(.DTCMRAM) for .DTCMRAM
    main.o(i.Calc_FFT_Frequency_in_Frame_SingleCh) refers to main.o(.bss) for .bss
    main.o(i.Calc_FFT_Frequency_in_Frame_SingleCh) refers to main.o(.data) for .data
    main.o(i.DWT_Init) refers to main.o(.data) for .data
    main.o(i.DWT_Init) refers to system_stm32h7xx.o(.data) for SystemCoreClock
    main.o(i.DWT_RecentCycToUs) refers to uldiv.o(.text) for __aeabi_uldivmod
    main.o(i.DWT_RecentCycToUs) refers to main.o(.data) for .data
    main.o(i.DWT_RecentCycToUs) refers to system_stm32h7xx.o(.data) for SystemCoreClock
    main.o(i.Error_Handler) refers to stm32h7xx_hal_gpio.o(i.HAL_GPIO_WritePin) for HAL_GPIO_WritePin
    main.o(i.Error_Handler) refers to stm32h7xx_hal.o(i.HAL_Delay) for HAL_Delay
    main.o(i.FFT_Benchmark) refers to arm_rfft_fast_init_f32.o(i.arm_rfft_fast_init_f32) for arm_rfft_fast_init_f32
[...]
    LL_ADC_REG_IsTriggerSourceSWStart        0x08005cc9   Thumb Code    16  stm32h7xx_hal_adc.o(i.LL_ADC_REG_IsTriggerSourceSWStart)
    i.LL_ADC_SetChannelSamplingTime          0x08005cd8   Section        0  stm32h7xx_hal_adc.o(i.LL_ADC_SetChannelSamplingTime)
    LL_ADC_SetChannelSamplingTime            0x08005cd9   Thumb Code    30  stm32h7xx_hal_adc.o(i.LL_ADC_SetChannelSamplingTime)
    i.MPU_Config                             0x08005cf6   Section        0  main.o(i.MPU_Config)
    MPU_Config                               0x08005cf7   Thumb Code   268  main.o(i.MPU_Config)
    i.MX_DAC1_Init                           0x08005e04   Section        0  dac.o(i.MX_DAC1_Init)
    i.MX_DEBUG_UART_Init                     0x08005eb4   Section        0  usart.o(i.MX_DEBUG_UART_Init)
    i.MX_GPIO_Init                           0x08005eec   Section        0  gpio.o(i.MX_GPIO_Init)
    i.MX_TIM7_Init                           0x08005fa8   Section        0  dac.o(i.MX_TIM7_Init)
    i.MY_ADC1_Init                           0x08005ff4   Section        0  adc.o(i.MY_ADC1_Init)
    i.MY_ADC2_Init                           0x0800609c   Section        0  adc.o(i.MY_ADC2_Init)
    i.MY_ADC3_Init                           0x08006144   Section        0  adc.o(i.MY_ADC3_Init)
    i.MY_ADC_Start                           0x080061e4   Section        0  adc.o(i.MY_ADC_Start)
    i.MY_ADC_Stop                            0x080062a8   Section        0  adc.o(i.MY_ADC_Stop)
    i.MemManage_Handler                      0x080062c8   Section        0  stm32h7xx_it.o(i.MemManage_Handler)
    i.NMI_Handler                            0x080062ca   Section        0  stm32h7xx_it.o(i.NMI_Handler)
    i.PendSV_Handler                         0x080062cc   Section        0  stm32h7xx_it.o(i.PendSV_Handler)
    i.RCCEx_PLL2_Config                      0x080062d0   Section        0  stm32h7xx_hal_rcc_ex.o(i.RCCEx_PLL2_Config)
    RCCEx_PLL2_Config                        0x080062d1   Thumb Code   284  stm32h7xx_hal_rcc_ex.o(i.RCCEx_PLL2_Config)
    i.RCCEx_PLL3_Config                      0x080063f0   Section        0  stm32h7xx_hal_rcc_ex.o(i.RCCEx_PLL3_Config)
    RCCEx_PLL3_Config                        0x080063f1   Thumb Code   284  stm32h7xx_hal_rcc_ex.o(i.RCCEx_PLL3_Config)
    i.Refine_Peak_SubSample                  0x08006510   Section        0  main.o(i.Refine_Peak_SubSample)
    Refine_Peak_SubSample                    0x08006511   Thumb Code   154  main.o(i.Refine_Peak_SubSample)
    i.SVC_Handler                            0x080065b0   Section        0  stm32h7xx_it.o(i.SVC_Handler)
    i.SysTick_Handler                        0x080065b2   Section        0  stm32h7xx_it.o(i.SysTick_Handler)
    i.SystemClock_Config                     0x080065c0   Section        0  main.o(i.SystemClock_Config)
    i.SystemInit                             0x080066a0   Section        0  system_stm32h7xx.o(i.SystemInit)
    i.TIM_Base_SetConfig                     0x0800673c   Section        0  stm32h7xx_hal_tim.o(i.TIM_Base_SetConfig)
    i.UART7_IRQHandler                       0x08006800   Section        0  stm32h7xx_it.o(i.UART7_IRQHandler)
    i.UART_AdvFeatureConfig                  0x08006802   Section        0  stm32h7xx_hal_uart.o(i.UART_AdvFeatureConfig)
    i.UART_CheckIdleState                    0x080068ca   Section        0  stm32h7xx_hal_uart.o(i.UART_CheckIdleState)
    i.UART_DMAAbortOnError                   0x08006974   Section        0  stm32h7xx_hal_uart.o(i.UART_DMAAbortOnError)
    UART_DMAAbortOnError                     0x08006975   Thumb Code    20  stm32h7xx_hal_uart.o(i.UART_DMAAbortOnError)
    i.UART_DMAError                          0x08006988   Section        0  stm32h7xx_hal_uart.o(i.UART_DMAError)
    UART_DMAError                            0x08006989   Thumb Code    78  stm32h7xx_hal_uart.o(i.UART_DMAError)
    i.UART_DMATransmitCplt                   0x080069d6   Section        0  stm32h7xx_hal_uart.o(i.UART_DMATransmitCplt)
    UART_DMATransmitCplt                     0x080069d7   Thumb Code    64  stm32h7xx_hal_uart.o(i.UART_DMATransmitCplt)
    i.UART_DMATxHalfCplt                     0x08006a16   Section        0  stm32h7xx_hal_uart.o(i.UART_DMATxHalfCplt)
    UART_DMATxHalfCplt                       0x08006a17   Thumb Code    10  stm32h7xx_hal_uart.o(i.UART_DMATxHalfCplt)
    i.UART_EndRxTransfer                     0x08006a20   Section        0  stm32h7xx_hal_uart.o(i.UART_EndRxTransfer)
    UART_EndRxTransfer                       0x08006a21   Thumb Code    78  stm32h7xx_hal_uart.o(i.UART_EndRxTransfer)
    i.UART_EndTxTransfer                     0x08006a74   Section        0  stm32h7xx_hal_uart.o(i.UART_EndTxTransfer)
    UART_EndTxTransfer                       0x08006a75   Thumb Code    46  stm32h7xx_hal_uart.o(i.UART_EndTxTransfer)
    i.UART_SetConfig                         0x08006aa4   Section        0  stm32h7xx_hal_uart.o(i.UART_SetConfig)
    i.UART_WaitOnFlagUntilTimeout            0x08006e50   Section        0  stm32h7xx_hal_uart.o(i.UART_WaitOnFlagUntilTimeout)
    i.USART1_IRQHandler                      0x08006edc   Section        0  stm32h7xx_it.o(i.USART1_IRQHandler)
    i.UsageFault_Handler                     0x08006ee8   Section        0  stm32h7xx_it.o(i.UsageFault_Handler)
    i.__ARM_fpclassifyf                      0x08006eea   Section        0  fpclassifyf.o(i.__ARM_fpclassifyf)
    i.__NVIC_SetPriority                     0x08006f10   Section        0  stm32h7xx_hal_cortex.o(i.__NVIC_SetPriority)
    __NVIC_SetPriority                       0x08006f11   Thumb Code    34  stm32h7xx_hal_cortex.o(i.__NVIC_SetPriority)
    i.__hardfp_cosf                          0x08006f34   Section        0  cosf.o(i.__hardfp_cosf)
    i.__hardfp_sinf                          0x08007084   Section        0  sinf.o(i.__hardfp_sinf)
    i.__mathlib_flt_infnan                   0x08007218   Section        0  funder.o(i.__mathlib_flt_infnan)
    i.__mathlib_flt_invalid                  0x08007220   Section        0  funder.o(i.__mathlib_flt_invalid)
    i.__mathlib_flt_underflow                0x08007230   Section        0  funder.o(i.__mathlib_flt_underflow)
    i.__mathlib_rredf2                       0x08007240   Section        0  rredf.o(i.__mathlib_rredf2)
    i.__scatterload_copy                     0x08007394   Section       14  handlers.o(i.__scatterload_copy)
    i.__scatterload_null                     0x080073a2   Section        2  handlers.o(i.__scatterload_null)
    i.__scatterload_zeroinit                 0x080073a4   Section       14  handlers.o(i.__scatterload_zeroinit)
    i.__set_errno                            0x080073b4   Section        0  errno.o(i.__set_errno)
    i.arm_cfft_f32                           0x080073c0   Section        0  arm_cfft_f32.o(i.arm_cfft_f32)
    i.arm_cfft_radix8by2_f32                 0x0800748c   Section        0  arm_cfft_f32.o(i.arm_cfft_radix8by2_f32)
    i.arm_cfft_radix8by4_f32                 0x08007620   Section        0  arm_cfft_f32.o(i.arm_cfft_radix8by4_f32)
    i.arm_radix8_butterfly_f32               0x08007a7c   Section        0  arm_cfft_radix8_f32.o(i.arm_radix8_butterfly_f32)
    i.arm_rfft_fast_f32                      0x08007f38   Section        0  arm_rfft_fast_f32.o(i.arm_rfft_fast_f32)
    i.arm_rfft_fast_init_f32                 0x08007f7c   Section        0  arm_rfft_fast_init_f32.o(i.arm_rfft_fast_init_f32)
    i.check_dma_and_push_frames              0x080080a4   Section        0  main.o(i.check_dma_and_push_frames)
    check_dma_and_push_frames                0x080080a5   Thumb Code   898  main.o(i.check_dma_and_push_frames)
    i.debug_init                             0x080084a4   Section        0  debug.o(i.debug_init)
    i.diag_snapshot_update                   0x080084c0   Section        0  main.o(i.diag_snapshot_update)
    diag_snapshot_update                     0x080084c1   Thumb Code   464  main.o(i.diag_snapshot_update)
    i.main                                   0x080086c8   Section        0  main.o(i.main)
    i.merge_rfft_f32                         0x08009010   Section        0  arm_rfft_fast_f32.o(i.merge_rfft_f32)
    i.push_frame_from_dma                    0x080090b0   Section        0  main.o(i.push_frame_from_dma)
    push_frame_from_dma                      0x080090b1   Thumb Code   294  main.o(i.push_frame_from_dma)
    i.stage_rfft_f32                         0x080091f0   Section        0  arm_rfft_fast_f32.o(i.stage_rfft_f32)
    i.systick_tx_poll                        0x08009294   Section        0  main.o(i.systick_tx_poll)
    .constdata                               0x08009324   Section        8  stm32h7xx_hal_dma.o(.constdata)
    flagBitshiftOffset                       0x08009324   Data           8  stm32h7xx_hal_dma.o(.constdata)
    .constdata                               0x0800932c   Section       24  stm32h7xx_hal_uart.o(.constdata)
    .constdata                               0x08009344   Section       16  system_stm32h7xx.o(.constdata)
    .constdata                               0x08009354   Section      128  arm_common_tables.o(.constdata)
    .constdata                               0x080093d4   Section      256  arm_common_tables.o(.constdata)
    .constdata                               0x080094d4   Section      512  arm_common_tables.o(.constdata)
    .constdata                               0x080096d4   Section     1024  arm_common_tables.o(.constdata)
    .constdata                               0x08009ad4   Section     2048  arm_common_tables.o(.constdata)
    .constdata                               0x0800a2d4   Section     4096  arm_common_tables.o(.constdata)
    .constdata                               0x0800b2d4   Section     8192  arm_common_tables.o(.constdata)
    .constdata                               0x0800d2d4   Section    16384  arm_common_tables.o(.constdata)
    .constdata                               0x080112d4   Section       40  arm_common_tables.o(.constdata)
    .constdata                               0x080112fc   Section       96  arm_common_tables.o(.constdata)
    .constdata                               0x0801135c   Section      112  arm_common_tables.o(.constdata)
    .constdata                               0x080113cc   Section      416  arm_common_tables.o(.constdata)
    .constdata                               0x0801156c   Section      880  arm_common_tables.o(.constdata)
    .constdata                               0x080118dc   Section      896  arm_common_tables.o(.constdata)
    .constdata                               0x08011c5c   Section     3600  arm_common_tables.o(.constdata)
    .constdata                               0x08012a6c   Section     7616  arm_common_tables.o(.constdata)
    .constdata                               0x0801482c   Section      128  arm_common_tables.o(.constdata)
    .constdata                               0x080148ac   Section      256  arm_common_tables.o(.constdata)
    .constdata                               0x080149ac   Section      512  arm_common_tables.o(.constdata)
    .constdata                               0x08014bac   Section     1024  arm_common_tables.o(.constdata)
    .constdata                               0x08014fac   Section     2048  arm_common_tables.o(.constdata)
    .constdata                               0x080157ac   Section     4096  arm_common_tables.o(.constdata)
    .constdata                               0x080167ac   Section     8192  arm_common_tables.o(.constdata)
    .constdata                               0x080187ac   Section    16384  arm_common_tables.o(.constdata)
    .constdata                               0x0801c7ac   Section       32  rredf.o(.constdata)
    twooverpi                                0x0801c7ac   Data          32  rredf.o(.constdata)
    .AXI_SRAM                                0x24000000   Section    134528  main.o(.AXI_SRAM)
    evt_buf                                  0x24000100   Data          12  main.o(.AXI_SRAM)
    frame_pool                               0x24000120   Data       98816  main.o(.AXI_SRAM)
    tx_ring                                  0x24018320   Data        2400  main.o(.AXI_SRAM)
    trig_queue                               0x24018c80   Data       33024  main.o(.AXI_SRAM)
    .DTCMRAM                                 0x24020d80   Section    25600  main.o(.DTCMRAM)
    bench_in_256                             0x24020d80   Data        1024  main.o(.DTCMRAM)
    bench_in_512                             0x24021180   Data        2048  main.o(.DTCMRAM)
    bench_in_1024                            0x24021980   Data        4096  main.o(.DTCMRAM)
    fft_buf                                  0x24022980   Data        8192  main.o(.DTCMRAM)
    fft_mag                                  0x24024980   Data        2048  main.o(.DTCMRAM)
    fft_in                                   0x24025180   Data        4096  main.o(.DTCMRAM)
    hann_win                                 0x24026180   Data        4096  main.o(.DTCMRAM)
    .data                                    0x24027180   Section        8  debug.o(.data)
    dbg_head                                 0x24027180   Data           2  debug.o(.data)
    dbg_tail                                 0x24027182   Data           2  debug.o(.data)
    dbg_drop_bytes                           0x24027184   Data           4  debug.o(.data)
    .data                                    0x24027188   Section      280  main.o(.data)
    tx_ring_head                             0x24027188   Data           1  main.o(.data)
    tx_ring_tail                             0x24027189   Data           1  main.o(.data)
    frame_w_idx                              0x2402718a   Data           1  main.o(.data)
    frame_r_idx                              0x2402718b   Data           1  main.o(.data)
    trig_q_head                              0x2402718c   Data           1  main.o(.data)
    trig_q_tail                              0x2402718d   Data           1  main.o(.data)
    rfft_inited                              0x24027190   Data           1  main.o(.data)
    fft_tables_ready                         0x24027191   Data           1  main.o(.data)
    iwdg_started                             0x24027192   Data           1  main.o(.data)
    wdg_recovering                           0x24027193   Data           1  main.o(.data)
    cache_refresh_cnt                        0x24027194   Data           2  main.o(.data)
    frame_drop_cnt                           0x24027198   Data           4  main.o(.data)
    total_frame_cnt                          0x24027244   Data           4  main.o(.data)
    half_complete_cnt                        0x24027248   Data           4  main.o(.data)
    full_complete_cnt                        0x2402724c   Data           4  main.o(.data)
    dwt_cyc_per_us                           0x24027258   Data           4  main.o(.data)
    dwt_last_cyc                             0x2402725c   Data           4  main.o(.data)
    diag_tx_poll_st                          0x24027260   Data           4  main.o(.data)
    diag_tx_poll_call_cnt                    0x24027264   Data           4  main.o(.data)
    diag_tx_poll_send_attempt                0x24027268   Data           4  main.o(.data)
    diag_tx_poll_send_ok                     0x2402726c   Data           4  main.o(.data)
    fft_optimized_cyc                        0x24027270   Data           4  main.o(.data)
    fft_last_cyc                             0x24027274   Data           4  main.o(.data)
    test_case_trigger_count                  0x24027278   Data           4  main.o(.data)
    cached_desync_timeout_cyc                0x2402727c   Data           4  main.o(.data)
    wdg_last_tick                            0x24027280   Data           4  main.o(.data)
    wdg_last_half_cnt                        0x24027284   Data           4  main.o(.data)
    wdg_recover_start                        0x24027288   Data           4  main.o(.data)
    last_diag_ms                             0x2402728c   Data           4  main.o(.data)
    dwt_us_base                              0x24027290   Data           8  main.o(.data)
    cached_half_dur_us                       0x24027298   Data           8  main.o(.data)
    .data                                    0x240272a0   Section       32  adc.o(.data)
    .data                                    0x240272c0   Section       20  dac.o(.data)
    sine_table_inited                        0x240272c0   Data           1  dac.o(.data)
    current_sine_amp                         0x240272c2   Data           2  dac.o(.data)
    dac_lfsr                                 0x240272d0   Data           4  dac.o(.data)
    .data                                    0x240272d4   Section       12  stm32h7xx_hal.o(.data)
    .data                                    0x240272e0   Section        8  system_stm32h7xx.o(.data)
    .data                                    0x240272e8   Section        4  errno.o(.data)
    _errno                                   0x240272e8   Data           4  errno.o(.data)
    .bss                                     0x240272ec   Section    16960  debug.o(.bss)
    tmp                                      0x240272ec   Data          64  debug.o(.bss)
    dbg_ring                                 0x2402732c   Data       16384  debug.o(.bss)
    debug_buffer                             0x2402b32c   Data         512  debug.o(.bss)
    .bss                                     0x2402b540   Section    30784  main.o(.bss)
    bench_out_256                            0x2402b558   Data        2048  main.o(.bss)
    bench_out_512                            0x2402bd58   Data        4096  main.o(.bss)
    bench_out_1024                           0x2402cd58   Data        8192  main.o(.bss)
    bench_buf                                0x2402ed58   Data       12288  main.o(.bss)
    rfft_inst                                0x24031d58   Data          24  main.o(.bss)
    tw_cos                                   0x24031d80   Data        2048  main.o(.bss)
    tw_sin                                   0x24032580   Data        2048  main.o(.bss)
    .bss                                     0x24032d80   Section      720  adc.o(.bss)
    .bss                                     0x24033050   Section       12  adc.o(.bss)
    .bss                                     0x2403305c   Section      216  dac.o(.bss)
    .bss                                     0x24033134   Section      564  usart.o(.bss)
    STACK                                    0x24033368   Section     4096  startup_stm32h750xx.o(STACK)
    .ARM.__AT_0x2406E000                     0x2406e000   Section      128  dac.o(.ARM.__AT_0x2406E000)
    dac_sine_table                           0x2406e000   Data         128  dac.o(.ARM.__AT_0x2406E000)
    .ARM.__AT_0x2406E400                     0x2406e400   Section      128  dac.o(.ARM.__AT_0x2406E400)
    dac_pwm_table                            0x2406e400   Data         128  dac.o(.ARM.__AT_0x2406E400)
    .ARM.__AT_0x24070000                     0x24070000   Section     8192  adc.o(.ARM.__AT_0x24070000)
    .ARM.__AT_0x24078000                     0x24078000   Section     8192  adc.o(.ARM.__AT_0x24078000)
    .ARM.__AT_0x38000000                     0x38000000   Section     8192  adc.o(.ARM.__AT_0x38000000)
    .ARM.__AT_0x38002000                     0x38002000   Section      356  main.o(.ARM.__AT_0x38002000)

    Global Symbols

    Symbol Name                              Value     Ov Type        Size  Object(Section)

    BuildAttributes$$THM_ISAv4$E$P$D$K$B$S$7EM$VFPv5_D16$PE$PLD8$A:L22UL41UL21$X:L11$S22US41US21$IEEE1$IW$USESV6$~STKCKD$USESV7$~SHL$OTIME$ROPI$IEEEX$EBA8$MICROLIB$REQ8$PRES8$EABIv2 0x00000000   Number         0  anon$$obj.o ABSOLUTE
    __ARM_use_no_argv                        0x00000000   Number         0  main.o ABSOLUTE
    __cpp_initialize__aeabi_                  - Undefined Weak Reference
    __cxa_finalize                            - Undefined Weak Reference
    _clock_init                               - Undefined Weak Reference
    _microlib_exit                            - Undefined Weak Reference
    __Vectors_Size                           0x00000298   Number         0  startup_stm32h750xx.o ABSOLUTE
    __Vectors                                0x08000000   Data           4  startup_stm32h750xx.o(RESET)
    __Vectors_End                            0x08000298   Data           0  startup_stm32h750xx.o(RESET)
    __main                                   0x08000299   Thumb Code     0  entry.o(.ARM.Collect$$$$00000000)
    _main_stk                                0x08000299   Thumb Code     0  entry2.o(.ARM.Collect$$$$00000001)
    _main_scatterload                        0x0800029d   Thumb Code     0  entry5.o(.ARM.Collect$$$$00000004)
    __main_after_scatterload                 0x080002a1   Thumb Code     0  entry5.o(.ARM.Collect$$$$00000004)
    _main_clock                              0x080002a1   Thumb Code     0  entry7b.o(.ARM.Collect$$$$00000008)
    _main_cpp_init                           0x080002a1   Thumb Code     0  entry8b.o(.ARM.Collect$$$$0000000A)
    _main_init                               0x080002a1   Thumb Code     0  entry9a.o(.ARM.Collect$$$$0000000B)
    __rt_final_cpp                           0x080002a9   Thumb Code     0  entry10a.o(.ARM.Collect$$$$0000000D)
    __rt_final_exit                          0x080002a9   Thumb Code     0  entry11a.o(.ARM.Collect$$$$0000000F)
    Reset_Handler                            0x080002ad   Thumb Code     8  startup_stm32h750xx.o(.text)
    ADC3_IRQHandler                          0x080002c7   Thumb Code     0  startup_stm32h750xx.o(.text)
    ADC_IRQHandler                           0x080002c7   Thumb Code     0  startup_stm32h750xx.o(.text)
    BDMA_Channel1_IRQHandler                 0x080002c7   Thumb Code     0  startup_stm32h750xx.o(.text)
    BDMA_Channel2_IRQHandler                 0x080002c7   Thumb Code     0  startup_stm32h750xx.o(.text)
    BDMA_Channel3_IRQHandler                 0x080002c7   Thumb Code     0  startup_stm32h750xx.o(.text)
    BDMA_Channel4_IRQHandler                 0x080002c7   Thumb Code     0  startup_stm32h750xx.o(.text)
    BDMA_Channel5_IRQHandler                 0x080002c7   Thumb Code     0  startup_stm32h750xx.o(.text)
    BDMA_Channel6_IRQHandler                 0x080002c7   Thumb Code     0  startup_stm32h750xx.o(.text)
    BDMA_Channel7_IRQHandler                 0x080002c7   Thumb Code     0  startup_stm32h750xx.o(.text)
    CEC_IRQHandler                           0x080002c7   Thumb Code     0  startup_stm32h750xx.o(.text)
    COMP1_IRQHandler                         0x080002c7   Thumb Code     0  startup_stm32h750xx.o(.text)
    CRS_IRQHandler                           0x080002c7   Thumb Code     0  startup_stm32h750xx.o(.text)
    CRYP_IRQHandler                          0x080002c7   Thumb Code     0  startup_stm32h750xx.o(.text)
    DCMI_IRQHandler                          0x080002c7   Thumb Code     0  startup_stm32h750xx.o(.text)
    DFSDM1_FLT0_IRQHandler                   0x080002c7   Thumb Code     0  startup_stm32h750xx.o(.text)
    DFSDM1_FLT1_IRQHandler                   0x080002c7   Thumb Code     0  startup_stm32h750xx.o(.text)
    DFSDM1_FLT2_IRQHandler                   0x080002c7   Thumb Code     0  startup_stm32h750xx.o(.text)
    DFSDM1_FLT3_IRQHandler                   0x080002c7   Thumb Code     0  startup_stm32h750xx.o(.text)
    DMA1_Stream1_IRQHandler                  0x080002c7   Thumb Code     0  startup_stm32h750xx.o(.text)
    DMA1_Stream3_IRQHandler                  0x080002c7   Thumb Code     0  startup_stm32h750xx.o(.text)
    DMA1_Stream4_IRQHandler                  0x080002c7   Thumb Code     0  startup_stm32h750xx.o(.text)
    DMA1_Stream5_IRQHandler                  0x080002c7   Thumb Code     0  startup_stm32h750xx.o(.text)
    DMA1_Stream6_IRQHandler                  0x080002c7   Thumb Code     0  startup_stm32h750xx.o(.text)
    DMA1_Stream7_IRQHandler                  0x080002c7   Thumb Code     0  startup_stm32h750xx.o(.text)
    DMA2D_IRQHandler                         0x080002c7   Thumb Code     0  startup_stm32h750xx.o(.text)
    DMA2_Stream2_IRQHandler                  0x080002c7   Thumb Code     0  startup_stm32h750xx.o(.text)
    DMA2_Stream3_IRQHandler                  0x080002c7   Thumb Code     0  startup_stm32h750xx.o(.text)
    DMA2_Stream4_IRQHandler                  0x080002c7   Thumb Code     0  startup_stm32h750xx.o(.text)
    DMA2_Stream5_IRQHandler                  0x080002c7   Thumb Code     0  startup_stm32h750xx.o(.text)
    DMA2_Stream6_IRQHandler                  0x080002c7   Thumb Code     0  startup_stm32h750xx.o(.text)
    DMA2_Stream7_IRQHandler                  0x080002c7   Thumb Code     0  startup_stm32h750xx.o(.text)
    DMAMUX1_OVR_IRQHandler                   0x080002c7   Thumb Code     0  startup_stm32h750xx.o(.text)
    DMAMUX2_OVR_IRQHandler                   0x080002c7   Thumb Code     0  startup_stm32h750xx.o(.text)
    ECC_IRQHandler                           0x080002c7   Thumb Code     0  startup_stm32h750xx.o(.text)
    ETH_IRQHandler                           0x080002c7   Thumb Code     0  startup_stm32h750xx.o(.text)
    ETH_WKUP_IRQHandler                      0x080002c7   Thumb Code     0  startup_stm32h750xx.o(.text)
    EXTI0_IRQHandler                         0x080002c7   Thumb Code     0  startup_stm32h750xx.o(.text)
    EXTI15_10_IRQHandler                     0x080002c7   Thumb Code     0  startup_stm32h750xx.o(.text)
    EXTI1_IRQHandler                         0x080002c7   Thumb Code     0  startup_stm32h750xx.o(.text)
    EXTI2_IRQHandler                         0x080002c7   Thumb Code     0  startup_stm32h750xx.o(.text)
    EXTI3_IRQHandler                         0x080002c7   Thumb Code     0  startup_stm32h750xx.o(.text)
    EXTI4_IRQHandler                         0x080002c7   Thumb Code     0  startup_stm32h750xx.o(.text)
    EXTI9_5_IRQHandler                       0x080002c7   Thumb Code     0  startup_stm32h750xx.o(.text)
    FDCAN1_IT0_IRQHandler                    0x080002c7   Thumb Code     0  startup_stm32h750xx.o(.text)
    FDCAN1_IT1_IRQHandler                    0x080002c7   Thumb Code     0  startup_stm32h750xx.o(.text)
    FDCAN2_IT0_IRQHandler                    0x080002c7   Thumb Code     0  startup_stm32h750xx.o(.text)
    FDCAN2_IT1_IRQHandler                    0x080002c7   Thumb Code     0  startup_stm32h750xx.o(.text)
    FDCAN_CAL_IRQHandler                     0x080002c7   Thumb Code     0  startup_stm32h750xx.o(.text)
    FLASH_IRQHandler                         0x080002c7   Thumb Code     0  startup_stm32h750xx.o(.text)
    FMC_IRQHandler                           0x080002c7   Thumb Code     0  startup_stm32h750xx.o(.text)
    FPU_IRQHandler                           0x080002c7   Thumb Code     0  startup_stm32h750xx.o(.text)
    HASH_RNG_IRQHandler                      0x080002c7   Thumb Code     0  startup_stm32h750xx.o(.text)
    HRTIM1_FLT_IRQHandler                    0x080002c7   Thumb Code     0  startup_stm32h750xx.o(.text)
    HRTIM1_Master_IRQHandler                 0x080002c7   Thumb Code     0  startup_stm32h750xx.o(.text)
    HRTIM1_TIMA_IRQHandler                   0x080002c7   Thumb Code     0  startup_stm32h750xx.o(.text)
    HRTIM1_TIMB_IRQHandler                   0x080002c7   Thumb Code     0  startup_stm32h750xx.o(.text)
    HRTIM1_TIMC_IRQHandler                   0x080002c7   Thumb Code     0  startup_stm32h750xx.o(.text)
    HRTIM1_TIMD_IRQHandler                   0x080002c7   Thumb Code     0  startup_stm32h750xx.o(.text)
    HRTIM1_TIME_IRQHandler                   0x080002c7   Thumb Code     0  startup_stm32h750xx.o(.text)
    HSEM1_IRQHandler                         0x080002c7   Thumb Code     0  startup_stm32h750xx.o(.text)
    I2C1_ER_IRQHandler                       0x080002c7   Thumb Code     0  startup_stm32h750xx.o(.text)
    I2C1_EV_IRQHandler                       0x080002c7   Thumb Code     0  startup_stm32h750xx.o(.text)
    I2C2_ER_IRQHandler                       0x080002c7   Thumb Code     0  startup_stm32h750xx.o(.text)
    I2C2_EV_IRQHandler                       0x080002c7   Thumb Code     0  startup_stm32h750xx.o(.text)
    I2C3_ER_IRQHandler                       0x080002c7   Thumb Code     0  startup_stm32h750xx.o(.text)
    I2C3_EV_IRQHandler                       0x080002c7   Thumb Code     0  startup_stm32h750xx.o(.text)
    I2C4_ER_IRQHandler                       0x080002c7   Thumb Code     0  startup_stm32h750xx.o(.text)
    I2C4_EV_IRQHandler                       0x080002c7   Thumb Code     0  startup_stm32h750xx.o(.text)
    JPEG_IRQHandler                          0x080002c7   Thumb Code     0  startup_stm32h750xx.o(.text)
    LPTIM1_IRQHandler                        0x080002c7   Thumb Code     0  startup_stm32h750xx.o(.text)
    LPTIM2_IRQHandler                        0x080002c7   Thumb Code     0  startup_stm32h750xx.o(.text)
    LPTIM3_IRQHandler                        0x080002c7   Thumb Code     0  startup_stm32h750xx.o(.text)
    LPTIM4_IRQHandler                        0x080002c7   Thumb Code     0  startup_stm32h750xx.o(.text)
    LPTIM5_IRQHandler                        0x080002c7   Thumb Code     0  startup_stm32h750xx.o(.text)
    LPUART1_IRQHandler                       0x080002c7   Thumb Code     0  startup_stm32h750xx.o(.text)
    LTDC_ER_IRQHandler                       0x080002c7   Thumb Code     0  startup_stm32h750xx.o(.text)
    LTDC_IRQHandler                          0x080002c7   Thumb Code     0  startup_stm32h750xx.o(.text)
    MDIOS_IRQHandler                         0x080002c7   Thumb Code     0  startup_stm32h750xx.o(.text)
    MDIOS_WKUP_IRQHandler                    0x080002c7   Thumb Code     0  startup_stm32h750xx.o(.text)
    MDMA_IRQHandler                          0x080002c7   Thumb Code     0  startup_stm32h750xx.o(.text)
    OTG_FS_EP1_IN_IRQHandler                 0x080002c7   Thumb Code     0  startup_stm32h750xx.o(.text)
    OTG_FS_EP1_OUT_IRQHandler                0x080002c7   Thumb Code     0  startup_stm32h750xx.o(.text)
    OTG_FS_IRQHandler                        0x080002c7   Thumb Code     0  startup_stm32h750xx.o(.text)
    OTG_FS_WKUP_IRQHandler                   0x080002c7   Thumb Code     0  startup_stm32h750xx.o(.text)
    OTG_HS_EP1_IN_IRQHandler                 0x080002c7   Thumb Code     0  startup_stm32h750xx.o(.text)
    OTG_HS_EP1_OUT_IRQHandler                0x080002c7   Thumb Code     0  startup_stm32h750xx.o(.text)
    OTG_HS_IRQHandler                        0x080002c7   Thumb Code     0  startup_stm32h750xx.o(.text)
    OTG_HS_WKUP_IRQHandler                   0x080002c7   Thumb Code     0  startup_stm32h750xx.o(.text)
    PVD_AVD_IRQHandler                       0x080002c7   Thumb Code     0  startup_stm32h750xx.o(.text)
    QUADSPI_IRQHandler                       0x080002c7   Thumb Code     0  startup_stm32h750xx.o(.text)
    RCC_IRQHandler                           0x080002c7   Thumb Code     0  startup_stm32h750xx.o(.text)
    RTC_Alarm_IRQHandler                     0x080002c7   Thumb Code     0  startup_stm32h750xx.o(.text)
    RTC_WKUP_IRQHandler                      0x080002c7   Thumb Code     0  startup_stm32h750xx.o(.text)
    SAI1_IRQHandler                          0x080002c7   Thumb Code     0  startup_stm32h750xx.o(.text)
    SAI2_IRQHandler                          0x080002c7   Thumb Code     0  startup_stm32h750xx.o(.text)
    SAI3_IRQHandler                          0x080002c7   Thumb Code     0  startup_stm32h750xx.o(.text)
    SAI4_IRQHandler                          0x080002c7   Thumb Code     0  startup_stm32h750xx.o(.text)
    SDMMC1_IRQHandler                        0x080002c7   Thumb Code     0  startup_stm32h750xx.o(.text)
    SDMMC2_IRQHandler                        0x080002c7   Thumb Code     0  startup_stm32h750xx.o(.text)
    SPDIF_RX_IRQHandler                      0x080002c7   Thumb Code     0  startup_stm32h750xx.o(.text)
    SPI1_IRQHandler                          0x080002c7   Thumb Code     0  startup_stm32h750xx.o(.text)
    SPI2_IRQHandler                          0x080002c7   Thumb Code     0  startup_stm32h750xx.o(.text)
    SPI3_IRQHandler                          0x080002c7   Thumb Code     0  startup_stm32h750xx.o(.text)
    SPI4_IRQHandler                          0x080002c7   Thumb Code     0  startup_stm32h750xx.o(.text)
    SPI5_IRQHandler                          0x080002c7   Thumb Code     0  startup_stm32h750xx.o(.text)
    SPI6_IRQHandler                          0x080002c7   Thumb Code     0  startup_stm32h750xx.o(.text)
    SWPMI1_IRQHandler                        0x080002c7   Thumb Code     0  startup_stm32h750xx.o(.text)
    TAMP_STAMP_IRQHandler                    0x080002c7   Thumb Code     0  startup_stm32h750xx.o(.text)
    TIM15_IRQHandler                         0x080002c7   Thumb Code     0  startup_stm32h750xx.o(.text)
    TIM16_IRQHandler                         0x080002c7   Thumb Code     0  startup_stm32h750xx.o(.text)
    TIM17_IRQHandler                         0x080002c7   Thumb Code     0  startup_stm32h750xx.o(.text)
    TIM1_BRK_IRQHandler                      0x080002c7   Thumb Code     0  startup_stm32h750xx.o(.text)
    TIM1_CC_IRQHandler                       0x080002c7   Thumb Code     0  startup_stm32h750xx.o(.text)
    TIM1_TRG_COM_IRQHandler                  0x080002c7   Thumb Code     0  startup_stm32h750xx.o(.text)
    TIM1_UP_IRQHandler                       0x080002c7   Thumb Code     0  startup_stm32h750xx.o(.text)
    TIM2_IRQHandler                          0x080002c7   Thumb Code     0  startup_stm32h750xx.o(.text)
    TIM3_IRQHandler                          0x080002c7   Thumb Code     0  startup_stm32h750xx.o(.text)
    TIM4_IRQHandler                          0x080002c7   Thumb Code     0  startup_stm32h750xx.o(.text)
    TIM5_IRQHandler                          0x080002c7   Thumb Code     0  startup_stm32h750xx.o(.text)
    TIM6_DAC_IRQHandler                      0x080002c7   Thumb Code     0  startup_stm32h750xx.o(.text)
    TIM7_IRQHandler                          0x080002c7   Thumb Code     0  startup_stm32h750xx.o(.text)
    TIM8_BRK_TIM12_IRQHandler                0x080002c7   Thumb Code     0  startup_stm32h750xx.o(.text)
    TIM8_CC_IRQHandler                       0x080002c7   Thumb Code     0  startup_stm32h750xx.o(.text)
    TIM8_TRG_COM_TIM14_IRQHandler            0x080002c7   Thumb Code     0  startup_stm32h750xx.o(.text)
    TIM8_UP_TIM13_IRQHandler                 0x080002c7   Thumb Code     0  startup_stm32h750xx.o(.text)
    UART4_IRQHandler                         0x080002c7   Thumb Code     0  startup_stm32h750xx.o(.text)
    UART5_IRQHandler                         0x080002c7   Thumb Code     0  startup_stm32h750xx.o(.text)
    UART8_IRQHandler                         0x080002c7   Thumb Code     0  startup_stm32h750xx.o(.text)
    USART2_IRQHandler                        0x080002c7   Thumb Code     0  startup_stm32h750xx.o(.text)
    USART3_IRQHandler                        0x080002c7   Thumb Code     0  startup_stm32h750xx.o(.text)
    USART6_IRQHandler                        0x080002c7   Thumb Code     0  startup_stm32h750xx.o(.text)
    WAKEUP_PIN_IRQHandler                    0x080002c7   Thumb Code     0  startup_stm32h750xx.o(.text)
    WWDG_IRQHandler                          0x080002c7   Thumb Code     0  startup_stm32h750xx.o(.text)
    arm_bitreversal_32                       0x080002d1   Thumb Code   106  arm_bitreversal2.o(.text)
    arm_bitreversal_16                       0x0800033b   Thumb Code    86  arm_bitreversal2.o(.text)
    __aeabi_uldivmod                         0x08000391   Thumb Code    98  uldiv.o(.text)
    __aeabi_memset                           0x080003f3   Thumb Code    14  memseta.o(.text)
    __aeabi_memset4                          0x080003f3   Thumb Code     0  memseta.o(.text)
    __aeabi_memset8                          0x080003f3   Thumb Code     0  memseta.o(.text)
    __aeabi_memclr                           0x08000401   Thumb Code     4  memseta.o(.text)
    __aeabi_memclr4                          0x08000401   Thumb Code     0  memseta.o(.text)
    __aeabi_memclr8                          0x08000401   Thumb Code     0  memseta.o(.text)
    _memset$wrapper                          0x08000405   Thumb Code    18  memseta.o(.text)
    __aeabi_f2ulz                            0x08000417   Thumb Code    44  ffixul.o(.text)
    __aeabi_llsl                             0x08000443   Thumb Code    30  llshl.o(.text)
    _ll_shift_l                              0x08000443   Thumb Code     0  llshl.o(.text)
    __aeabi_llsr                             0x08000461   Thumb Code    32  llushr.o(.text)
    _ll_ushift_r                             0x08000461   Thumb Code     0  llushr.o(.text)
    __I$use$fp                               0x08000481   Thumb Code     0  iusefp.o(.text)
    __scatterload                            0x08000481   Thumb Code    28  init.o(.text)
    __scatterload_rt2                        0x08000481   Thumb Code     0  init.o(.text)
    __decompress                             0x080004a5   Thumb Code     0  __dczerorl2.o(.text)
    __decompress1                            0x080004a5   Thumb Code    86  __dczerorl2.o(.text)
    ADC_ConfigureBoostMode                   0x080004fd   Thumb Code   236  stm32h7xx_hal_adc.o(i.ADC_ConfigureBoostMode)
    ADC_ConversionStop                       0x08000605   Thumb Code   220  stm32h7xx_hal_adc.o(i.ADC_ConversionStop)
    ADC_DMAConvCplt                          0x080006e9   Thumb Code   104  stm32h7xx_hal_adc.o(i.ADC_DMAConvCplt)
    ADC_DMAError                             0x08000751   Thumb Code    26  stm32h7xx_hal_adc.o(i.ADC_DMAError)
    ADC_DMAHalfConvCplt                      0x0800076b   Thumb Code    10  stm32h7xx_hal_adc.o(i.ADC_DMAHalfConvCplt)
    ADC_Disable                              0x08000775   Thumb Code   106  stm32h7xx_hal_adc.o(i.ADC_Disable)
    ADC_Enable                               0x080007e5   Thumb Code   148  stm32h7xx_hal_adc.o(i.ADC_Enable)
    BDMA_Channel0_IRQHandler                 0x0800088d   Thumb Code     6  stm32h7xx_it.o(i.BDMA_Channel0_IRQHandler)
    BusFault_Handler                         0x08000899   Thumb Code     2  stm32h7xx_it.o(i.BusFault_Handler)
    DMA1_Stream0_IRQHandler                  0x08000c75   Thumb Code     2  stm32h7xx_it.o(i.DMA1_Stream0_IRQHandler)
    DMA1_Stream2_IRQHandler                  0x08000c79   Thumb Code     6  stm32h7xx_it.o(i.DMA1_Stream2_IRQHandler)
    DMA2_Stream0_IRQHandler                  0x08000c85   Thumb Code     6  stm32h7xx_it.o(i.DMA2_Stream0_IRQHandler)
    DMA2_Stream1_IRQHandler                  0x08000c91   Thumb Code     6  stm32h7xx_it.o(i.DMA2_Stream1_IRQHandler)
    DebugMon_Handler                         0x080011c9   Thumb Code     2  stm32h7xx_it.o(i.DebugMon_Handler)
    Error_Handler                            0x080011cd   Thumb Code    42  main.o(i.Error_Handler)
    HAL_ADCEx_Calibration_Start              0x0800171d   Thumb Code   146  stm32h7xx_hal_adc_ex.o(i.HAL_ADCEx_Calibration_Start)
    HAL_ADC_ConfigChannel                    0x080017b9   Thumb Code   926  stm32h7xx_hal_adc.o(i.HAL_ADC_ConfigChannel)
    HAL_ADC_ConvCpltCallback                 0x08001b91   Thumb Code    52  adc.o(i.HAL_ADC_ConvCpltCallback)
    HAL_ADC_ConvHalfCpltCallback             0x08001bd9   Thumb Code    52  adc.o(i.HAL_ADC_ConvHalfCpltCallback)
    HAL_ADC_ErrorCallback                    0x08001c21   Thumb Code    88  adc.o(i.HAL_ADC_ErrorCallback)
    HAL_ADC_GetError                         0x08001c89   Thumb Code     4  stm32h7xx_hal_adc.o(i.HAL_ADC_GetError)
    HAL_ADC_Init                             0x08001c8d   Thumb Code   498  stm32h7xx_hal_adc.o(i.HAL_ADC_Init)
    HAL_ADC_MspInit                          0x08001eb5   Thumb Code   598  adc.o(i.HAL_ADC_MspInit)
    HAL_ADC_Start_DMA                        0x08002135   Thumb Code   230  stm32h7xx_hal_adc.o(i.HAL_ADC_Start_DMA)
    HAL_ADC_Stop_DMA                         0x0800223d   Thumb Code   122  stm32h7xx_hal_adc.o(i.HAL_ADC_Stop_DMA)
    HAL_DMA_Abort                            0x080022b9   Thumb Code   836  stm32h7xx_hal_dma.o(i.HAL_DMA_Abort)
    HAL_DMA_Abort_IT                         0x08002619   Thumb Code   602  stm32h7xx_hal_dma.o(i.HAL_DMA_Abort_IT)
    HAL_DMA_GetError                         0x0800289d   Thumb Code     4  stm32h7xx_hal_dma.o(i.HAL_DMA_GetError)
    HAL_DMA_IRQHandler                       0x080028a1   Thumb Code  1756  stm32h7xx_hal_dma.o(i.HAL_DMA_IRQHandler)
    HAL_DMA_Init                             0x08002f89   Thumb Code   926  stm32h7xx_hal_dma.o(i.HAL_DMA_Init)
    HAL_DMA_Start_IT                         0x0800334d   Thumb Code   628  stm32h7xx_hal_dma.o(i.HAL_DMA_Start_IT)
    HAL_Delay                                0x080035e9   Thumb Code    32  stm32h7xx_hal.o(i.HAL_Delay)
    HAL_GPIO_Init                            0x0800360d   Thumb Code   506  stm32h7xx_hal_gpio.o(i.HAL_GPIO_Init)
    HAL_GPIO_TogglePin                       0x08003839   Thumb Code    16  stm32h7xx_hal_gpio.o(i.HAL_GPIO_TogglePin)
    HAL_GPIO_WritePin                        0x08003849   Thumb Code    10  stm32h7xx_hal_gpio.o(i.HAL_GPIO_WritePin)
    HAL_GetREVID                             0x08003855   Thumb Code     8  stm32h7xx_hal.o(i.HAL_GetREVID)
    HAL_GetTick                              0x08003861   Thumb Code     6  stm32h7xx_hal.o(i.HAL_GetTick)
    HAL_IncTick                              0x0800386d   Thumb Code    12  stm32h7xx_hal.o(i.HAL_IncTick)
    HAL_Init                                 0x0800387d   Thumb Code    74  stm32h7xx_hal.o(i.HAL_Init)
    HAL_InitTick                             0x080038d9   Thumb Code    56  stm32h7xx_hal.o(i.HAL_InitTick)
    HAL_MPU_ConfigRegion                     0x08003919   Thumb Code    86  stm32h7xx_hal_cortex.o(i.HAL_MPU_ConfigRegion)
    HAL_MPU_Disable                          0x08003975   Thumb Code    24  stm32h7xx_hal_cortex.o(i.HAL_MPU_Disable)
    HAL_MPU_Enable                           0x08003991   Thumb Code    30  stm32h7xx_hal_cortex.o(i.HAL_MPU_Enable)
    HAL_MspInit                              0x080039b5   Thumb Code    50  stm32h7xx_hal_msp.o(i.HAL_MspInit)
    HAL_NVIC_EnableIRQ                       0x080039ed   Thumb Code    26  stm32h7xx_hal_cortex.o(i.HAL_NVIC_EnableIRQ)
    HAL_NVIC_SetPriority                     0x08003a09   Thumb Code    60  stm32h7xx_hal_cortex.o(i.HAL_NVIC_SetPriority)
    HAL_NVIC_SetPriorityGrouping             0x08003a49   Thumb Code    28  stm32h7xx_hal_cortex.o(i.HAL_NVIC_SetPriorityGrouping)
    HAL_PWREx_ConfigSupply                   0x08003a6d   Thumb Code    78  stm32h7xx_hal_pwr_ex.o(i.HAL_PWREx_ConfigSupply)
    HAL_RCCEx_GetD3PCLK1Freq                 0x08003ac1   Thumb Code    26  stm32h7xx_hal_rcc_ex.o(i.HAL_RCCEx_GetD3PCLK1Freq)
    HAL_RCCEx_GetPLL1ClockFreq               0x08003ae5   Thumb Code   298  stm32h7xx_hal_rcc_ex.o(i.HAL_RCCEx_GetPLL1ClockFreq)
    HAL_RCCEx_GetPLL2ClockFreq               0x08003c2d   Thumb Code   296  stm32h7xx_hal_rcc_ex.o(i.HAL_RCCEx_GetPLL2ClockFreq)
    HAL_RCCEx_GetPLL3ClockFreq               0x08003d71   Thumb Code   296  stm32h7xx_hal_rcc_ex.o(i.HAL_RCCEx_GetPLL3ClockFreq)
    HAL_RCCEx_GetPeriphCLKFreq               0x08003eb5   Thumb Code   692  stm32h7xx_hal_rcc_ex.o(i.HAL_RCCEx_GetPeriphCLKFreq)
    HAL_RCCEx_PeriphCLKConfig                0x0800417d   Thumb Code  2472  stm32h7xx_hal_rcc_ex.o(i.HAL_RCCEx_PeriphCLKConfig)
    HAL_RCC_ClockConfig                      0x08004b29   Thumb Code   580  stm32h7xx_hal_rcc.o(i.HAL_RCC_ClockConfig)
    HAL_RCC_GetHCLKFreq                      0x08004d85   Thumb Code    52  stm32h7xx_hal_rcc.o(i.HAL_RCC_GetHCLKFreq)
    HAL_RCC_GetPCLK1Freq                     0x08004dc9   Thumb Code    26  stm32h7xx_hal_rcc.o(i.HAL_RCC_GetPCLK1Freq)
    HAL_RCC_GetPCLK2Freq                     0x08004ded   Thumb Code    26  stm32h7xx_hal_rcc.o(i.HAL_RCC_GetPCLK2Freq)
    HAL_RCC_GetSysClockFreq                  0x08004e11   Thumb Code   278  stm32h7xx_hal_rcc.o(i.HAL_RCC_GetSysClockFreq)
    HAL_RCC_OscConfig                        0x08004f49   Thumb Code  1410  stm32h7xx_hal_rcc.o(i.HAL_RCC_OscConfig)
    HAL_SYSCFG_DisableVREFBUF                0x080054cd   Thumb Code    12  stm32h7xx_hal.o(i.HAL_SYSCFG_DisableVREFBUF)
    HAL_SYSCFG_VREFBUF_HighImpedanceConfig   0x080054dd   Thumb Code    14  stm32h7xx_hal.o(i.HAL_SYSCFG_VREFBUF_HighImpedanceConfig)
    HAL_SYSTICK_Config                       0x080054f1   Thumb Code    38  stm32h7xx_hal_cortex.o(i.HAL_SYSTICK_Config)
    HAL_TIMEx_MasterConfigSynchronization    0x08005519   Thumb Code   134  stm32h7xx_hal_tim_ex.o(i.HAL_TIMEx_MasterConfigSynchronization)
    HAL_TIM_Base_Init                        0x080055bd   Thumb Code    98  stm32h7xx_hal_tim.o(i.HAL_TIM_Base_Init)
    HAL_TIM_Base_MspInit                     0x08005621   Thumb Code    54  tim.o(i.HAL_TIM_Base_MspInit)
    HAL_UARTEx_RxEventCallback               0x08005665   Thumb Code     2  stm32h7xx_hal_uart.o(i.HAL_UARTEx_RxEventCallback)
    HAL_UARTEx_RxFifoFullCallback            0x08005667   Thumb Code     2  stm32h7xx_hal_uart_ex.o(i.HAL_UARTEx_RxFifoFullCallback)
    HAL_UARTEx_TxFifoEmptyCallback           0x08005669   Thumb Code     2  stm32h7xx_hal_uart_ex.o(i.HAL_UARTEx_TxFifoEmptyCallback)
    HAL_UARTEx_WakeupCallback                0x0800566b   Thumb Code     2  stm32h7xx_hal_uart_ex.o(i.HAL_UARTEx_WakeupCallback)
    HAL_UART_ErrorCallback                   0x0800566d   Thumb Code     2  stm32h7xx_hal_uart.o(i.HAL_UART_ErrorCallback)
    HAL_UART_GetState                        0x0800566f   Thumb Code    14  stm32h7xx_hal_uart.o(i.HAL_UART_GetState)
    HAL_UART_IRQHandler                      0x0800567d   Thumb Code   878  stm32h7xx_hal_uart.o(i.HAL_UART_IRQHandler)
    HAL_UART_Init                            0x08005a05   Thumb Code   106  stm32h7xx_hal_uart.o(i.HAL_UART_Init)
    HAL_UART_MspInit                         0x08005a71   Thumb Code   370  usart.o(i.HAL_UART_MspInit)
    HAL_UART_Transmit_DMA                    0x08005c09   Thumb Code   132  stm32h7xx_hal_uart.o(i.HAL_UART_Transmit_DMA)
    HAL_UART_TxCpltCallback                  0x08005c99   Thumb Code    18  main.o(i.HAL_UART_TxCpltCallback)
    HAL_UART_TxHalfCpltCallback              0x08005cb5   Thumb Code     2  stm32h7xx_hal_uart.o(i.HAL_UART_TxHalfCpltCallback)
    HardFault_Handler                        0x08005cb7   Thumb Code     2  stm32h7xx_it.o(i.HardFault_Handler)
    MX_DAC1_Init                             0x08005e05   Thumb Code   154  dac.o(i.MX_DAC1_Init)
    MX_DEBUG_UART_Init                       0x08005eb5   Thumb Code    48  usart.o(i.MX_DEBUG_UART_Init)
    MX_GPIO_Init                             0x08005eed   Thumb Code   176  gpio.o(i.MX_GPIO_Init)
    MX_TIM7_Init                             0x08005fa9   Thumb Code    62  dac.o(i.MX_TIM7_Init)
    MY_ADC1_Init                             0x08005ff5   Thumb Code   150  adc.o(i.MY_ADC1_Init)
    MY_ADC2_Init                             0x0800609d   Thumb Code   150  adc.o(i.MY_ADC2_Init)
    MY_ADC3_Init                             0x08006145   Thumb Code   148  adc.o(i.MY_ADC3_Init)
    MY_ADC_Start                             0x080061e5   Thumb Code   174  adc.o(i.MY_ADC_Start)
    MY_ADC_Stop                              0x080062a9   Thumb Code    28  adc.o(i.MY_ADC_Stop)
    MemManage_Handler                        0x080062c9   Thumb Code     2  stm32h7xx_it.o(i.MemManage_Handler)
    NMI_Handler                              0x080062cb   Thumb Code     2  stm32h7xx_it.o(i.NMI_Handler)
    PendSV_Handler                           0x080062cd   Thumb Code     2  stm32h7xx_it.o(i.PendSV_Handler)
    SVC_Handler                              0x080065b1   Thumb Code     2  stm32h7xx_it.o(i.SVC_Handler)
    SysTick_Handler                          0x080065b3   Thumb Code    14  stm32h7xx_it.o(i.SysTick_Handler)
    SystemClock_Config                       0x080065c1   Thumb Code   210  main.o(i.SystemClock_Config)
    SystemInit                               0x080066a1   Thumb Code   134  system_stm32h7xx.o(i.SystemInit)
    TIM_Base_SetConfig                       0x0800673d   Thumb Code   162  stm32h7xx_hal_tim.o(i.TIM_Base_SetConfig)
    UART7_IRQHandler                         0x08006801   Thumb Code     2  stm32h7xx_it.o(i.UART7_IRQHandler)
    UART_AdvFeatureConfig                    0x08006803   Thumb Code   200  stm32h7xx_hal_uart.o(i.UART_AdvFeatureConfig)
    UART_CheckIdleState                      0x080068cb   Thumb Code   170  stm32h7xx_hal_uart.o(i.UART_CheckIdleState)
    UART_SetConfig                           0x08006aa5   Thumb Code   876  stm32h7xx_hal_uart.o(i.UART_SetConfig)
    UART_WaitOnFlagUntilTimeout              0x08006e51   Thumb Code   140  stm32h7xx_hal_uart.o(i.UART_WaitOnFlagUntilTimeout)
    USART1_IRQHandler                        0x08006edd   Thumb Code     6  stm32h7xx_it.o(i.USART1_IRQHandler)
    UsageFault_Handler                       0x08006ee9   Thumb Code     2  stm32h7xx_it.o(i.UsageFault_Handler)
    __ARM_fpclassifyf                        0x08006eeb   Thumb Code    38  fpclassifyf.o(i.__ARM_fpclassifyf)
    __hardfp_cosf                            0x08006f35   Thumb Code   276  cosf.o(i.__hardfp_cosf)
    __hardfp_sinf                            0x08007085   Thumb Code   344  sinf.o(i.__hardfp_sinf)
    __mathlib_flt_infnan                     0x08007219   Thumb Code     6  funder.o(i.__mathlib_flt_infnan)
    __mathlib_flt_invalid                    0x08007221   Thumb Code    10  funder.o(i.__mathlib_flt_invalid)
    __mathlib_flt_underflow                  0x08007231   Thumb Code    10  funder.o(i.__mathlib_flt_underflow)
    __mathlib_rredf2                         0x08007241   Thumb Code   316  rredf.o(i.__mathlib_rredf2)
    __scatterload_copy                       0x08007395   Thumb Code    14  handlers.o(i.__scatterload_copy)
    __scatterload_null                       0x080073a3   Thumb Code     2  handlers.o(i.__scatterload_null)
    __scatterload_zeroinit                   0x080073a5   Thumb Code    14  handlers.o(i.__scatterload_zeroinit)
    __set_errno                              0x080073b5   Thumb Code     6  errno.o(i.__set_errno)
    arm_cfft_f32                             0x080073c1   Thumb Code   204  arm_cfft_f32.o(i.arm_cfft_f32)
    arm_cfft_radix8by2_f32                   0x0800748d   Thumb Code   402  arm_cfft_f32.o(i.arm_cfft_radix8by2_f32)
    arm_cfft_radix8by4_f32                   0x08007621   Thumb Code  1114  arm_cfft_f32.o(i.arm_cfft_radix8by4_f32)
    arm_radix8_butterfly_f32                 0x08007a7d   Thumb Code  1212  arm_cfft_radix8_f32.o(i.arm_radix8_butterfly_f32)
    arm_rfft_fast_f32                        0x08007f39   Thumb Code    68  arm_rfft_fast_f32.o(i.arm_rfft_fast_f32)
    arm_rfft_fast_init_f32                   0x08007f7d   Thumb Code   198  arm_rfft_fast_init_f32.o(i.arm_rfft_fast_init_f32)
    debug_init                               0x080084a5   Thumb Code    20  debug.o(i.debug_init)
    main                                     0x080086c9   Thumb Code  2376  main.o(i.main)
    merge_rfft_f32                           0x08009011   Thumb Code   160  arm_rfft_fast_f32.o(i.merge_rfft_f32)
    stage_rfft_f32                           0x080091f1   Thumb Code   164  arm_rfft_fast_f32.o(i.stage_rfft_f32)
    systick_tx_poll                          0x08009295   Thumb Code   126  main.o(i.systick_tx_poll)
    UARTPrescTable                           0x0800932c   Data          24  stm32h7xx_hal_uart.o(.constdata)
    D1CorePrescTable                         0x08009344   Data          16  system_stm32h7xx.o(.constdata)
    twiddleCoef_16                           0x08009354   Data         128  arm_common_tables.o(.constdata)
    twiddleCoef_32                           0x080093d4   Data         256  arm_common_tables.o(.constdata)
    twiddleCoef_64                           0x080094d4   Data         512  arm_common_tables.o(.constdata)
    twiddleCoef_128                          0x080096d4   Data        1024  arm_common_tables.o(.constdata)
    twiddleCoef_256                          0x08009ad4   Data        2048  arm_common_tables.o(.constdata)
    twiddleCoef_512                          0x0800a2d4   Data        4096  arm_common_tables.o(.constdata)
    twiddleCoef_1024                         0x0800b2d4   Data        8192  arm_common_tables.o(.constdata)
    twiddleCoef_2048                         0x0800d2d4   Data       16384  arm_common_tables.o(.constdata)
    armBitRevIndexTable16                    0x080112d4   Data          40  arm_common_tables.o(.constdata)
    armBitRevIndexTable32                    0x080112fc   Data          96  arm_common_tables.o(.constdata)
    armBitRevIndexTable64                    0x0801135c   Data         112  arm_common_tables.o(.constdata)
    armBitRevIndexTable128                   0x080113cc   Data         416  arm_common_tables.o(.constdata)
    armBitRevIndexTable256                   0x0801156c   Data         880  arm_common_tables.o(.constdata)
    armBitRevIndexTable512                   0x080118dc   Data         896  arm_common_tables.o(.constdata)
    armBitRevIndexTable1024                  0x08011c5c   Data        3600  arm_common_tables.o(.constdata)
    armBitRevIndexTable2048                  0x08012a6c   Data        7616  arm_common_tables.o(.constdata)
    twiddleCoef_rfft_32                      0x0801482c   Data         128  arm_common_tables.o(.constdata)
    twiddleCoef_rfft_64                      0x080148ac   Data         256  arm_common_tables.o(.constdata)
    twiddleCoef_rfft_128                     0x080149ac   Data         512  arm_common_tables.o(.constdata)
    twiddleCoef_rfft_256                     0x08014bac   Data        1024  arm_common_tables.o(.constdata)
    twiddleCoef_rfft_512                     0x08014fac   Data        2048  arm_common_tables.o(.constdata)
    twiddleCoef_rfft_1024                    0x080157ac   Data        4096  arm_common_tables.o(.constdata)
    twiddleCoef_rfft_2048                    0x080167ac   Data        8192  arm_common_tables.o(.constdata)
    twiddleCoef_rfft_4096                    0x080187ac   Data       16384  arm_common_tables.o(.constdata)
    Region$$Table$$Base                      0x0801c7cc   Number         0  anon$$obj.o(Region$$Table)
    Region$$Table$$Limit                     0x0801c7ec   Number         0  anon$$obj.o(Region$$Table)
    diag_uart_q_drop_cnt                     0x24000000   Data           4  main.o(.AXI_SRAM)
    diag_uart_q_push_cnt                     0x24000004   Data           4  main.o(.AXI_SRAM)
    diag_uart_q_send_cnt                     0x24000008   Data           4  main.o(.AXI_SRAM)
    diag_last_noise_pp                       0x2400000c   Data          24  main.o(.AXI_SRAM)
    diag_last_thr                            0x24000024   Data          24  main.o(.AXI_SRAM)
    diag_last_max_dev                        0x2400003c   Data          24  main.o(.AXI_SRAM)
    diag_burst_max_dev                       0x24000054   Data          24  main.o(.AXI_SRAM)
    diag_evt_count_ch                        0x2400006c   Data          24  main.o(.AXI_SRAM)
    diag_evt_last_time_lo                    0x24000084   Data          24  main.o(.AXI_SRAM)
    diag_evt_last_time_hi                    0x2400009c   Data          24  main.o(.AXI_SRAM)
    diag_evt_last_freq                       0x240000b4   Data          24  main.o(.AXI_SRAM)
    diag_ch_last_fft_freq                    0x240000cc   Data          24  main.o(.AXI_SRAM)
    diag_fft_snapshot_ch                     0x2402718e   Data           1  main.o(.data)
    diag_stress_cur_idx                      0x2402718f   Data           1  main.o(.data)
    diag_loop_cnt                            0x2402719c   Data           4  main.o(.data)
    diag_frame_seen_cnt                      0x240271a0   Data           4  main.o(.data)
    diag_frame_gate_drop_cnt                 0x240271a4   Data           4  main.o(.data)
    diag_prescan_hit_cnt                     0x240271a8   Data           4  main.o(.data)
    diag_fft_try_cnt                         0x240271ac   Data           4  main.o(.data)
    diag_uart_evt_cnt                        0x240271b0   Data           4  main.o(.data)
    diag_last_n_trig                         0x240271b4   Data           4  main.o(.data)
    diag_last_state                          0x240271b8   Data           4  main.o(.data)
    diag_uart_hal_ok_cnt                     0x240271bc   Data           4  main.o(.data)
    diag_uart_hal_fail_cnt                   0x240271c0   Data           4  main.o(.data)
    diag_trig_q_drop_cnt                     0x240271c4   Data           4  main.o(.data)
    diag_external_event_candidate_cnt        0x240271c8   Data           4  main.o(.data)
    diag_external_dedup_skip_cnt             0x240271cc   Data           4  main.o(.data)
    diag_external_noise_filter_cnt           0x240271d0   Data           4  main.o(.data)
    diag_external_freq_filter_cnt            0x240271d4   Data           4  main.o(.data)
    diag_last_selected_mask                  0x240271d8   Data           4  main.o(.data)
    diag_last_filtered_mask                  0x240271dc   Data           4  main.o(.data)
    diag_locked_input_mask                   0x240271e0   Data           4  main.o(.data)
    diag_fft_max_bin                         0x240271e4   Data           4  main.o(.data)
    diag_fft_max_mag                         0x240271e8   Data           4  main.o(.data)
    diag_fft_avg_mag                         0x240271ec   Data           4  main.o(.data)
    diag_fft_used_fs                         0x240271f0   Data           4  main.o(.data)
    diag_time_base_lo                        0x240271f4   Data           4  main.o(.data)
    diag_time_base_hi                        0x240271f8   Data           4  main.o(.data)
    diag_dwt_baseline                        0x240271fc   Data           4  main.o(.data)
    diag_systick_base                        0x24027200   Data           4  main.o(.data)
    diag_sysclk_hz                           0x24027204   Data           4  main.o(.data)
    diag_adc1_smpr                           0x24027208   Data           4  main.o(.data)
    diag_adc2_smpr                           0x2402720c   Data           4  main.o(.data)
    diag_adc3_smpr                           0x24027210   Data           4  main.o(.data)
    diag_adc1_cfgr                           0x24027214   Data           4  main.o(.data)
    diag_adc2_cfgr                           0x24027218   Data           4  main.o(.data)
    diag_dma2_ndtr                           0x2402721c   Data           4  main.o(.data)
    diag_dma1_ndtr                           0x24027220   Data           4  main.o(.data)
    diag_frame_process_cyc                   0x24027224   Data           4  main.o(.data)
    diag_frame_process_max                   0x24027228   Data           4  main.o(.data)
    diag_frame_interval_cyc                  0x2402722c   Data           4  main.o(.data)
    diag_idle_ratio                          0x24027230   Data           4  main.o(.data)
    diag_last_frame_cyc                      0x24027234   Data           4  main.o(.data)
    diag_adc_desync_cnt                      0x24027238   Data           4  main.o(.data)
    diag_adc_desync_mask                     0x2402723c   Data           4  main.o(.data)
    diag_stress_burst_total                  0x24027240   Data           4  main.o(.data)
    ch_dc_offset_valid                       0x24027250   Data           4  main.o(.data)
    adc_fs_hz                                0x24027254   Data           4  main.o(.data)
    adc1_dma_half                            0x240272a0   Data           1  adc.o(.data)
    adc1_dma_full                            0x240272a1   Data           1  adc.o(.data)
    adc2_dma_half                            0x240272a2   Data           1  adc.o(.data)
    adc2_dma_full                            0x240272a3   Data           1  adc.o(.data)
    adc3_dma_half                            0x240272a4   Data           1  adc.o(.data)
    adc3_dma_full                            0x240272a5   Data           1  adc.o(.data)
    adc1_dma_half_cyc                        0x240272a8   Data           4  adc.o(.data)
    adc1_dma_full_cyc                        0x240272ac   Data           4  adc.o(.data)
    adc2_dma_half_cyc                        0x240272b0   Data           4  adc.o(.data)
    adc2_dma_full_cyc                        0x240272b4   Data           4  adc.o(.data)
    adc3_dma_half_cyc                        0x240272b8   Data           4  adc.o(.data)
    adc3_dma_full_cyc                        0x240272bc   Data           4  adc.o(.data)
    dac_diag_tim_clk_hz                      0x240272c4   Data           4  dac.o(.data)
    dac_diag_arr                             0x240272c8   Data           4  dac.o(.data)
    dac_diag_actual_freq_hz                  0x240272cc   Data           4  dac.o(.data)
    uwTickFreq                               0x240272d4   Data           1  stm32h7xx_hal.o(.data)
    uwTickPrio                               0x240272d8   Data           4  stm32h7xx_hal.o(.data)
    uwTick                                   0x240272dc   Data           4  stm32h7xx_hal.o(.data)
    SystemCoreClock                          0x240272e0   Data           4  system_stm32h7xx.o(.data)
    SystemD2Clock                            0x240272e4   Data           4  system_stm32h7xx.o(.data)
    ch_dc_offset                             0x2402b540   Data          24  main.o(.bss)
    adc_start_status                         0x24032d80   Data          12  adc.o(.bss)
    adc_error_status                         0x24032d8c   Data          12  adc.o(.bss)
    dma_error_status                         0x24032d98   Data          12  adc.o(.bss)
    diag_adc_err_cnt                         0x24032da4   Data          12  adc.o(.bss)
    diag_adc_err_code                        0x24032db0   Data          12  adc.o(.bss)
    hadc1                                    0x24032dbc   Data         100  adc.o(.bss)
    hadc2                                    0x24032e20   Data         100  adc.o(.bss)
    hadc3                                    0x24032e84   Data         100  adc.o(.bss)
    hdma_adc1                                0x24032ee8   Data         120  adc.o(.bss)
    hdma_adc2                                0x24032f60   Data         120  adc.o(.bss)
    hdma_adc3                                0x24032fd8   Data         120  adc.o(.bss)
    diag_adc_err_recover_cnt                 0x24033050   Data          12  adc.o(.bss)
    htim7                                    0x2403305c   Data          76  dac.o(.bss)
    hdac1                                    0x240330a8   Data          20  dac.o(.bss)
    hdma_dac1_ch2                            0x240330bc   Data         120  dac.o(.bss)
    hdebug_uart                              0x24033134   Data         148  usart.o(.bss)
    hrs485_uart                              0x240331c8   Data         148  usart.o(.bss)
    hlog_uart                                0x2403325c   Data         148  usart.o(.bss)
    hdma_uart1_tx                            0x240332f0   Data         120  usart.o(.bss)
    __initial_sp                             0x24034368   Data           0  startup_stm32h750xx.o(STACK)
    adc1_buf                                 0x24070000   Data        8192  adc.o(.ARM.__AT_0x24070000)
    adc2_buf                                 0x24078000   Data        8192  adc.o(.ARM.__AT_0x24078000)
    adc3_buf                                 0x38000000   Data        8192  adc.o(.ARM.__AT_0x38000000)
    diag_snapshot                            0x38002000   Data         356  main.o(.ARM.__AT_0x38002000)



==============================================================================

Memory Map of the image

  Image Entry point : 0x08000299

  Load Region LR_IROM1 (Base: 0x08000000, Size: 0x00043ad8, Max: 0x00020000, ABSOLUTE, COMPRESSED[0x0001ccf4])

    Execution Region ER_IROM1 (Base: 0x08000000, Size: 0x0001c7ec, Max: 0x00020000, ABSOLUTE)

    Base Addr    Size         Type   Attr      Idx    E Section Name        Object

    0x08000000   0x00000298   Data   RO            3    RESET               startup_stm32h750xx.o
    0x08000298   0x00000000   Code   RO         5047  * .ARM.Collect$$$$00000000  mc_w.l(entry.o)
    0x08000298   0x00000004   Code   RO         5103    .ARM.Collect$$$$00000001  mc_w.l(entry2.o)
    0x0800029c   0x00000004   Code   RO         5106    .ARM.Collect$$$$00000004  mc_w.l(entry5.o)
    0x080002a0   0x00000000   Code   RO         5108    .ARM.Collect$$$$00000008  mc_w.l(entry7b.o)
    0x080002a0   0x00000000   Code   RO         5110    .ARM.Collect$$$$0000000A  mc_w.l(entry8b.o)
    0x080002a0   0x00000008   Code   RO         5111    .ARM.Collect$$$$0000000B  mc_w.l(entry9a.o)
    0x080002a8   0x00000000   Code   RO         5113    .ARM.Collect$$$$0000000D  mc_w.l(entry10a.o)
    0x080002a8   0x00000000   Code   RO         5115    .ARM.Collect$$$$0000000F  mc_w.l(entry11a.o)
    0x080002a8   0x00000004   Code   RO         5104    .ARM.Collect$$$$00002712  mc_w.l(entry2.o)
    0x080002ac   0x00000024   Code   RO            4    .text               startup_stm32h750xx.o
    0x080002d0   0x000000c0   Code   RO         4820    .text               arm_bitreversal2.o
    0x08000390   0x00000062   Code   RO         5050    .text               mc_w.l(uldiv.o)
    0x080003f2   0x00000024   Code   RO         5052    .text               mc_w.l(memseta.o)
    0x08000416   0x0000002c   Code   RO         5082    .text               mf_w.l(ffixul.o)
    0x08000442   0x0000001e   Code   RO         5120    .text               mc_w.l(llshl.o)
    0x08000460   0x00000020   Code   RO         5122    .text               mc_w.l(llushr.o)
    0x08000480   0x00000000   Code   RO         5131    .text               mc_w.l(iusefp.o)
    0x08000480   0x00000024   Code   RO         5142    .text               mc_w.l(init.o)
    0x080004a4   0x00000056   Code   RO         5156    .text               mc_w.l(__dczerorl2.o)
    0x080004fa   0x00000002   PAD
    0x080004fc   0x00000108   Code   RO          948    i.ADC_ConfigureBoostMode  stm32h7xx_hal_adc.o
    0x08000604   0x000000e4   Code   RO          949    i.ADC_ConversionStop  stm32h7xx_hal_adc.o
    0x080006e8   0x00000068   Code   RO          950    i.ADC_DMAConvCplt   stm32h7xx_hal_adc.o
    0x08000750   0x0000001a   Code   RO          951    i.ADC_DMAError      stm32h7xx_hal_adc.o
    0x0800076a   0x0000000a   Code   RO          952    i.ADC_DMAHalfConvCplt  stm32h7xx_hal_adc.o
    0x08000774   0x00000070   Code   RO          953    i.ADC_Disable       stm32h7xx_hal_adc.o
    0x080007e4   0x000000a8   Code   RO          954    i.ADC_Enable        stm32h7xx_hal_adc.o
    0x0800088c   0x0000000c   Code   RO          593    i.BDMA_Channel0_IRQHandler  stm32h7xx_it.o
    0x08000898   0x00000002   Code   RO          594    i.BusFault_Handler  stm32h7xx_it.o
    0x0800089a   0x00000002   PAD
    0x0800089c   0x00000088   Code   RO          205    i.CPU_CACHE_Enable  main.o
    0x08000924   0x00000110   Code   RO          206    i.Calc_DC_Offset_Baseline  main.o
    0x08000a34   0x00000240   Code   RO          207    i.Calc_FFT_Frequency_in_Frame_SingleCh  main.o
    0x08000c74   0x00000002   Code   RO          595    i.DMA1_Stream0_IRQHandler  stm32h7xx_it.o
    0x08000c76   0x00000002   PAD
    0x08000c78   0x0000000c   Code   RO          596    i.DMA1_Stream2_IRQHandler  stm32h7xx_it.o
    0x08000c84   0x0000000c   Code   RO          597    i.DMA2_Stream0_IRQHandler  stm32h7xx_it.o
    0x08000c90   0x0000000c   Code   RO          598    i.DMA2_Stream1_IRQHandler  stm32h7xx_it.o
    0x08000c9c   0x000000b4   Code   RO         2019    i.DMA_CalcBaseAndBitshift  stm32h7xx_hal_dma.o
    0x08000d50   0x0000009c   Code   RO         2020    i.DMA_CalcDMAMUXChannelBaseAndMask  stm32h7xx_hal_dma.o
    0x08000dec   0x00000074   Code   RO         2021    i.DMA_CalcDMAMUXRequestGenBaseAndMask  stm32h7xx_hal_dma.o
    0x08000e60   0x00000054   Code   RO         2022    i.DMA_CheckFifoParam  stm32h7xx_hal_dma.o
    0x08000eb4   0x00000220   Code   RO         2023    i.DMA_SetConfig     stm32h7xx_hal_dma.o
    0x080010d4   0x00000070   Code   RO          208    i.DWT_Init          main.o
    0x08001144   0x00000084   Code   RO          209    i.DWT_RecentCycToUs  main.o
    0x080011c8   0x00000002   Code   RO          599    i.DebugMon_Handler  stm32h7xx_it.o
    0x080011ca   0x00000002   PAD
    0x080011cc   0x00000030   Code   RO          210    i.Error_Handler     main.o
    0x080011fc   0x000002b8   Code   RO          211    i.FFT_Benchmark     main.o
    0x080014b4   0x000000b8   Code   RO          212    i.FFT_Tables_Init   main.o
    0x0800156c   0x000000a0   Code   RO          213    i.Fill_ChannelStartTimes  main.o
    0x0800160c   0x000000f6   Code   RO          214    i.Find_FirstPeak_in_Frame  main.o
    0x08001702   0x00000018   Code   RO          215    i.FrameStartFromEndUs  main.o
    0x0800171a   0x00000002   PAD
    0x0800171c   0x0000009c   Code   RO         1170    i.HAL_ADCEx_Calibration_Start  stm32h7xx_hal_adc_ex.o
    0x080017b8   0x000003d8   Code   RO          956    i.HAL_ADC_ConfigChannel  stm32h7xx_hal_adc.o
    0x08001b90   0x00000048   Code   RO          437    i.HAL_ADC_ConvCpltCallback  adc.o
    0x08001bd8   0x00000048   Code   RO          438    i.HAL_ADC_ConvHalfCpltCallback  adc.o
    0x08001c20   0x00000068   Code   RO          439    i.HAL_ADC_ErrorCallback  adc.o
    0x08001c88   0x00000004   Code   RO          961    i.HAL_ADC_GetError  stm32h7xx_hal_adc.o
    0x08001c8c   0x00000228   Code   RO          965    i.HAL_ADC_Init      stm32h7xx_hal_adc.o
    0x08001eb4   0x00000280   Code   RO          441    i.HAL_ADC_MspInit   adc.o
    0x08002134   0x00000108   Code   RO          972    i.HAL_ADC_Start_DMA  stm32h7xx_hal_adc.o
    0x0800223c   0x0000007a   Code   RO          975    i.HAL_ADC_Stop_DMA  stm32h7xx_hal_adc.o
    0x080022b6   0x00000002   PAD
    0x080022b8   0x00000360   Code   RO         2024    i.HAL_DMA_Abort     stm32h7xx_hal_dma.o
    0x08002618   0x00000284   Code   RO         2025    i.HAL_DMA_Abort_IT  stm32h7xx_hal_dma.o
    0x0800289c   0x00000004   Code   RO         2027    i.HAL_DMA_GetError  stm32h7xx_hal_dma.o
    0x080028a0   0x000006e8   Code   RO         2029    i.HAL_DMA_IRQHandler  stm32h7xx_hal_dma.o
    0x08002f88   0x000003c4   Code   RO         2030    i.HAL_DMA_Init      stm32h7xx_hal_dma.o
    0x0800334c   0x0000029c   Code   RO         2034    i.HAL_DMA_Start_IT  stm32h7xx_hal_dma.o
    0x080035e8   0x00000024   Code   RO         2750    i.HAL_Delay         stm32h7xx_hal.o
    0x0800360c   0x0000022c   Code   RO         1872    i.HAL_GPIO_Init     stm32h7xx_hal_gpio.o
    0x08003838   0x00000010   Code   RO         1875    i.HAL_GPIO_TogglePin  stm32h7xx_hal_gpio.o
    0x08003848   0x0000000a   Code   RO         1876    i.HAL_GPIO_WritePin  stm32h7xx_hal_gpio.o
    0x08003852   0x00000002   PAD
    0x08003854   0x0000000c   Code   RO         2761    i.HAL_GetREVID      stm32h7xx_hal.o
    0x08003860   0x0000000c   Code   RO         2762    i.HAL_GetTick       stm32h7xx_hal.o
    0x0800386c   0x00000010   Code   RO         2768    i.HAL_IncTick       stm32h7xx_hal.o
    0x0800387c   0x0000005c   Code   RO         2769    i.HAL_Init          stm32h7xx_hal.o
    0x080038d8   0x00000040   Code   RO         2770    i.HAL_InitTick      stm32h7xx_hal.o
    0x08003918   0x0000005c   Code   RO         2603    i.HAL_MPU_ConfigRegion  stm32h7xx_hal_cortex.o
    0x08003974   0x0000001c   Code   RO         2604    i.HAL_MPU_Disable   stm32h7xx_hal_cortex.o
    0x08003990   0x00000024   Code   RO         2605    i.HAL_MPU_Enable    stm32h7xx_hal_cortex.o
    0x080039b4   0x00000038   Code   RO          710    i.HAL_MspInit       stm32h7xx_hal_msp.o
    0x080039ec   0x0000001a   Code   RO         2608    i.HAL_NVIC_EnableIRQ  stm32h7xx_hal_cortex.o
    0x08003a06   0x00000002   PAD
    0x08003a08   0x00000040   Code   RO         2614    i.HAL_NVIC_SetPriority  stm32h7xx_hal_cortex.o
    0x08003a48   0x00000024   Code   RO         2615    i.HAL_NVIC_SetPriorityGrouping  stm32h7xx_hal_cortex.o
    0x08003a6c   0x00000054   Code   RO         2349    i.HAL_PWREx_ConfigSupply  stm32h7xx_hal_pwr_ex.o
    0x08003ac0   0x00000024   Code   RO         1515    i.HAL_RCCEx_GetD3PCLK1Freq  stm32h7xx_hal_rcc_ex.o
    0x08003ae4   0x00000148   Code   RO         1516    i.HAL_RCCEx_GetPLL1ClockFreq  stm32h7xx_hal_rcc_ex.o
    0x08003c2c   0x00000144   Code   RO         1517    i.HAL_RCCEx_GetPLL2ClockFreq  stm32h7xx_hal_rcc_ex.o
    0x08003d70   0x00000144   Code   RO         1518    i.HAL_RCCEx_GetPLL3ClockFreq  stm32h7xx_hal_rcc_ex.o
    0x08003eb4   0x000002c8   Code   RO         1520    i.HAL_RCCEx_GetPeriphCLKFreq  stm32h7xx_hal_rcc_ex.o
    0x0800417c   0x000009ac   Code   RO         1524    i.HAL_RCCEx_PeriphCLKConfig  stm32h7xx_hal_rcc_ex.o
    0x08004b28   0x0000025c   Code   RO         1400    i.HAL_RCC_ClockConfig  stm32h7xx_hal_rcc.o
    0x08004d84   0x00000044   Code   RO         1405    i.HAL_RCC_GetHCLKFreq  stm32h7xx_hal_rcc.o
    0x08004dc8   0x00000024   Code   RO         1407    i.HAL_RCC_GetPCLK1Freq  stm32h7xx_hal_rcc.o
    0x08004dec   0x00000024   Code   RO         1408    i.HAL_RCC_GetPCLK2Freq  stm32h7xx_hal_rcc.o
    0x08004e10   0x00000138   Code   RO         1409    i.HAL_RCC_GetSysClockFreq  stm32h7xx_hal_rcc.o
    0x08004f48   0x00000582   Code   RO         1412    i.HAL_RCC_OscConfig  stm32h7xx_hal_rcc.o
    0x080054ca   0x00000002   PAD
    0x080054cc   0x00000010   Code   RO         2780    i.HAL_SYSCFG_DisableVREFBUF  stm32h7xx_hal.o
    0x080054dc   0x00000014   Code   RO         2785    i.HAL_SYSCFG_VREFBUF_HighImpedanceConfig  stm32h7xx_hal.o
    0x080054f0   0x00000026   Code   RO         2619    i.HAL_SYSTICK_Config  stm32h7xx_hal_cortex.o
    0x08005516   0x00000002   PAD
    0x08005518   0x000000a4   Code   RO         3913    i.HAL_TIMEx_MasterConfigSynchronization  stm32h7xx_hal_tim_ex.o
    0x080055bc   0x00000062   Code   RO         3177    i.HAL_TIM_Base_Init  stm32h7xx_hal_tim.o
    0x0800561e   0x00000002   PAD
    0x08005620   0x00000044   Code   RO          527    i.HAL_TIM_Base_MspInit  tim.o
    0x08005664   0x00000002   Code   RO         4191    i.HAL_UARTEx_RxEventCallback  stm32h7xx_hal_uart.o
    0x08005666   0x00000002   Code   RO         4610    i.HAL_UARTEx_RxFifoFullCallback  stm32h7xx_hal_uart_ex.o
    0x08005668   0x00000002   Code   RO         4614    i.HAL_UARTEx_TxFifoEmptyCallback  stm32h7xx_hal_uart_ex.o
    0x0800566a   0x00000002   Code   RO         4615    i.HAL_UARTEx_WakeupCallback  stm32h7xx_hal_uart_ex.o
    0x0800566c   0x00000002   Code   RO         4207    i.HAL_UART_ErrorCallback  stm32h7xx_hal_uart.o
    0x0800566e   0x0000000e   Code   RO         4209    i.HAL_UART_GetState  stm32h7xx_hal_uart.o
    0x0800567c   0x00000388   Code   RO         4210    i.HAL_UART_IRQHandler  stm32h7xx_hal_uart.o
    0x08005a04   0x0000006a   Code   RO         4211    i.HAL_UART_Init     stm32h7xx_hal_uart.o
    0x08005a6e   0x00000002   PAD
    0x08005a70   0x00000198   Code   RO          879    i.HAL_UART_MspInit  usart.o
    0x08005c08   0x00000090   Code   RO         4221    i.HAL_UART_Transmit_DMA  stm32h7xx_hal_uart.o
    0x08005c98   0x0000001c   Code   RO          216    i.HAL_UART_TxCpltCallback  main.o
    0x08005cb4   0x00000002   Code   RO         4224    i.HAL_UART_TxHalfCpltCallback  stm32h7xx_hal_uart.o
    0x08005cb6   0x00000002   Code   RO          600    i.HardFault_Handler  stm32h7xx_it.o
    0x08005cb8   0x00000008   Code   RO          977    i.LL_ADC_INJ_IsConversionOngoing  stm32h7xx_hal_adc.o
    0x08005cc0   0x00000008   Code   RO          978    i.LL_ADC_REG_IsConversionOngoing  stm32h7xx_hal_adc.o
    0x08005cc8   0x00000010   Code   RO          979    i.LL_ADC_REG_IsTriggerSourceSWStart  stm32h7xx_hal_adc.o
    0x08005cd8   0x0000001e   Code   RO          981    i.LL_ADC_SetChannelSamplingTime  stm32h7xx_hal_adc.o
    0x08005cf6   0x0000010c   Code   RO          217    i.MPU_Config        main.o
    0x08005e02   0x00000002   PAD
    0x08005e04   0x000000b0   Code   RO          748    i.MX_DAC1_Init      dac.o
    0x08005eb4   0x00000038   Code   RO          880    i.MX_DEBUG_UART_Init  usart.o
    0x08005eec   0x000000bc   Code   RO          413    i.MX_GPIO_Init      gpio.o
    0x08005fa8   0x0000004c   Code   RO          749    i.MX_TIM7_Init      dac.o
    0x08005ff4   0x000000a8   Code   RO          442    i.MY_ADC1_Init      adc.o
    0x0800609c   0x000000a8   Code   RO          443    i.MY_ADC2_Init      adc.o
    0x08006144   0x000000a0   Code   RO          444    i.MY_ADC3_Init      adc.o
    0x080061e4   0x000000c4   Code   RO          445    i.MY_ADC_Start      adc.o
    0x080062a8   0x00000020   Code   RO          446    i.MY_ADC_Stop       adc.o
    0x080062c8   0x00000002   Code   RO          601    i.MemManage_Handler  stm32h7xx_it.o
    0x080062ca   0x00000002   Code   RO          602    i.NMI_Handler       stm32h7xx_it.o
    0x080062cc   0x00000002   Code   RO          603    i.PendSV_Handler    stm32h7xx_it.o
    0x080062ce   0x00000002   PAD
    0x080062d0   0x00000120   Code   RO         1527    i.RCCEx_PLL2_Config  stm32h7xx_hal_rcc_ex.o
    0x080063f0   0x00000120   Code   RO         1528    i.RCCEx_PLL3_Config  stm32h7xx_hal_rcc_ex.o
    0x08006510   0x000000a0   Code   RO          218    i.Refine_Peak_SubSample  main.o
    0x080065b0   0x00000002   Code   RO          604    i.SVC_Handler       stm32h7xx_it.o
    0x080065b2   0x0000000e   Code   RO          605    i.SysTick_Handler   stm32h7xx_it.o
    0x080065c0   0x000000e0   Code   RO          219    i.SystemClock_Config  main.o
    0x080066a0   0x0000009c   Code   RO         4721    i.SystemInit        system_stm32h7xx.o
    0x0800673c   0x000000c4   Code   RO         3270    i.TIM_Base_SetConfig  stm32h7xx_hal_tim.o
    0x08006800   0x00000002   Code   RO          606    i.UART7_IRQHandler  stm32h7xx_it.o
    0x08006802   0x000000c8   Code   RO         4225    i.UART_AdvFeatureConfig  stm32h7xx_hal_uart.o
    0x080068ca   0x000000aa   Code   RO         4226    i.UART_CheckIdleState  stm32h7xx_hal_uart.o
    0x08006974   0x00000014   Code   RO         4227    i.UART_DMAAbortOnError  stm32h7xx_hal_uart.o
    0x08006988   0x0000004e   Code   RO         4228    i.UART_DMAError     stm32h7xx_hal_uart.o
    0x080069d6   0x00000040   Code   RO         4233    i.UART_DMATransmitCplt  stm32h7xx_hal_uart.o
    0x08006a16   0x0000000a   Code   RO         4235    i.UART_DMATxHalfCplt  stm32h7xx_hal_uart.o
    0x08006a20   0x00000054   Code   RO         4237    i.UART_EndRxTransfer  stm32h7xx_hal_uart.o
    0x08006a74   0x0000002e   Code   RO         4238    i.UART_EndTxTransfer  stm32h7xx_hal_uart.o
    0x08006aa2   0x00000002   PAD
    0x08006aa4   0x000003ac   Code   RO         4243    i.UART_SetConfig    stm32h7xx_hal_uart.o
    0x08006e50   0x0000008c   Code   RO         4250    i.UART_WaitOnFlagUntilTimeout  stm32h7xx_hal_uart.o
    0x08006edc   0x0000000c   Code   RO          607    i.USART1_IRQHandler  stm32h7xx_it.o
    0x08006ee8   0x00000002   Code   RO          608    i.UsageFault_Handler  stm32h7xx_it.o
    0x08006eea   0x00000026   Code   RO         5084    i.__ARM_fpclassifyf  m_wv.l(fpclassifyf.o)
    0x08006f10   0x00000022   Code   RO         2621    i.__NVIC_SetPriority  stm32h7xx_hal_cortex.o
    0x08006f32   0x00000002   PAD
    0x08006f34   0x00000150   Code   RO         5023    i.__hardfp_cosf     m_wv.l(cosf.o)
    0x08007084   0x00000194   Code   RO         5035    i.__hardfp_sinf     m_wv.l(sinf.o)
    0x08007218   0x00000006   Code   RO         5087    i.__mathlib_flt_infnan  m_wv.l(funder.o)
    0x0800721e   0x00000002   PAD
    0x08007220   0x00000010   Code   RO         5089    i.__mathlib_flt_invalid  m_wv.l(funder.o)
    0x08007230   0x00000010   Code   RO         5092    i.__mathlib_flt_underflow  m_wv.l(funder.o)
    0x08007240   0x00000154   Code   RO         5100    i.__mathlib_rredf2  m_wv.l(rredf.o)
    0x08007394   0x0000000e   Code   RO         5150    i.__scatterload_copy  mc_w.l(handlers.o)
    0x080073a2   0x00000002   Code   RO         5151    i.__scatterload_null  mc_w.l(handlers.o)
    0x080073a4   0x0000000e   Code   RO         5152    i.__scatterload_zeroinit  mc_w.l(handlers.o)
    0x080073b2   0x00000002   PAD
    0x080073b4   0x0000000c   Code   RO         5126    i.__set_errno       mc_w.l(errno.o)
    0x080073c0   0x000000cc   Code   RO         4757    i.arm_cfft_f32      arm_cfft_f32.o
    0x0800748c   0x00000192   Code   RO         4758    i.arm_cfft_radix8by2_f32  arm_cfft_f32.o
    0x0800761e   0x00000002   PAD
    0x08007620   0x0000045a   Code   RO         4759    i.arm_cfft_radix8by4_f32  arm_cfft_f32.o
    0x08007a7a   0x00000002   PAD
    0x08007a7c   0x000004bc   Code   RO         4799    i.arm_radix8_butterfly_f32  arm_cfft_radix8_f32.o
    0x08007f38   0x00000044   Code   RO         4966    i.arm_rfft_fast_f32  arm_rfft_fast_f32.o
    0x08007f7c   0x00000128   Code   RO         5002    i.arm_rfft_fast_init_f32  arm_rfft_fast_init_f32.o
    0x080080a4   0x00000400   Code   RO          220    i.check_dma_and_push_frames  main.o
    0x080084a4   0x0000001c   Code   RO           15    i.debug_init        debug.o
    0x080084c0   0x00000208   Code   RO          221    i.diag_snapshot_update  main.o
    0x080086c8   0x00000948   Code   RO          222    i.main              main.o
    0x08009010   0x000000a0   Code   RO         4967    i.merge_rfft_f32    arm_rfft_fast_f32.o
    0x080090b0   0x00000140   Code   RO          223    i.push_frame_from_dma  main.o
    0x080091f0   0x000000a4   Code   RO         4968    i.stage_rfft_f32    arm_rfft_fast_f32.o
    0x08009294   0x00000090   Code   RO          224    i.systick_tx_poll   main.o
    0x08009324   0x00000008   Data   RO         2036    .constdata          stm32h7xx_hal_dma.o
    0x0800932c   0x00000018   Data   RO         4251    .constdata          stm32h7xx_hal_uart.o
    0x08009344   0x00000010   Data   RO         4722    .constdata          system_stm32h7xx.o
    0x08009354   0x00000080   Data   RO         4828    .constdata          arm_common_tables.o
    0x080093d4   0x00000100   Data   RO         4829    .constdata          arm_common_tables.o
    0x080094d4   0x00000200   Data   RO         4830    .constdata          arm_common_tables.o
    0x080096d4   0x00000400   Data   RO         4831    .constdata          arm_common_tables.o
    0x08009ad4   0x00000800   Data   RO         4832    .constdata          arm_common_tables.o
    0x0800a2d4   0x00001000   Data   RO         4833    .constdata          arm_common_tables.o
    0x0800b2d4   0x00002000   Data   RO         4834    .constdata          arm_common_tables.o
    0x0800d2d4   0x00004000   Data   RO         4835    .constdata          arm_common_tables.o
    0x080112d4   0x00000028   Data   RO         4857    .constdata          arm_common_tables.o
    0x080112fc   0x00000060   Data   RO         4858    .constdata          arm_common_tables.o
    0x0801135c   0x00000070   Data   RO         4859    .constdata          arm_common_tables.o
    0x080113cc   0x000001a0   Data   RO         4860    .constdata          arm_common_tables.o
    0x0801156c   0x00000370   Data   RO         4861    .constdata          arm_common_tables.o
    0x080118dc   0x00000380   Data   RO         4862    .constdata          arm_common_tables.o
    0x08011c5c   0x00000e10   Data   RO         4863    .constdata          arm_common_tables.o
    0x08012a6c   0x00001dc0   Data   RO         4864    .constdata          arm_common_tables.o
    0x0801482c   0x00000080   Data   RO         4875    .constdata          arm_common_tables.o
    0x080148ac   0x00000100   Data   RO         4876    .constdata          arm_common_tables.o
    0x080149ac   0x00000200   Data   RO         4877    .constdata          arm_common_tables.o
    0x08014bac   0x00000400   Data   RO         4878    .constdata          arm_common_tables.o
    0x08014fac   0x00000800   Data   RO         4879    .constdata          arm_common_tables.o
    0x080157ac   0x00001000   Data   RO         4880    .constdata          arm_common_tables.o
    0x080167ac   0x00002000   Data   RO         4881    .constdata          arm_common_tables.o
    0x080187ac   0x00004000   Data   RO         4882    .constdata          arm_common_tables.o
    0x0801c7ac   0x00000020   Data   RO         5101    .constdata          m_wv.l(rredf.o)
    0x0801c7cc   0x00000020   Data   RO         5148    Region$$Table       anon$$obj.o


    Execution Region RW_IRAM1 (Base: 0x20000000, Size: 0x00000000, Max: 0x00020000, ABSOLUTE)

    **** No section assigned to this execution region ****


    Execution Region RW_IRAM2 (Base: 0x24000000, Size: 0x0007a000, Max: 0x00080000, ABSOLUTE, COMPRESSED[0x00000508])

    Base Addr    Size         Type   Attr      Idx    E Section Name        Object

    0x24000000   0x00020d80   Data   RW          226    .AXI_SRAM           main.o
    0x24020d80   0x00006400   Data   RW          230    .DTCMRAM            main.o
    0x24027180   0x00000008   Data   RW           20    .data               debug.o
    0x24027188   0x00000118   Data   RW          232    .data               main.o
    0x240272a0   0x00000020   Data   RW          452    .data               adc.o
    0x240272c0   0x00000014   Data   RW          757    .data               dac.o
    0x240272d4   0x0000000c   Data   RW         2791    .data               stm32h7xx_hal.o
    0x240272e0   0x00000008   Data   RW         4723    .data               system_stm32h7xx.o
    0x240272e8   0x00000004   Data   RW         5127    .data               mc_w.l(errno.o)
    0x240272ec   0x00004240   Zero   RW           19    .bss                debug.o
    0x2402b52c   0x00000014   PAD
    0x2402b540   0x00007840   Zero   RW          231    .bss                main.o
    0x24032d80   0x000002d0   Zero   RW          450    .bss                adc.o
    0x24033050   0x0000000c   Zero   RW          451    .bss                adc.o
    0x2403305c   0x000000d8   Zero   RW          755    .bss                dac.o
    0x24033134   0x00000234   Zero   RW          885    .bss                usart.o
    0x24033368   0x00001000   Zero   RW            1    STACK               startup_stm32h750xx.o
    0x24034368   0x00039c98   PAD
    0x2406e000   0x00000080   Zero   RW          753    .ARM.__AT_0x2406E000  dac.o
    0x2406e080   0x00000380   PAD
    0x2406e400   0x00000080   Zero   RW          754    .ARM.__AT_0x2406E400  dac.o
    0x2406e480   0x00001b80   PAD
    0x24070000   0x00002000   Zero   RW          447    .ARM.__AT_0x24070000  adc.o
    0x24072000   0x00006000   PAD
    0x24078000   0x00002000   Zero   RW          448    .ARM.__AT_0x24078000  adc.o



  Load Region LR$$.ARM.__AT_0x38000000 (Base: 0x38000000, Size: 0x00000000, Max: 0x00002000, ABSOLUTE)

    Execution Region ER$$.ARM.__AT_0x38000000 (Base: 0x38000000, Size: 0x00002000, Max: 0x00002000, ABSOLUTE, UNINIT)

    Base Addr    Size         Type   Attr      Idx    E Section Name        Object

    0x38000000   0x00002000   Zero   RW          449    .ARM.__AT_0x38000000  adc.o



  Load Region LR$$.ARM.__AT_0x38002000 (Base: 0x38002000, Size: 0x00000000, Max: 0x00000164, ABSOLUTE)

    Execution Region ER$$.ARM.__AT_0x38002000 (Base: 0x38002000, Size: 0x00000164, Max: 0x00000164, ABSOLUTE, UNINIT)

    Base Addr    Size         Type   Attr      Idx    E Section Name        Object

    0x38002000   0x00000164   Zero   RW          225    .ARM.__AT_0x38002000  main.o


==============================================================================

Image component sizes


      Code (inc. data)   RO Data    RW Data    ZI Data      Debug   Object Name

      1612        172          0         32      25308       7638   adc.o
       192          0          0          0          0        528   arm_bitreversal2.o
      1720          0          0          0          0       4581   arm_cfft_f32.o
      1212          4          0          0          0       2515   arm_cfft_radix8_f32.o
         0          0      78936          0          0       4668   arm_common_tables.o
       392          0          0          0          0       2734   arm_rfft_fast_f32.o
       296         98          0          0          0       1161   arm_rfft_fast_init_f32.o
       252         36          0         20        472       2385   dac.o
        28          8          0          8      16960    1334970   debug.o
       188         12          0          0          0        955   gpio.o
      7650        592          0     160408      31140      84177   main.o
        36          8        664          0       4096        816   startup_stm32h750xx.o
       268         54          0         12          0      24145   stm32h7xx_hal.o
      2900        220          0          0          0      75013   stm32h7xx_hal_adc.o
       156         10          0          0          0      61946   stm32h7xx_hal_adc_ex.o
       354         28          0          0          0      41157   stm32h7xx_hal_cortex.o
      5992        246          8          0          0      10757   stm32h7xx_hal_dma.o
       582         50          0          0          0       2553   stm32h7xx_hal_gpio.o
        56          6          0          0          0        822   stm32h7xx_hal_msp.o
        84          6          0          0          0        729   stm32h7xx_hal_pwr_ex.o
      2466        102          0          0          0       6480   stm32h7xx_hal_rcc.o
      4776        174          0          0          0       9459   stm32h7xx_hal_rcc_ex.o
       294         34          0          0          0       2815   stm32h7xx_hal_tim.o
       164         30          0          0          0       1336   stm32h7xx_hal_tim_ex.o
      2926        150         24          0          0      32384   stm32h7xx_hal_uart.o
         6          0          0          0          0       2117   stm32h7xx_hal_uart_ex.o
        94         30          0          0          0       7224   stm32h7xx_it.o
       156         22         16          8          0       1326   system_stm32h7xx.o
        68         14          0          0          0        815   tim.o
       464         46          0          0        564       2234   usart.o

    ----------------------------------------------------------------------
     35418       2152      79680     160488     347768    1730440   Object Totals
         0          0         32          0          0          0   (incl. Generated)
        34          0          0          0     269228          0   (incl. Padding)

    ----------------------------------------------------------------------

      Code (inc. data)   RO Data    RW Data    ZI Data      Debug   Library Member Name

       336         60          0          0          0        136   cosf.o
        38          0          0          0          0        116   fpclassifyf.o
        38         12          0          0          0        348   funder.o
       340         24         32          0          0        160   rredf.o
       404         60          0          0          0        212   sinf.o
        86          0          0          0          0          0   __dczerorl2.o
         0          0          0          0          0          0   entry.o
         0          0          0          0          0          0   entry10a.o
         0          0          0          0          0          0   entry11a.o
         8          4          0          0          0          0   entry2.o
         4          0          0          0          0          0   entry5.o
         0          0          0          0          0          0   entry7b.o
         0          0          0          0          0          0   entry8b.o
         8          4          0          0          0          0   entry9a.o
        12          6          0          4          0         68   errno.o
        30          0          0          0          0          0   handlers.o
        36          8          0          0          0         68   init.o
         0          0          0          0          0          0   iusefp.o
        30          0          0          0          0         68   llshl.o
        32          0          0          0          0         68   llushr.o
        36          0          0          0          0        108   memseta.o
        98          0          0          0          0         92   uldiv.o
        44          0          0          0          0         68   ffixul.o

    ----------------------------------------------------------------------
      1586        178         32          4          0       1512   Library Totals
         6          0          0          0          0          0   (incl. Padding)

    ----------------------------------------------------------------------

      Code (inc. data)   RO Data    RW Data    ZI Data      Debug   Library Name

      1156        156         32          0          0        972   m_wv.l
       380         22          0          4          0        472   mc_w.l
        44          0          0          0          0         68   mf_w.l

    ----------------------------------------------------------------------
      1586        178         32          4          0       1512   Library Totals

    ----------------------------------------------------------------------

==============================================================================


      Code (inc. data)   RO Data    RW Data    ZI Data      Debug   

     37004       2330      79712     160492     347768    1717680   Grand Totals
     37004       2330      79712       1288     347768    1717680   ELF Image Totals (compressed)
     37004       2330      79712       1288          0          0   ROM Totals

==============================================================================

    Total RO  Size (Code + RO Data)               116716 ( 113.98kB)
    Total RW  Size (RW Data + ZI Data)            508260 ( 496.35kB)
    Total ROM Size (Code + RO Data + RW Data)     118004 ( 115.24kB)

==============================================================================

