Component: ARM Compiler 5.05 update 1 (build 106) Tool: armlink [4d0efa]

==============================================================================

Section Cross References

    startup_stm32h750xx.o(RESET) refers to startup_stm32h750xx.o(STACK) for __initial_sp
    startup_stm32h750xx.o(RESET) refers to startup_stm32h750xx.o(.text) for Reset_Handler
    startup_stm32h750xx.o(RESET) refers to stm32h7xx_it.o(i.NMI_Handler) for NMI_Handler
    startup_stm32h750xx.o(RESET) refers to stm32h7xx_it.o(i.HardFault_Handler) for HardFault_Handler
    startup_stm32h750xx.o(RESET) refers to stm32h7xx_it.o(i.MemManage_Handler) for MemManage_Handler
    startup_stm32h750xx.o(RESET) refers to stm32h7xx_it.o(i.BusFault_Handler) for BusFault_Handler
    startup_stm32h750xx.o(RESET) refers to stm32h7xx_it.o(i.UsageFault_Handler) for UsageFault_Handler
    startup_stm32h750xx.o(RESET) refers to stm32h7xx_it.o(i.SVC_Handler) for SVC_Handler
    startup_stm32h750xx.o(RESET) refers to stm32h7xx_it.o(i.DebugMon_Handler) for DebugMon_Handler
    startup_stm32h750xx.o(RESET) refers to stm32h7xx_it.o(i.PendSV_Handler) for PendSV_Handler
    startup_stm32h750xx.o(RESET) refers to stm32h7xx_it.o(i.SysTick_Handler) for SysTick_Handler
    startup_stm32h750xx.o(RESET) refers to stm32h7xx_it.o(i.DMA1_Stream0_IRQHandler) for DMA1_Stream0_IRQHandler
    startup_stm32h750xx.o(RESET) refers to stm32h7xx_it.o(i.DMA2_Stream0_IRQHandler) for DMA2_Stream0_IRQHandler
    startup_stm32h750xx.o(RESET) refers to stm32h7xx_it.o(i.DMA2_Stream1_IRQHandler) for DMA2_Stream1_IRQHandler
    startup_stm32h750xx.o(RESET) refers to stm32h7xx_it.o(i.UART7_IRQHandler) for UART7_IRQHandler
    startup_stm32h750xx.o(RESET) refers to stm32h7xx_it.o(i.BDMA_Channel0_IRQHandler) for BDMA_Channel0_IRQHandler
    startup_stm32h750xx.o(.text) refers to system_stm32h7xx.o(i.SystemInit) for SystemInit
    startup_stm32h750xx.o(.text) refers to entry.o(.ARM.Collect$$$$00000000) for __main
    debug.o(i.debug_get_drop_bytes) refers to debug.o(.data) for .data
    debug.o(i.debug_init) refers to debug.o(.data) for .data
    debug.o(i.debug_poll) refers to stm32h7xx_hal_uart.o(i.HAL_UART_GetState) for HAL_UART_GetState
    debug.o(i.debug_poll) refers to stm32h7xx_hal_uart.o(i.HAL_UART_Transmit) for HAL_UART_Transmit
    debug.o(i.debug_poll) refers to debug.o(.data) for .data
    debug.o(i.debug_poll) refers to usart.o(.bss) for hdebug_uart
    debug.o(i.debug_poll) refers to debug.o(.bss) for .bss
    debug.o(i.debug_printf) refers to printfa.o(i.__0vsnprintf) for vsnprintf
    debug.o(i.debug_printf) refers to debug.o(.bss) for .bss
    debug.o(i.debug_printf) refers to debug.o(.data) for .data
    debug.o(i.debug_push_raw) refers to debug.o(.data) for .data
    debug.o(i.debug_push_raw) refers to debug.o(.bss) for .bss
    main.o(i.Calc_DC_Offset_Baseline) refers to memseta.o(.text) for __aeabi_memclr4
    main.o(i.Calc_DC_Offset_Baseline) refers to stm32h7xx_hal.o(i.HAL_Delay) for HAL_Delay
    main.o(i.Calc_DC_Offset_Baseline) refers to stm32h7xx_hal.o(i.HAL_GetTick) for HAL_GetTick
    main.o(i.Calc_DC_Offset_Baseline) refers to main.o(i.check_dma_and_push_frames) for check_dma_and_push_frames
    main.o(i.Calc_DC_Offset_Baseline) refers to uldiv.o(.text) for __aeabi_uldivmod
    main.o(i.Calc_DC_Offset_Baseline) refers to main.o(.data) for .data
    main.o(i.Calc_DC_Offset_Baseline) refers to main.o(.AXI_SRAM) for .AXI_SRAM
    main.o(i.Calc_DC_Offset_Baseline) refers to main.o(.bss) for .bss
    main.o(i.Calc_FFT_Frequency_in_Frame_SingleCh) refers to arm_rfft_fast_f32.o(i.arm_rfft_fast_f32) for arm_rfft_fast_f32
    main.o(i.Calc_FFT_Frequency_in_Frame_SingleCh) refers to sqrtf.o(i.__hardfp_sqrtf) for __hardfp_sqrtf
    main.o(i.Calc_FFT_Frequency_in_Frame_SingleCh) refers to main.o(.DTCMRAM) for .DTCMRAM
    main.o(i.Calc_FFT_Frequency_in_Frame_SingleCh) refers to main.o(.bss) for .bss
    main.o(i.Calc_FFT_Frequency_in_Frame_SingleCh) refers to main.o(.data) for .data
    main.o(i.DWT_Init) refers to main.o(.data) for .data
    main.o(i.DWT_Init) refers to system_stm32h7xx.o(.data) for SystemCoreClock
    main.o(i.Error_Handler) refers to stm32h7xx_hal_gpio.o(i.HAL_GPIO_WritePin) for HAL_GPIO_WritePin
    main.o(i.Error_Handler) refers to stm32h7xx_hal.o(i.HAL_Delay) for HAL_Delay
    main.o(i.FFT_Benchmark) refers to arm_rfft_fast_init_f32.o(i.arm_rfft_fast_init_f32) for arm_rfft_fast_init_f32
    main.o(i.FFT_Benchmark) refers to arm_rfft_fast_f32.o(i.arm_rfft_fast_f32) for arm_rfft_fast_f32
    main.o(i.FFT_Benchmark) refers to sinf.o(i.__hardfp_sinf) for __hardfp_sinf
    main.o(i.FFT_Benchmark) refers to main.o(.DTCMRAM) for .DTCMRAM
    main.o(i.FFT_Benchmark) refers to main.o(.bss) for .bss
    main.o(i.FFT_Benchmark) refers to main.o(.data) for .data
    main.o(i.FFT_Tables_Init) refers to cosf.o(i.__hardfp_cosf) for __hardfp_cosf
    main.o(i.FFT_Tables_Init) refers to sinf.o(i.__hardfp_sinf) for __hardfp_sinf
[...]
    i.MY_ADC2_Init                           0x08006520   Section        0  adc.o(i.MY_ADC2_Init)
    i.MY_ADC3_Init                           0x080065c8   Section        0  adc.o(i.MY_ADC3_Init)
    i.MY_ADC_Start                           0x08006668   Section        0  adc.o(i.MY_ADC_Start)
    i.MY_ADC_Stop                            0x0800672c   Section        0  adc.o(i.MY_ADC_Stop)
    i.MemManage_Handler                      0x0800674c   Section        0  stm32h7xx_it.o(i.MemManage_Handler)
    i.NMI_Handler                            0x0800674e   Section        0  stm32h7xx_it.o(i.NMI_Handler)
    i.PendSV_Handler                         0x08006750   Section        0  stm32h7xx_it.o(i.PendSV_Handler)
    i.RCCEx_PLL2_Config                      0x08006754   Section        0  stm32h7xx_hal_rcc_ex.o(i.RCCEx_PLL2_Config)
    RCCEx_PLL2_Config                        0x08006755   Thumb Code   284  stm32h7xx_hal_rcc_ex.o(i.RCCEx_PLL2_Config)
    i.RCCEx_PLL3_Config                      0x08006874   Section        0  stm32h7xx_hal_rcc_ex.o(i.RCCEx_PLL3_Config)
    RCCEx_PLL3_Config                        0x08006875   Thumb Code   284  stm32h7xx_hal_rcc_ex.o(i.RCCEx_PLL3_Config)
    i.Refine_Peak_SubSample                  0x08006994   Section        0  main.o(i.Refine_Peak_SubSample)
    Refine_Peak_SubSample                    0x08006995   Thumb Code   154  main.o(i.Refine_Peak_SubSample)
    i.SVC_Handler                            0x08006a34   Section        0  stm32h7xx_it.o(i.SVC_Handler)
    i.SysTick_Handler                        0x08006a36   Section        0  stm32h7xx_it.o(i.SysTick_Handler)
    i.SystemClock_Config                     0x08006a44   Section        0  main.o(i.SystemClock_Config)
    i.SystemInit                             0x08006b24   Section        0  system_stm32h7xx.o(i.SystemInit)
    i.TIM_Base_SetConfig                     0x08006bc0   Section        0  stm32h7xx_hal_tim.o(i.TIM_Base_SetConfig)
    i.UART7_IRQHandler                       0x08006c84   Section        0  stm32h7xx_it.o(i.UART7_IRQHandler)
    i.UART_AdvFeatureConfig                  0x08006c90   Section        0  stm32h7xx_hal_uart.o(i.UART_AdvFeatureConfig)
    i.UART_CheckIdleState                    0x08006d58   Section        0  stm32h7xx_hal_uart.o(i.UART_CheckIdleState)
    i.UART_DMAAbortOnError                   0x08006e02   Section        0  stm32h7xx_hal_uart.o(i.UART_DMAAbortOnError)
    UART_DMAAbortOnError                     0x08006e03   Thumb Code    20  stm32h7xx_hal_uart.o(i.UART_DMAAbortOnError)
    i.UART_DMAError                          0x08006e16   Section        0  stm32h7xx_hal_uart.o(i.UART_DMAError)
    UART_DMAError                            0x08006e17   Thumb Code    78  stm32h7xx_hal_uart.o(i.UART_DMAError)
    i.UART_DMATransmitCplt                   0x08006e64   Section        0  stm32h7xx_hal_uart.o(i.UART_DMATransmitCplt)
    UART_DMATransmitCplt                     0x08006e65   Thumb Code    64  stm32h7xx_hal_uart.o(i.UART_DMATransmitCplt)
    i.UART_DMATxHalfCplt                     0x08006ea4   Section        0  stm32h7xx_hal_uart.o(i.UART_DMATxHalfCplt)
    UART_DMATxHalfCplt                       0x08006ea5   Thumb Code    10  stm32h7xx_hal_uart.o(i.UART_DMATxHalfCplt)
    i.UART_EndRxTransfer                     0x08006eb0   Section        0  stm32h7xx_hal_uart.o(i.UART_EndRxTransfer)
    UART_EndRxTransfer                       0x08006eb1   Thumb Code    78  stm32h7xx_hal_uart.o(i.UART_EndRxTransfer)
    i.UART_EndTxTransfer                     0x08006f04   Section        0  stm32h7xx_hal_uart.o(i.UART_EndTxTransfer)
    UART_EndTxTransfer                       0x08006f05   Thumb Code    46  stm32h7xx_hal_uart.o(i.UART_EndTxTransfer)
    i.UART_SetConfig                         0x08006f34   Section        0  stm32h7xx_hal_uart.o(i.UART_SetConfig)
    i.UART_WaitOnFlagUntilTimeout            0x080072e0   Section        0  stm32h7xx_hal_uart.o(i.UART_WaitOnFlagUntilTimeout)
    i.UsageFault_Handler                     0x0800736c   Section        0  stm32h7xx_it.o(i.UsageFault_Handler)
    i.__ARM_fpclassifyf                      0x0800736e   Section        0  fpclassifyf.o(i.__ARM_fpclassifyf)
    i.__NVIC_SetPriority                     0x08007394   Section        0  stm32h7xx_hal_cortex.o(i.__NVIC_SetPriority)
    __NVIC_SetPriority                       0x08007395   Thumb Code    34  stm32h7xx_hal_cortex.o(i.__NVIC_SetPriority)
    i.__hardfp_cosf                          0x080073b8   Section        0  cosf.o(i.__hardfp_cosf)
    i.__hardfp_sinf                          0x08007508   Section        0  sinf.o(i.__hardfp_sinf)
    i.__hardfp_sqrtf                         0x0800769c   Section        0  sqrtf.o(i.__hardfp_sqrtf)
    i.__mathlib_flt_infnan                   0x080076d6   Section        0  funder.o(i.__mathlib_flt_infnan)
    i.__mathlib_flt_invalid                  0x080076dc   Section        0  funder.o(i.__mathlib_flt_invalid)
    i.__mathlib_flt_underflow                0x080076ec   Section        0  funder.o(i.__mathlib_flt_underflow)
    i.__mathlib_rredf2                       0x080076fc   Section        0  rredf.o(i.__mathlib_rredf2)
    i.__scatterload_copy                     0x08007850   Section       14  handlers.o(i.__scatterload_copy)
    i.__scatterload_null                     0x0800785e   Section        2  handlers.o(i.__scatterload_null)
    i.__scatterload_zeroinit                 0x08007860   Section       14  handlers.o(i.__scatterload_zeroinit)
    i.__set_errno                            0x08007870   Section        0  errno.o(i.__set_errno)
    i.arm_cfft_f32                           0x0800787c   Section        0  arm_cfft_f32.o(i.arm_cfft_f32)
    i.arm_cfft_radix8by2_f32                 0x08007948   Section        0  arm_cfft_f32.o(i.arm_cfft_radix8by2_f32)
    i.arm_cfft_radix8by4_f32                 0x08007adc   Section        0  arm_cfft_f32.o(i.arm_cfft_radix8by4_f32)
    i.arm_radix8_butterfly_f32               0x08007f38   Section        0  arm_cfft_radix8_f32.o(i.arm_radix8_butterfly_f32)
    i.arm_rfft_fast_f32                      0x080083f4   Section        0  arm_rfft_fast_f32.o(i.arm_rfft_fast_f32)
    i.arm_rfft_fast_init_f32                 0x08008438   Section        0  arm_rfft_fast_init_f32.o(i.arm_rfft_fast_init_f32)
    i.check_dma_and_push_frames              0x08008560   Section        0  main.o(i.check_dma_and_push_frames)
    check_dma_and_push_frames                0x08008561   Thumb Code   686  main.o(i.check_dma_and_push_frames)
    i.dac_sine_table_init                    0x08008868   Section        0  dac.o(i.dac_sine_table_init)
    dac_sine_table_init                      0x08008869   Thumb Code   114  dac.o(i.dac_sine_table_init)
    i.debug_init                             0x080088f4   Section        0  debug.o(i.debug_init)
    i.debug_poll                             0x08008904   Section        0  debug.o(i.debug_poll)
    i.main                                   0x0800896c   Section        0  main.o(i.main)
    i.merge_rfft_f32                         0x0800927c   Section        0  arm_rfft_fast_f32.o(i.merge_rfft_f32)
    i.push_frame_from_dma                    0x0800931c   Section        0  main.o(i.push_frame_from_dma)
    push_frame_from_dma                      0x0800931d   Thumb Code   254  main.o(i.push_frame_from_dma)
    i.stage_rfft_f32                         0x08009434   Section        0  arm_rfft_fast_f32.o(i.stage_rfft_f32)
    i.systick_tx_poll                        0x080094d8   Section        0  main.o(i.systick_tx_poll)
    .constdata                               0x08009568   Section      120  main.o(.constdata)
    stress_cases                             0x08009568   Data         120  main.o(.constdata)
    .constdata                               0x080095e0   Section        8  stm32h7xx_hal_dma.o(.constdata)
    flagBitshiftOffset                       0x080095e0   Data           8  stm32h7xx_hal_dma.o(.constdata)
    .constdata                               0x080095e8   Section       24  stm32h7xx_hal_uart.o(.constdata)
    .constdata                               0x08009600   Section       16  system_stm32h7xx.o(.constdata)
    .constdata                               0x08009610   Section      128  arm_common_tables.o(.constdata)
    .constdata                               0x08009690   Section      256  arm_common_tables.o(.constdata)
    .constdata                               0x08009790   Section      512  arm_common_tables.o(.constdata)
    .constdata                               0x08009990   Section     1024  arm_common_tables.o(.constdata)
    .constdata                               0x08009d90   Section     2048  arm_common_tables.o(.constdata)
    .constdata                               0x0800a590   Section     4096  arm_common_tables.o(.constdata)
    .constdata                               0x0800b590   Section     8192  arm_common_tables.o(.constdata)
    .constdata                               0x0800d590   Section    16384  arm_common_tables.o(.constdata)
    .constdata                               0x08011590   Section       40  arm_common_tables.o(.constdata)
    .constdata                               0x080115b8   Section       96  arm_common_tables.o(.constdata)
    .constdata                               0x08011618   Section      112  arm_common_tables.o(.constdata)
    .constdata                               0x08011688   Section      416  arm_common_tables.o(.constdata)
    .constdata                               0x08011828   Section      880  arm_common_tables.o(.constdata)
    .constdata                               0x08011b98   Section      896  arm_common_tables.o(.constdata)
    .constdata                               0x08011f18   Section     3600  arm_common_tables.o(.constdata)
    .constdata                               0x08012d28   Section     7616  arm_common_tables.o(.constdata)
    .constdata                               0x08014ae8   Section      128  arm_common_tables.o(.constdata)
    .constdata                               0x08014b68   Section      256  arm_common_tables.o(.constdata)
    .constdata                               0x08014c68   Section      512  arm_common_tables.o(.constdata)
    .constdata                               0x08014e68   Section     1024  arm_common_tables.o(.constdata)
    .constdata                               0x08015268   Section     2048  arm_common_tables.o(.constdata)
    .constdata                               0x08015a68   Section     4096  arm_common_tables.o(.constdata)
    .constdata                               0x08016a68   Section     8192  arm_common_tables.o(.constdata)
    .constdata                               0x08018a68   Section    16384  arm_common_tables.o(.constdata)
    .constdata                               0x0801ca68   Section       32  rredf.o(.constdata)
    twooverpi                                0x0801ca68   Data          32  rredf.o(.constdata)
    .DTCMRAM                                 0x20000000   Section    25600  main.o(.DTCMRAM)
    bench_in_256                             0x20000000   Data        1024  main.o(.DTCMRAM)
    bench_in_512                             0x20000400   Data        2048  main.o(.DTCMRAM)
    bench_in_1024                            0x20000c00   Data        4096  main.o(.DTCMRAM)
    fft_buf                                  0x20001c00   Data        8192  main.o(.DTCMRAM)
    fft_mag                                  0x20003c00   Data        2048  main.o(.DTCMRAM)
    fft_in                                   0x20004400   Data        4096  main.o(.DTCMRAM)
    hann_win                                 0x20005400   Data        4096  main.o(.DTCMRAM)
    .data                                    0x20006400   Section      256  main.o(.data)
    tx_ring_head                             0x20006400   Data           1  main.o(.data)
    tx_ring_tail                             0x20006401   Data           1  main.o(.data)
    frame_w_idx                              0x20006402   Data           1  main.o(.data)
    frame_r_idx                              0x20006403   Data           1  main.o(.data)
    trig_q_head                              0x20006404   Data           1  main.o(.data)
    trig_q_tail                              0x20006405   Data           1  main.o(.data)
    rfft_inited                              0x20006407   Data           1  main.o(.data)
    fft_tables_ready                         0x20006408   Data           1  main.o(.data)
    dac_test_phase                           0x2000640a   Data           1  main.o(.data)
    dac_test_inited                          0x2000640b   Data           1  main.o(.data)
    stress_idx                               0x2000640c   Data           1  main.o(.data)
    cache_refresh_cnt                        0x2000640e   Data           2  main.o(.data)
    frame_drop_cnt                           0x20006410   Data           4  main.o(.data)
    total_frame_cnt                          0x200064a4   Data           4  main.o(.data)
    half_complete_cnt                        0x200064a8   Data           4  main.o(.data)
    full_complete_cnt                        0x200064ac   Data           4  main.o(.data)
    dwt_cyc_per_us                           0x200064b8   Data           4  main.o(.data)
    dwt_last_cyc                             0x200064bc   Data           4  main.o(.data)
    diag_tx_poll_st                          0x200064c0   Data           4  main.o(.data)
    diag_tx_poll_call_cnt                    0x200064c4   Data           4  main.o(.data)
    diag_tx_poll_send_attempt                0x200064c8   Data           4  main.o(.data)
    diag_tx_poll_send_ok                     0x200064cc   Data           4  main.o(.data)
    fft_optimized_cyc                        0x200064d0   Data           4  main.o(.data)
    fft_last_cyc                             0x200064d4   Data           4  main.o(.data)
    test_case_trigger_count                  0x200064d8   Data           4  main.o(.data)
    cached_desync_timeout_cyc                0x200064dc   Data           4  main.o(.data)
    wdg_last_tick                            0x200064e0   Data           4  main.o(.data)
    wdg_last_half_cnt                        0x200064e4   Data           4  main.o(.data)
    dac_test_last_ms                         0x200064e8   Data           4  main.o(.data)
    last_diag_ms                             0x200064ec   Data           4  main.o(.data)
    dwt_us_base                              0x200064f0   Data           8  main.o(.data)
    cached_half_dur_us                       0x200064f8   Data           8  main.o(.data)
    .bss                                     0x20006500   Section    30784  main.o(.bss)
    bench_out_256                            0x20006518   Data        2048  main.o(.bss)
    bench_out_512                            0x20006d18   Data        4096  main.o(.bss)
    bench_out_1024                           0x20007d18   Data        8192  main.o(.bss)
    bench_buf                                0x20009d18   Data       12288  main.o(.bss)
    rfft_inst                                0x2000cd18   Data          24  main.o(.bss)
    tw_cos                                   0x2000cd40   Data        2048  main.o(.bss)
    tw_sin                                   0x2000d540   Data        2048  main.o(.bss)
    .bss                                     0x2000dd40   Section      216  dac.o(.bss)
    .AXI_SRAM                                0x24000000   Section    427648  main.o(.AXI_SRAM)
    evt_buf                                  0x24000100   Data          19  main.o(.AXI_SRAM)
    frame_pool                               0x24000120   Data       393344  main.o(.AXI_SRAM)
    tx_ring                                  0x240601a0   Data         988  main.o(.AXI_SRAM)
    trig_queue                               0x24060580   Data       33024  main.o(.AXI_SRAM)
    .data                                    0x24068680   Section        8  debug.o(.data)
    dbg_head                                 0x24068680   Data           2  debug.o(.data)
    dbg_tail                                 0x24068682   Data           2  debug.o(.data)
    dbg_drop_bytes                           0x24068684   Data           4  debug.o(.data)
    .data                                    0x24068688   Section       32  adc.o(.data)
    .data                                    0x240686a8   Section       20  dac.o(.data)
    sine_table_inited                        0x240686a8   Data           1  dac.o(.data)
    current_sine_amp                         0x240686aa   Data           2  dac.o(.data)
    dac_lfsr                                 0x240686b8   Data           4  dac.o(.data)
    .data                                    0x240686bc   Section       12  stm32h7xx_hal.o(.data)
    .data                                    0x240686c8   Section        8  system_stm32h7xx.o(.data)
    .data                                    0x240686d0   Section        4  errno.o(.data)
    _errno                                   0x240686d0   Data           4  errno.o(.data)
    .bss                                     0x240686d4   Section    16896  debug.o(.bss)
    dbg_ring                                 0x240686d4   Data       16384  debug.o(.bss)
    debug_buffer                             0x2406c6d4   Data         512  debug.o(.bss)
    .bss                                     0x2406c8d4   Section      720  adc.o(.bss)
    .bss                                     0x2406cba4   Section       12  adc.o(.bss)
    .bss                                     0x2406cbb0   Section      564  usart.o(.bss)
    STACK                                    0x2406cde8   Section     4096  startup_stm32h750xx.o(STACK)
    .ARM.__AT_0x2406E000                     0x2406e000   Section      128  dac.o(.ARM.__AT_0x2406E000)
    dac_sine_table                           0x2406e000   Data         128  dac.o(.ARM.__AT_0x2406E000)
    .ARM.__AT_0x2406E400                     0x2406e400   Section      128  dac.o(.ARM.__AT_0x2406E400)
    dac_pwm_table                            0x2406e400   Data         128  dac.o(.ARM.__AT_0x2406E400)
    .ARM.__AT_0x24070000                     0x24070000   Section    32768  adc.o(.ARM.__AT_0x24070000)
    .ARM.__AT_0x24078000                     0x24078000   Section    32768  adc.o(.ARM.__AT_0x24078000)
    .ARM.__AT_0x38000000                     0x38000000   Section    32768  adc.o(.ARM.__AT_0x38000000)

    Global Symbols

    Symbol Name                              Value     Ov Type        Size  Object(Section)

    BuildAttributes$$THM_ISAv4$E$P$D$K$B$S$7EM$VFPv5_D16$PE$PLD8$A:L22UL41UL21$X:L11$S22US41US21$IEEE1$IW$USESV6$~STKCKD$USESV7$~SHL$OTIME$ROPI$IEEEX$EBA8$MICROLIB$REQ8$PRES8$EABIv2 0x00000000   Number         0  anon$$obj.o ABSOLUTE
    __ARM_use_no_argv                        0x00000000   Number         0  main.o ABSOLUTE
    __cpp_initialize__aeabi_                  - Undefined Weak Reference
    __cxa_finalize                            - Undefined Weak Reference
    _clock_init                               - Undefined Weak Reference
    _microlib_exit                            - Undefined Weak Reference
    __Vectors_Size                           0x00000298   Number         0  startup_stm32h750xx.o ABSOLUTE
    __Vectors                                0x08000000   Data           4  startup_stm32h750xx.o(RESET)
    __Vectors_End                            0x08000298   Data           0  startup_stm32h750xx.o(RESET)
    __main                                   0x08000299   Thumb Code     0  entry.o(.ARM.Collect$$$$00000000)
    _main_stk                                0x08000299   Thumb Code     0  entry2.o(.ARM.Collect$$$$00000001)
    _main_scatterload                        0x0800029d   Thumb Code     0  entry5.o(.ARM.Collect$$$$00000004)
    __main_after_scatterload                 0x080002a1   Thumb Code     0  entry5.o(.ARM.Collect$$$$00000004)
    _main_clock                              0x080002a1   Thumb Code     0  entry7b.o(.ARM.Collect$$$$00000008)
    _main_cpp_init                           0x080002a1   Thumb Code     0  entry8b.o(.ARM.Collect$$$$0000000A)
    _main_init                               0x080002a1   Thumb Code     0  entry9a.o(.ARM.Collect$$$$0000000B)
    __rt_final_cpp                           0x080002a9   Thumb Code     0  entry10a.o(.ARM.Collect$$$$0000000D)
    __rt_final_exit                          0x080002a9   Thumb Code     0  entry11a.o(.ARM.Collect$$$$0000000F)
    Reset_Handler                            0x080002ad   Thumb Code     8  startup_stm32h750xx.o(.text)
    ADC3_IRQHandler                          0x080002c7   Thumb Code     0  startup_stm32h750xx.o(.text)
    ADC_IRQHandler                           0x080002c7   Thumb Code     0  startup_stm32h750xx.o(.text)
    BDMA_Channel1_IRQHandler                 0x080002c7   Thumb Code     0  startup_stm32h750xx.o(.text)
    BDMA_Channel2_IRQHandler                 0x080002c7   Thumb Code     0  startup_stm32h750xx.o(.text)
    BDMA_Channel3_IRQHandler                 0x080002c7   Thumb Code     0  startup_stm32h750xx.o(.text)
    BDMA_Channel4_IRQHandler                 0x080002c7   Thumb Code     0  startup_stm32h750xx.o(.text)
    BDMA_Channel5_IRQHandler                 0x080002c7   Thumb Code     0  startup_stm32h750xx.o(.text)
    BDMA_Channel6_IRQHandler                 0x080002c7   Thumb Code     0  startup_stm32h750xx.o(.text)
    BDMA_Channel7_IRQHandler                 0x080002c7   Thumb Code     0  startup_stm32h750xx.o(.text)
    CEC_IRQHandler                           0x080002c7   Thumb Code     0  startup_stm32h750xx.o(.text)
    COMP1_IRQHandler                         0x080002c7   Thumb Code     0  startup_stm32h750xx.o(.text)
    CRS_IRQHandler                           0x080002c7   Thumb Code     0  startup_stm32h750xx.o(.text)
    CRYP_IRQHandler                          0x080002c7   Thumb Code     0  startup_stm32h750xx.o(.text)
    DCMI_IRQHandler                          0x080002c7   Thumb Code     0  startup_stm32h750xx.o(.text)
    DFSDM1_FLT0_IRQHandler                   0x080002c7   Thumb Code     0  startup_stm32h750xx.o(.text)
    DFSDM1_FLT1_IRQHandler                   0x080002c7   Thumb Code     0  startup_stm32h750xx.o(.text)
    DFSDM1_FLT2_IRQHandler                   0x080002c7   Thumb Code     0  startup_stm32h750xx.o(.text)
    DFSDM1_FLT3_IRQHandler                   0x080002c7   Thumb Code     0  startup_stm32h750xx.o(.text)
    DMA1_Stream1_IRQHandler                  0x080002c7   Thumb Code     0  startup_stm32h750xx.o(.text)
    DMA1_Stream2_IRQHandler                  0x080002c7   Thumb Code     0  startup_stm32h750xx.o(.text)
    DMA1_Stream3_IRQHandler                  0x080002c7   Thumb Code     0  startup_stm32h750xx.o(.text)
    DMA1_Stream4_IRQHandler                  0x080002c7   Thumb Code     0  startup_stm32h750xx.o(.text)
    DMA1_Stream5_IRQHandler                  0x080002c7   Thumb Code     0  startup_stm32h750xx.o(.text)
    DMA1_Stream6_IRQHandler                  0x080002c7   Thumb Code     0  startup_stm32h750xx.o(.text)
    DMA1_Stream7_IRQHandler                  0x080002c7   Thumb Code     0  startup_stm32h750xx.o(.text)
    DMA2D_IRQHandler                         0x080002c7   Thumb Code     0  startup_stm32h750xx.o(.text)
    DMA2_Stream2_IRQHandler                  0x080002c7   Thumb Code     0  startup_stm32h750xx.o(.text)
    DMA2_Stream3_IRQHandler                  0x080002c7   Thumb Code     0  startup_stm32h750xx.o(.text)
    DMA2_Stream4_IRQHandler                  0x080002c7   Thumb Code     0  startup_stm32h750xx.o(.text)
    DMA2_Stream5_IRQHandler                  0x080002c7   Thumb Code     0  startup_stm32h750xx.o(.text)
    DMA2_Stream6_IRQHandler                  0x080002c7   Thumb Code     0  startup_stm32h750xx.o(.text)
    DMA2_Stream7_IRQHandler                  0x080002c7   Thumb Code     0  startup_stm32h750xx.o(.text)
    DMAMUX1_OVR_IRQHandler                   0x080002c7   Thumb Code     0  startup_stm32h750xx.o(.text)
    DMAMUX2_OVR_IRQHandler                   0x080002c7   Thumb Code     0  startup_stm32h750xx.o(.text)
    ECC_IRQHandler                           0x080002c7   Thumb Code     0  startup_stm32h750xx.o(.text)
    ETH_IRQHandler                           0x080002c7   Thumb Code     0  startup_stm32h750xx.o(.text)
    ETH_WKUP_IRQHandler                      0x080002c7   Thumb Code     0  startup_stm32h750xx.o(.text)
    EXTI0_IRQHandler                         0x080002c7   Thumb Code     0  startup_stm32h750xx.o(.text)
    EXTI15_10_IRQHandler                     0x080002c7   Thumb Code     0  startup_stm32h750xx.o(.text)
    EXTI1_IRQHandler                         0x080002c7   Thumb Code     0  startup_stm32h750xx.o(.text)
    EXTI2_IRQHandler                         0x080002c7   Thumb Code     0  startup_stm32h750xx.o(.text)
    EXTI3_IRQHandler                         0x080002c7   Thumb Code     0  startup_stm32h750xx.o(.text)
    EXTI4_IRQHandler                         0x080002c7   Thumb Code     0  startup_stm32h750xx.o(.text)
    EXTI9_5_IRQHandler                       0x080002c7   Thumb Code     0  startup_stm32h750xx.o(.text)
    FDCAN1_IT0_IRQHandler                    0x080002c7   Thumb Code     0  startup_stm32h750xx.o(.text)
    FDCAN1_IT1_IRQHandler                    0x080002c7   Thumb Code     0  startup_stm32h750xx.o(.text)
    FDCAN2_IT0_IRQHandler                    0x080002c7   Thumb Code     0  startup_stm32h750xx.o(.text)
    FDCAN2_IT1_IRQHandler                    0x080002c7   Thumb Code     0  startup_stm32h750xx.o(.text)
    FDCAN_CAL_IRQHandler                     0x080002c7   Thumb Code     0  startup_stm32h750xx.o(.text)
    FLASH_IRQHandler                         0x080002c7   Thumb Code     0  startup_stm32h750xx.o(.text)
    FMC_IRQHandler                           0x080002c7   Thumb Code     0  startup_stm32h750xx.o(.text)
    FPU_IRQHandler                           0x080002c7   Thumb Code     0  startup_stm32h750xx.o(.text)
    HASH_RNG_IRQHandler                      0x080002c7   Thumb Code     0  startup_stm32h750xx.o(.text)
    HRTIM1_FLT_IRQHandler                    0x080002c7   Thumb Code     0  startup_stm32h750xx.o(.text)
    HRTIM1_Master_IRQHandler                 0x080002c7   Thumb Code     0  startup_stm32h750xx.o(.text)
    HRTIM1_TIMA_IRQHandler                   0x080002c7   Thumb Code     0  startup_stm32h750xx.o(.text)
    HRTIM1_TIMB_IRQHandler                   0x080002c7   Thumb Code     0  startup_stm32h750xx.o(.text)
    HRTIM1_TIMC_IRQHandler                   0x080002c7   Thumb Code     0  startup_stm32h750xx.o(.text)
    HRTIM1_TIMD_IRQHandler                   0x080002c7   Thumb Code     0  startup_stm32h750xx.o(.text)
    HRTIM1_TIME_IRQHandler                   0x080002c7   Thumb Code     0  startup_stm32h750xx.o(.text)
    HSEM1_IRQHandler                         0x080002c7   Thumb Code     0  startup_stm32h750xx.o(.text)
    I2C1_ER_IRQHandler                       0x080002c7   Thumb Code     0  startup_stm32h750xx.o(.text)
    I2C1_EV_IRQHandler                       0x080002c7   Thumb Code     0  startup_stm32h750xx.o(.text)
    I2C2_ER_IRQHandler                       0x080002c7   Thumb Code     0  startup_stm32h750xx.o(.text)
    I2C2_EV_IRQHandler                       0x080002c7   Thumb Code     0  startup_stm32h750xx.o(.text)
    I2C3_ER_IRQHandler                       0x080002c7   Thumb Code     0  startup_stm32h750xx.o(.text)
    I2C3_EV_IRQHandler                       0x080002c7   Thumb Code     0  startup_stm32h750xx.o(.text)
    I2C4_ER_IRQHandler                       0x080002c7   Thumb Code     0  startup_stm32h750xx.o(.text)
    I2C4_EV_IRQHandler                       0x080002c7   Thumb Code     0  startup_stm32h750xx.o(.text)
    JPEG_IRQHandler                          0x080002c7   Thumb Code     0  startup_stm32h750xx.o(.text)
    LPTIM1_IRQHandler                        0x080002c7   Thumb Code     0  startup_stm32h750xx.o(.text)
    LPTIM2_IRQHandler                        0x080002c7   Thumb Code     0  startup_stm32h750xx.o(.text)
    LPTIM3_IRQHandler                        0x080002c7   Thumb Code     0  startup_stm32h750xx.o(.text)
    LPTIM4_IRQHandler                        0x080002c7   Thumb Code     0  startup_stm32h750xx.o(.text)
    LPTIM5_IRQHandler                        0x080002c7   Thumb Code     0  startup_stm32h750xx.o(.text)
    LPUART1_IRQHandler                       0x080002c7   Thumb Code     0  startup_stm32h750xx.o(.text)
    LTDC_ER_IRQHandler                       0x080002c7   Thumb Code     0  startup_stm32h750xx.o(.text)
    LTDC_IRQHandler                          0x080002c7   Thumb Code     0  startup_stm32h750xx.o(.text)
    MDIOS_IRQHandler                         0x080002c7   Thumb Code     0  startup_stm32h750xx.o(.text)
    MDIOS_WKUP_IRQHandler                    0x080002c7   Thumb Code     0  startup_stm32h750xx.o(.text)
    MDMA_IRQHandler                          0x080002c7   Thumb Code     0  startup_stm32h750xx.o(.text)
    OTG_FS_EP1_IN_IRQHandler                 0x080002c7   Thumb Code     0  startup_stm32h750xx.o(.text)
    OTG_FS_EP1_OUT_IRQHandler                0x080002c7   Thumb Code     0  startup_stm32h750xx.o(.text)
    OTG_FS_IRQHandler                        0x080002c7   Thumb Code     0  startup_stm32h750xx.o(.text)
    OTG_FS_WKUP_IRQHandler                   0x080002c7   Thumb Code     0  startup_stm32h750xx.o(.text)
    OTG_HS_EP1_IN_IRQHandler                 0x080002c7   Thumb Code     0  startup_stm32h750xx.o(.text)
    OTG_HS_EP1_OUT_IRQHandler                0x080002c7   Thumb Code     0  startup_stm32h750xx.o(.text)
    OTG_HS_IRQHandler                        0x080002c7   Thumb Code     0  startup_stm32h750xx.o(.text)
    OTG_HS_WKUP_IRQHandler                   0x080002c7   Thumb Code     0  startup_stm32h750xx.o(.text)
    PVD_AVD_IRQHandler                       0x080002c7   Thumb Code     0  startup_stm32h750xx.o(.text)
    QUADSPI_IRQHandler                       0x080002c7   Thumb Code     0  startup_stm32h750xx.o(.text)
    RCC_IRQHandler                           0x080002c7   Thumb Code     0  startup_stm32h750xx.o(.text)
    RTC_Alarm_IRQHandler                     0x080002c7   Thumb Code     0  startup_stm32h750xx.o(.text)
    RTC_WKUP_IRQHandler                      0x080002c7   Thumb Code     0  startup_stm32h750xx.o(.text)
    SAI1_IRQHandler                          0x080002c7   Thumb Code     0  startup_stm32h750xx.o(.text)
    SAI2_IRQHandler                          0x080002c7   Thumb Code     0  startup_stm32h750xx.o(.text)
    SAI3_IRQHandler                          0x080002c7   Thumb Code     0  startup_stm32h750xx.o(.text)
    SAI4_IRQHandler                          0x080002c7   Thumb Code     0  startup_stm32h750xx.o(.text)
    SDMMC1_IRQHandler                        0x080002c7   Thumb Code     0  startup_stm32h750xx.o(.text)
    SDMMC2_IRQHandler                        0x080002c7   Thumb Code     0  startup_stm32h750xx.o(.text)
    SPDIF_RX_IRQHandler                      0x080002c7   Thumb Code     0  startup_stm32h750xx.o(.text)
    SPI1_IRQHandler                          0x080002c7   Thumb Code     0  startup_stm32h750xx.o(.text)
    SPI2_IRQHandler                          0x080002c7   Thumb Code     0  startup_stm32h750xx.o(.text)
    SPI3_IRQHandler                          0x080002c7   Thumb Code     0  startup_stm32h750xx.o(.text)
    SPI4_IRQHandler                          0x080002c7   Thumb Code     0  startup_stm32h750xx.o(.text)
    SPI5_IRQHandler                          0x080002c7   Thumb Code     0  startup_stm32h750xx.o(.text)
    SPI6_IRQHandler                          0x080002c7   Thumb Code     0  startup_stm32h750xx.o(.text)
    SWPMI1_IRQHandler                        0x080002c7   Thumb Code     0  startup_stm32h750xx.o(.text)
    TAMP_STAMP_IRQHandler                    0x080002c7   Thumb Code     0  startup_stm32h750xx.o(.text)
    TIM15_IRQHandler                         0x080002c7   Thumb Code     0  startup_stm32h750xx.o(.text)
    TIM16_IRQHandler                         0x080002c7   Thumb Code     0  startup_stm32h750xx.o(.text)
    TIM17_IRQHandler                         0x080002c7   Thumb Code     0  startup_stm32h750xx.o(.text)
    TIM1_BRK_IRQHandler                      0x080002c7   Thumb Code     0  startup_stm32h750xx.o(.text)
    TIM1_CC_IRQHandler                       0x080002c7   Thumb Code     0  startup_stm32h750xx.o(.text)
    TIM1_TRG_COM_IRQHandler                  0x080002c7   Thumb Code     0  startup_stm32h750xx.o(.text)
    TIM1_UP_IRQHandler                       0x080002c7   Thumb Code     0  startup_stm32h750xx.o(.text)
    TIM2_IRQHandler                          0x080002c7   Thumb Code     0  startup_stm32h750xx.o(.text)
    TIM3_IRQHandler                          0x080002c7   Thumb Code     0  startup_stm32h750xx.o(.text)
    TIM4_IRQHandler                          0x080002c7   Thumb Code     0  startup_stm32h750xx.o(.text)
    TIM5_IRQHandler                          0x080002c7   Thumb Code     0  startup_stm32h750xx.o(.text)
    TIM6_DAC_IRQHandler                      0x080002c7   Thumb Code     0  startup_stm32h750xx.o(.text)
    TIM7_IRQHandler                          0x080002c7   Thumb Code     0  startup_stm32h750xx.o(.text)
    TIM8_BRK_TIM12_IRQHandler                0x080002c7   Thumb Code     0  startup_stm32h750xx.o(.text)
    TIM8_CC_IRQHandler                       0x080002c7   Thumb Code     0  startup_stm32h750xx.o(.text)
    TIM8_TRG_COM_TIM14_IRQHandler            0x080002c7   Thumb Code     0  startup_stm32h750xx.o(.text)
    TIM8_UP_TIM13_IRQHandler                 0x080002c7   Thumb Code     0  startup_stm32h750xx.o(.text)
    UART4_IRQHandler                         0x080002c7   Thumb Code     0  startup_stm32h750xx.o(.text)
    UART5_IRQHandler                         0x080002c7   Thumb Code     0  startup_stm32h750xx.o(.text)
    UART8_IRQHandler                         0x080002c7   Thumb Code     0  startup_stm32h750xx.o(.text)
    USART1_IRQHandler                        0x080002c7   Thumb Code     0  startup_stm32h750xx.o(.text)
    USART2_IRQHandler                        0x080002c7   Thumb Code     0  startup_stm32h750xx.o(.text)
    USART3_IRQHandler                        0x080002c7   Thumb Code     0  startup_stm32h750xx.o(.text)
    USART6_IRQHandler                        0x080002c7   Thumb Code     0  startup_stm32h750xx.o(.text)
    WAKEUP_PIN_IRQHandler                    0x080002c7   Thumb Code     0  startup_stm32h750xx.o(.text)
    WWDG_IRQHandler                          0x080002c7   Thumb Code     0  startup_stm32h750xx.o(.text)
    arm_bitreversal_32                       0x080002d1   Thumb Code   106  arm_bitreversal2.o(.text)
    arm_bitreversal_16                       0x0800033b   Thumb Code    86  arm_bitreversal2.o(.text)
    __aeabi_uldivmod                         0x08000391   Thumb Code    98  uldiv.o(.text)
    __aeabi_memcpy                           0x080003f3   Thumb Code    36  memcpya.o(.text)
    __aeabi_memcpy4                          0x080003f3   Thumb Code     0  memcpya.o(.text)
    __aeabi_memcpy8                          0x080003f3   Thumb Code     0  memcpya.o(.text)
    __aeabi_memset                           0x08000417   Thumb Code    14  memseta.o(.text)
    __aeabi_memset4                          0x08000417   Thumb Code     0  memseta.o(.text)
    __aeabi_memset8                          0x08000417   Thumb Code     0  memseta.o(.text)
    __aeabi_memclr                           0x08000425   Thumb Code     4  memseta.o(.text)
    __aeabi_memclr4                          0x08000425   Thumb Code     0  memseta.o(.text)
    __aeabi_memclr8                          0x08000425   Thumb Code     0  memseta.o(.text)
    _memset$wrapper                          0x08000429   Thumb Code    18  memseta.o(.text)
    __aeabi_f2ulz                            0x0800043b   Thumb Code    44  ffixul.o(.text)
    __aeabi_llsl                             0x08000467   Thumb Code    30  llshl.o(.text)
    _ll_shift_l                              0x08000467   Thumb Code     0  llshl.o(.text)
    __aeabi_llsr                             0x08000485   Thumb Code    32  llushr.o(.text)
    _ll_ushift_r                             0x08000485   Thumb Code     0  llushr.o(.text)
    __I$use$fp                               0x080004a5   Thumb Code     0  iusefp.o(.text)
    __scatterload                            0x080004a5   Thumb Code    28  init.o(.text)
    __scatterload_rt2                        0x080004a5   Thumb Code     0  init.o(.text)
    __decompress                             0x080004c9   Thumb Code     0  __dczerorl2.o(.text)
    __decompress1                            0x080004c9   Thumb Code    86  __dczerorl2.o(.text)
    ADC_ConfigureBoostMode                   0x08000521   Thumb Code   236  stm32h7xx_hal_adc.o(i.ADC_ConfigureBoostMode)
    ADC_ConversionStop                       0x08000629   Thumb Code   220  stm32h7xx_hal_adc.o(i.ADC_ConversionStop)
    ADC_DMAConvCplt                          0x0800070d   Thumb Code   104  stm32h7xx_hal_adc.o(i.ADC_DMAConvCplt)
    ADC_DMAError                             0x08000775   Thumb Code    26  stm32h7xx_hal_adc.o(i.ADC_DMAError)
    ADC_DMAHalfConvCplt                      0x0800078f   Thumb Code    10  stm32h7xx_hal_adc.o(i.ADC_DMAHalfConvCplt)
    ADC_Disable                              0x08000799   Thumb Code   106  stm32h7xx_hal_adc.o(i.ADC_Disable)
    ADC_Enable                               0x08000809   Thumb Code   148  stm32h7xx_hal_adc.o(i.ADC_Enable)
    BDMA_Channel0_IRQHandler                 0x080008b1   Thumb Code     6  stm32h7xx_it.o(i.BDMA_Channel0_IRQHandler)
    BusFault_Handler                         0x080008bd   Thumb Code     2  stm32h7xx_it.o(i.BusFault_Handler)
    DAC_Build_Composite_Waveform             0x08000cb9   Thumb Code   344  dac.o(i.DAC_Build_Composite_Waveform)
    DAC_Output_Sine                          0x08000e65   Thumb Code   164  dac.o(i.DAC_Output_Sine)
    DAC_Set_CH2_Freq                         0x08000f25   Thumb Code    76  dac.o(i.DAC_Set_CH2_Freq)
    DMA1_Stream0_IRQHandler                  0x08000f7d   Thumb Code     6  stm32h7xx_it.o(i.DMA1_Stream0_IRQHandler)
    DMA2_Stream0_IRQHandler                  0x08000f89   Thumb Code     6  stm32h7xx_it.o(i.DMA2_Stream0_IRQHandler)
    DMA2_Stream1_IRQHandler                  0x08000f95   Thumb Code     6  stm32h7xx_it.o(i.DMA2_Stream1_IRQHandler)
    DebugMon_Handler                         0x08001445   Thumb Code     2  stm32h7xx_it.o(i.DebugMon_Handler)
    Error_Handler                            0x08001449   Thumb Code    42  main.o(i.Error_Handler)
    HAL_ADCEx_Calibration_Start              0x080018e1   Thumb Code   146  stm32h7xx_hal_adc_ex.o(i.HAL_ADCEx_Calibration_Start)
    HAL_ADC_ConfigChannel                    0x0800197d   Thumb Code   926  stm32h7xx_hal_adc.o(i.HAL_ADC_ConfigChannel)
    HAL_ADC_ConvCpltCallback                 0x08001d55   Thumb Code    52  adc.o(i.HAL_ADC_ConvCpltCallback)
    HAL_ADC_ConvHalfCpltCallback             0x08001d9d   Thumb Code    52  adc.o(i.HAL_ADC_ConvHalfCpltCallback)
    HAL_ADC_ErrorCallback                    0x08001de5   Thumb Code    88  adc.o(i.HAL_ADC_ErrorCallback)
    HAL_ADC_GetError                         0x08001e4d   Thumb Code     4  stm32h7xx_hal_adc.o(i.HAL_ADC_GetError)
    HAL_ADC_Init                             0x08001e51   Thumb Code   498  stm32h7xx_hal_adc.o(i.HAL_ADC_Init)
    HAL_ADC_MspInit                          0x08002079   Thumb Code   598  adc.o(i.HAL_ADC_MspInit)
    HAL_ADC_Start_DMA                        0x080022f9   Thumb Code   230  stm32h7xx_hal_adc.o(i.HAL_ADC_Start_DMA)
    HAL_ADC_Stop_DMA                         0x08002401   Thumb Code   122  stm32h7xx_hal_adc.o(i.HAL_ADC_Stop_DMA)
    HAL_DMA_Abort                            0x0800247d   Thumb Code   836  stm32h7xx_hal_dma.o(i.HAL_DMA_Abort)
    HAL_DMA_Abort_IT                         0x080027dd   Thumb Code   602  stm32h7xx_hal_dma.o(i.HAL_DMA_Abort_IT)
    HAL_DMA_GetError                         0x08002a61   Thumb Code     4  stm32h7xx_hal_dma.o(i.HAL_DMA_GetError)
    HAL_DMA_IRQHandler                       0x08002a65   Thumb Code  1756  stm32h7xx_hal_dma.o(i.HAL_DMA_IRQHandler)
    HAL_DMA_Init                             0x0800314d   Thumb Code   926  stm32h7xx_hal_dma.o(i.HAL_DMA_Init)
    HAL_DMA_Start                            0x08003511   Thumb Code   338  stm32h7xx_hal_dma.o(i.HAL_DMA_Start)
    HAL_DMA_Start_IT                         0x08003681   Thumb Code   628  stm32h7xx_hal_dma.o(i.HAL_DMA_Start_IT)
    HAL_Delay                                0x0800391d   Thumb Code    32  stm32h7xx_hal.o(i.HAL_Delay)
    HAL_GPIO_Init                            0x08003941   Thumb Code   506  stm32h7xx_hal_gpio.o(i.HAL_GPIO_Init)
    HAL_GPIO_TogglePin                       0x08003b6d   Thumb Code    16  stm32h7xx_hal_gpio.o(i.HAL_GPIO_TogglePin)
    HAL_GPIO_WritePin                        0x08003b7d   Thumb Code    10  stm32h7xx_hal_gpio.o(i.HAL_GPIO_WritePin)
    HAL_GetREVID                             0x08003b89   Thumb Code     8  stm32h7xx_hal.o(i.HAL_GetREVID)
    HAL_GetTick                              0x08003b95   Thumb Code     6  stm32h7xx_hal.o(i.HAL_GetTick)
    HAL_IncTick                              0x08003ba1   Thumb Code    12  stm32h7xx_hal.o(i.HAL_IncTick)
    HAL_Init                                 0x08003bb1   Thumb Code    74  stm32h7xx_hal.o(i.HAL_Init)
    HAL_InitTick                             0x08003c0d   Thumb Code    56  stm32h7xx_hal.o(i.HAL_InitTick)
    HAL_MPU_ConfigRegion                     0x08003c4d   Thumb Code    86  stm32h7xx_hal_cortex.o(i.HAL_MPU_ConfigRegion)
    HAL_MPU_Disable                          0x08003ca9   Thumb Code    24  stm32h7xx_hal_cortex.o(i.HAL_MPU_Disable)
    HAL_MPU_Enable                           0x08003cc5   Thumb Code    30  stm32h7xx_hal_cortex.o(i.HAL_MPU_Enable)
    HAL_MspInit                              0x08003ce9   Thumb Code    50  stm32h7xx_hal_msp.o(i.HAL_MspInit)
    HAL_NVIC_EnableIRQ                       0x08003d21   Thumb Code    26  stm32h7xx_hal_cortex.o(i.HAL_NVIC_EnableIRQ)
    HAL_NVIC_SetPriority                     0x08003d3d   Thumb Code    60  stm32h7xx_hal_cortex.o(i.HAL_NVIC_SetPriority)
    HAL_NVIC_SetPriorityGrouping             0x08003d7d   Thumb Code    28  stm32h7xx_hal_cortex.o(i.HAL_NVIC_SetPriorityGrouping)
    HAL_PWREx_ConfigSupply                   0x08003da1   Thumb Code    78  stm32h7xx_hal_pwr_ex.o(i.HAL_PWREx_ConfigSupply)
    HAL_RCCEx_GetD3PCLK1Freq                 0x08003df5   Thumb Code    26  stm32h7xx_hal_rcc_ex.o(i.HAL_RCCEx_GetD3PCLK1Freq)
    HAL_RCCEx_GetPLL1ClockFreq               0x08003e19   Thumb Code   298  stm32h7xx_hal_rcc_ex.o(i.HAL_RCCEx_GetPLL1ClockFreq)
    HAL_RCCEx_GetPLL2ClockFreq               0x08003f61   Thumb Code   296  stm32h7xx_hal_rcc_ex.o(i.HAL_RCCEx_GetPLL2ClockFreq)
    HAL_RCCEx_GetPLL3ClockFreq               0x080040a5   Thumb Code   296  stm32h7xx_hal_rcc_ex.o(i.HAL_RCCEx_GetPLL3ClockFreq)
    HAL_RCCEx_GetPeriphCLKFreq               0x080041e9   Thumb Code   692  stm32h7xx_hal_rcc_ex.o(i.HAL_RCCEx_GetPeriphCLKFreq)
    HAL_RCCEx_PeriphCLKConfig                0x080044b1   Thumb Code  2472  stm32h7xx_hal_rcc_ex.o(i.HAL_RCCEx_PeriphCLKConfig)
    HAL_RCC_ClockConfig                      0x08004e5d   Thumb Code   580  stm32h7xx_hal_rcc.o(i.HAL_RCC_ClockConfig)
    HAL_RCC_GetHCLKFreq                      0x080050b9   Thumb Code    52  stm32h7xx_hal_rcc.o(i.HAL_RCC_GetHCLKFreq)
    HAL_RCC_GetPCLK1Freq                     0x080050fd   Thumb Code    26  stm32h7xx_hal_rcc.o(i.HAL_RCC_GetPCLK1Freq)
    HAL_RCC_GetPCLK2Freq                     0x08005121   Thumb Code    26  stm32h7xx_hal_rcc.o(i.HAL_RCC_GetPCLK2Freq)
    HAL_RCC_GetSysClockFreq                  0x08005145   Thumb Code   278  stm32h7xx_hal_rcc.o(i.HAL_RCC_GetSysClockFreq)
    HAL_RCC_OscConfig                        0x0800527d   Thumb Code  1410  stm32h7xx_hal_rcc.o(i.HAL_RCC_OscConfig)
    HAL_SYSCFG_DisableVREFBUF                0x08005801   Thumb Code    12  stm32h7xx_hal.o(i.HAL_SYSCFG_DisableVREFBUF)
    HAL_SYSCFG_VREFBUF_HighImpedanceConfig   0x08005811   Thumb Code    14  stm32h7xx_hal.o(i.HAL_SYSCFG_VREFBUF_HighImpedanceConfig)
    HAL_SYSTICK_Config                       0x08005825   Thumb Code    38  stm32h7xx_hal_cortex.o(i.HAL_SYSTICK_Config)
    HAL_TIMEx_MasterConfigSynchronization    0x0800584d   Thumb Code   134  stm32h7xx_hal_tim_ex.o(i.HAL_TIMEx_MasterConfigSynchronization)
    HAL_TIM_Base_Init                        0x080058f1   Thumb Code    98  stm32h7xx_hal_tim.o(i.HAL_TIM_Base_Init)
    HAL_TIM_Base_MspInit                     0x08005955   Thumb Code    54  tim.o(i.HAL_TIM_Base_MspInit)
    HAL_TIM_Base_Start                       0x08005999   Thumb Code    96  stm32h7xx_hal_tim.o(i.HAL_TIM_Base_Start)
    HAL_TIM_Base_Stop                        0x08005a19   Thumb Code    38  stm32h7xx_hal_tim.o(i.HAL_TIM_Base_Stop)
    HAL_UARTEx_RxEventCallback               0x08005a3f   Thumb Code     2  stm32h7xx_hal_uart.o(i.HAL_UARTEx_RxEventCallback)
    HAL_UARTEx_RxFifoFullCallback            0x08005a41   Thumb Code     2  stm32h7xx_hal_uart_ex.o(i.HAL_UARTEx_RxFifoFullCallback)
    HAL_UARTEx_TxFifoEmptyCallback           0x08005a43   Thumb Code     2  stm32h7xx_hal_uart_ex.o(i.HAL_UARTEx_TxFifoEmptyCallback)
    HAL_UARTEx_WakeupCallback                0x08005a45   Thumb Code     2  stm32h7xx_hal_uart_ex.o(i.HAL_UARTEx_WakeupCallback)
    HAL_UART_ErrorCallback                   0x08005a47   Thumb Code     2  stm32h7xx_hal_uart.o(i.HAL_UART_ErrorCallback)
    HAL_UART_GetState                        0x08005a49   Thumb Code    14  stm32h7xx_hal_uart.o(i.HAL_UART_GetState)
    HAL_UART_IRQHandler                      0x08005a59   Thumb Code   878  stm32h7xx_hal_uart.o(i.HAL_UART_IRQHandler)
    HAL_UART_Init                            0x08005de1   Thumb Code   106  stm32h7xx_hal_uart.o(i.HAL_UART_Init)
    HAL_UART_MspInit                         0x08005e4d   Thumb Code   366  usart.o(i.HAL_UART_MspInit)
    HAL_UART_Transmit                        0x08005fe1   Thumb Code   176  stm32h7xx_hal_uart.o(i.HAL_UART_Transmit)
    HAL_UART_Transmit_DMA                    0x08006091   Thumb Code   132  stm32h7xx_hal_uart.o(i.HAL_UART_Transmit_DMA)
    HAL_UART_TxCpltCallback                  0x08006121   Thumb Code    18  main.o(i.HAL_UART_TxCpltCallback)
    HAL_UART_TxHalfCpltCallback              0x0800613d   Thumb Code     2  stm32h7xx_hal_uart.o(i.HAL_UART_TxHalfCpltCallback)
    HardFault_Handler                        0x0800613f   Thumb Code     2  stm32h7xx_it.o(i.HardFault_Handler)
    MX_DAC1_Init                             0x08006289   Thumb Code   154  dac.o(i.MX_DAC1_Init)
    MX_DEBUG_UART_Init                       0x08006339   Thumb Code    48  usart.o(i.MX_DEBUG_UART_Init)
    MX_GPIO_Init                             0x08006371   Thumb Code   176  gpio.o(i.MX_GPIO_Init)
    MX_TIM7_Init                             0x0800642d   Thumb Code    62  dac.o(i.MX_TIM7_Init)
    MY_ADC1_Init                             0x08006479   Thumb Code   150  adc.o(i.MY_ADC1_Init)
    MY_ADC2_Init                             0x08006521   Thumb Code   150  adc.o(i.MY_ADC2_Init)
    MY_ADC3_Init                             0x080065c9   Thumb Code   148  adc.o(i.MY_ADC3_Init)
    MY_ADC_Start                             0x08006669   Thumb Code   174  adc.o(i.MY_ADC_Start)
    MY_ADC_Stop                              0x0800672d   Thumb Code    28  adc.o(i.MY_ADC_Stop)
    MemManage_Handler                        0x0800674d   Thumb Code     2  stm32h7xx_it.o(i.MemManage_Handler)
    NMI_Handler                              0x0800674f   Thumb Code     2  stm32h7xx_it.o(i.NMI_Handler)
    PendSV_Handler                           0x08006751   Thumb Code     2  stm32h7xx_it.o(i.PendSV_Handler)
    SVC_Handler                              0x08006a35   Thumb Code     2  stm32h7xx_it.o(i.SVC_Handler)
    SysTick_Handler                          0x08006a37   Thumb Code    14  stm32h7xx_it.o(i.SysTick_Handler)
    SystemClock_Config                       0x08006a45   Thumb Code   210  main.o(i.SystemClock_Config)
    SystemInit                               0x08006b25   Thumb Code   134  system_stm32h7xx.o(i.SystemInit)
    TIM_Base_SetConfig                       0x08006bc1   Thumb Code   162  stm32h7xx_hal_tim.o(i.TIM_Base_SetConfig)
    UART7_IRQHandler                         0x08006c85   Thumb Code     6  stm32h7xx_it.o(i.UART7_IRQHandler)
    UART_AdvFeatureConfig                    0x08006c91   Thumb Code   200  stm32h7xx_hal_uart.o(i.UART_AdvFeatureConfig)
    UART_CheckIdleState                      0x08006d59   Thumb Code   170  stm32h7xx_hal_uart.o(i.UART_CheckIdleState)
    UART_SetConfig                           0x08006f35   Thumb Code   876  stm32h7xx_hal_uart.o(i.UART_SetConfig)
    UART_WaitOnFlagUntilTimeout              0x080072e1   Thumb Code   140  stm32h7xx_hal_uart.o(i.UART_WaitOnFlagUntilTimeout)
    UsageFault_Handler                       0x0800736d   Thumb Code     2  stm32h7xx_it.o(i.UsageFault_Handler)
    __ARM_fpclassifyf                        0x0800736f   Thumb Code    38  fpclassifyf.o(i.__ARM_fpclassifyf)
    __hardfp_cosf                            0x080073b9   Thumb Code   276  cosf.o(i.__hardfp_cosf)
    __hardfp_sinf                            0x08007509   Thumb Code   344  sinf.o(i.__hardfp_sinf)
    __hardfp_sqrtf                           0x0800769d   Thumb Code    58  sqrtf.o(i.__hardfp_sqrtf)
    __mathlib_flt_infnan                     0x080076d7   Thumb Code     6  funder.o(i.__mathlib_flt_infnan)
    __mathlib_flt_invalid                    0x080076dd   Thumb Code    10  funder.o(i.__mathlib_flt_invalid)
    __mathlib_flt_underflow                  0x080076ed   Thumb Code    10  funder.o(i.__mathlib_flt_underflow)
    __mathlib_rredf2                         0x080076fd   Thumb Code   316  rredf.o(i.__mathlib_rredf2)
    __scatterload_copy                       0x08007851   Thumb Code    14  handlers.o(i.__scatterload_copy)
    __scatterload_null                       0x0800785f   Thumb Code     2  handlers.o(i.__scatterload_null)
    __scatterload_zeroinit                   0x08007861   Thumb Code    14  handlers.o(i.__scatterload_zeroinit)
    __set_errno                              0x08007871   Thumb Code     6  errno.o(i.__set_errno)
    arm_cfft_f32                             0x0800787d   Thumb Code   204  arm_cfft_f32.o(i.arm_cfft_f32)
    arm_cfft_radix8by2_f32                   0x08007949   Thumb Code   402  arm_cfft_f32.o(i.arm_cfft_radix8by2_f32)
    arm_cfft_radix8by4_f32                   0x08007add   Thumb Code  1114  arm_cfft_f32.o(i.arm_cfft_radix8by4_f32)
    arm_radix8_butterfly_f32                 0x08007f39   Thumb Code  1212  arm_cfft_radix8_f32.o(i.arm_radix8_butterfly_f32)
    arm_rfft_fast_f32                        0x080083f5   Thumb Code    68  arm_rfft_fast_f32.o(i.arm_rfft_fast_f32)
    arm_rfft_fast_init_f32                   0x08008439   Thumb Code   198  arm_rfft_fast_init_f32.o(i.arm_rfft_fast_init_f32)
    debug_init                               0x080088f5   Thumb Code    12  debug.o(i.debug_init)
    debug_poll                               0x08008905   Thumb Code    92  debug.o(i.debug_poll)
    main                                     0x0800896d   Thumb Code  2282  main.o(i.main)
    merge_rfft_f32                           0x0800927d   Thumb Code   160  arm_rfft_fast_f32.o(i.merge_rfft_f32)
    stage_rfft_f32                           0x08009435   Thumb Code   164  arm_rfft_fast_f32.o(i.stage_rfft_f32)
    systick_tx_poll                          0x080094d9   Thumb Code   128  main.o(i.systick_tx_poll)
    UARTPrescTable                           0x080095e8   Data          24  stm32h7xx_hal_uart.o(.constdata)
    D1CorePrescTable                         0x08009600   Data          16  system_stm32h7xx.o(.constdata)
    twiddleCoef_16                           0x08009610   Data         128  arm_common_tables.o(.constdata)
    twiddleCoef_32                           0x08009690   Data         256  arm_common_tables.o(.constdata)
    twiddleCoef_64                           0x08009790   Data         512  arm_common_tables.o(.constdata)
    twiddleCoef_128                          0x08009990   Data        1024  arm_common_tables.o(.constdata)
    twiddleCoef_256                          0x08009d90   Data        2048  arm_common_tables.o(.constdata)
    twiddleCoef_512                          0x0800a590   Data        4096  arm_common_tables.o(.constdata)
    twiddleCoef_1024                         0x0800b590   Data        8192  arm_common_tables.o(.constdata)
    twiddleCoef_2048                         0x0800d590   Data       16384  arm_common_tables.o(.constdata)
    armBitRevIndexTable16                    0x08011590   Data          40  arm_common_tables.o(.constdata)
    armBitRevIndexTable32                    0x080115b8   Data          96  arm_common_tables.o(.constdata)
    armBitRevIndexTable64                    0x08011618   Data         112  arm_common_tables.o(.constdata)
    armBitRevIndexTable128                   0x08011688   Data         416  arm_common_tables.o(.constdata)
    armBitRevIndexTable256                   0x08011828   Data         880  arm_common_tables.o(.constdata)
    armBitRevIndexTable512                   0x08011b98   Data         896  arm_common_tables.o(.constdata)
    armBitRevIndexTable1024                  0x08011f18   Data        3600  arm_common_tables.o(.constdata)
    armBitRevIndexTable2048                  0x08012d28   Data        7616  arm_common_tables.o(.constdata)
    twiddleCoef_rfft_32                      0x08014ae8   Data         128  arm_common_tables.o(.constdata)
    twiddleCoef_rfft_64                      0x08014b68   Data         256  arm_common_tables.o(.constdata)
    twiddleCoef_rfft_128                     0x08014c68   Data         512  arm_common_tables.o(.constdata)
    twiddleCoef_rfft_256                     0x08014e68   Data        1024  arm_common_tables.o(.constdata)
    twiddleCoef_rfft_512                     0x08015268   Data        2048  arm_common_tables.o(.constdata)
    twiddleCoef_rfft_1024                    0x08015a68   Data        4096  arm_common_tables.o(.constdata)
    twiddleCoef_rfft_2048                    0x08016a68   Data        8192  arm_common_tables.o(.constdata)
    twiddleCoef_rfft_4096                    0x08018a68   Data       16384  arm_common_tables.o(.constdata)
    Region$$Table$$Base                      0x0801ca88   Number         0  anon$$obj.o(Region$$Table)
    Region$$Table$$Limit                     0x0801cac8   Number         0  anon$$obj.o(Region$$Table)
    diag_fft_snapshot_ch                     0x20006406   Data           1  main.o(.data)
    diag_stress_cur_idx                      0x20006409   Data           1  main.o(.data)
    diag_trig_q_drop_cnt                     0x20006414   Data           4  main.o(.data)
    diag_uart_hal_ok_cnt                     0x20006418   Data           4  main.o(.data)
    diag_uart_hal_fail_cnt                   0x2000641c   Data           4  main.o(.data)
    diag_loop_cnt                            0x20006420   Data           4  main.o(.data)
    diag_frame_seen_cnt                      0x20006424   Data           4  main.o(.data)
    diag_frame_gate_drop_cnt                 0x20006428   Data           4  main.o(.data)
    diag_prescan_hit_cnt                     0x2000642c   Data           4  main.o(.data)
    diag_fft_try_cnt                         0x20006430   Data           4  main.o(.data)
    diag_uart_evt_cnt                        0x20006434   Data           4  main.o(.data)
    diag_last_n_trig                         0x20006438   Data           4  main.o(.data)
    diag_last_state                          0x2000643c   Data           4  main.o(.data)
    diag_external_event_candidate_cnt        0x20006440   Data           4  main.o(.data)
    diag_external_dedup_skip_cnt             0x20006444   Data           4  main.o(.data)
    diag_external_noise_filter_cnt           0x20006448   Data           4  main.o(.data)
    diag_fft_max_bin                         0x2000644c   Data           4  main.o(.data)
    diag_fft_max_mag                         0x20006450   Data           4  main.o(.data)
    diag_fft_avg_mag                         0x20006454   Data           4  main.o(.data)
    diag_fft_used_fs                         0x20006458   Data           4  main.o(.data)
    diag_time_base_lo                        0x2000645c   Data           4  main.o(.data)
    diag_time_base_hi                        0x20006460   Data           4  main.o(.data)
    diag_dwt_baseline                        0x20006464   Data           4  main.o(.data)
    diag_systick_base                        0x20006468   Data           4  main.o(.data)
    diag_sysclk_hz                           0x2000646c   Data           4  main.o(.data)
    diag_adc1_smpr                           0x20006470   Data           4  main.o(.data)
    diag_adc2_smpr                           0x20006474   Data           4  main.o(.data)
    diag_adc3_smpr                           0x20006478   Data           4  main.o(.data)
    diag_adc1_cfgr                           0x2000647c   Data           4  main.o(.data)
    diag_adc2_cfgr                           0x20006480   Data           4  main.o(.data)
    diag_dma2_ndtr                           0x20006484   Data           4  main.o(.data)
    diag_dma1_ndtr                           0x20006488   Data           4  main.o(.data)
    diag_frame_process_cyc                   0x2000648c   Data           4  main.o(.data)
    diag_frame_process_max                   0x20006490   Data           4  main.o(.data)
    diag_frame_interval_cyc                  0x20006494   Data           4  main.o(.data)
    diag_idle_ratio                          0x20006498   Data           4  main.o(.data)
    diag_last_frame_cyc                      0x2000649c   Data           4  main.o(.data)
    diag_stress_burst_total                  0x200064a0   Data           4  main.o(.data)
    ch_dc_offset_valid                       0x200064b0   Data           4  main.o(.data)
    adc_fs_hz                                0x200064b4   Data           4  main.o(.data)
    ch_dc_offset                             0x20006500   Data          24  main.o(.bss)
    htim7                                    0x2000dd40   Data          76  dac.o(.bss)
    hdac1                                    0x2000dd8c   Data          20  dac.o(.bss)
    hdma_dac1_ch2                            0x2000dda0   Data         120  dac.o(.bss)
    diag_uart_q_drop_cnt                     0x24000000   Data           4  main.o(.AXI_SRAM)
    diag_uart_q_push_cnt                     0x24000004   Data           4  main.o(.AXI_SRAM)
    diag_uart_q_send_cnt                     0x24000008   Data           4  main.o(.AXI_SRAM)
    diag_last_noise_pp                       0x2400000c   Data          24  main.o(.AXI_SRAM)
    diag_last_thr                            0x24000024   Data          24  main.o(.AXI_SRAM)
    diag_last_max_dev                        0x2400003c   Data          24  main.o(.AXI_SRAM)
    diag_burst_max_dev                       0x24000054   Data          24  main.o(.AXI_SRAM)
    diag_evt_count_ch                        0x2400006c   Data          24  main.o(.AXI_SRAM)
    diag_evt_last_time_lo                    0x24000084   Data          24  main.o(.AXI_SRAM)
    diag_evt_last_time_hi                    0x2400009c   Data          24  main.o(.AXI_SRAM)
    diag_evt_last_freq                       0x240000b4   Data          24  main.o(.AXI_SRAM)
    diag_ch_last_fft_freq                    0x240000cc   Data          24  main.o(.AXI_SRAM)
    adc1_dma_half                            0x24068688   Data           1  adc.o(.data)
    adc1_dma_full                            0x24068689   Data           1  adc.o(.data)
    adc2_dma_half                            0x2406868a   Data           1  adc.o(.data)
    adc2_dma_full                            0x2406868b   Data           1  adc.o(.data)
    adc3_dma_half                            0x2406868c   Data           1  adc.o(.data)
    adc3_dma_full                            0x2406868d   Data           1  adc.o(.data)
    adc1_dma_half_cyc                        0x24068690   Data           4  adc.o(.data)
    adc1_dma_full_cyc                        0x24068694   Data           4  adc.o(.data)
    adc2_dma_half_cyc                        0x24068698   Data           4  adc.o(.data)
    adc2_dma_full_cyc                        0x2406869c   Data           4  adc.o(.data)
    adc3_dma_half_cyc                        0x240686a0   Data           4  adc.o(.data)
    adc3_dma_full_cyc                        0x240686a4   Data           4  adc.o(.data)
    dac_diag_tim_clk_hz                      0x240686ac   Data           4  dac.o(.data)
    dac_diag_arr                             0x240686b0   Data           4  dac.o(.data)
    dac_diag_actual_freq_hz                  0x240686b4   Data           4  dac.o(.data)
    uwTickFreq                               0x240686bc   Data           1  stm32h7xx_hal.o(.data)
    uwTickPrio                               0x240686c0   Data           4  stm32h7xx_hal.o(.data)
    uwTick                                   0x240686c4   Data           4  stm32h7xx_hal.o(.data)
    SystemCoreClock                          0x240686c8   Data           4  system_stm32h7xx.o(.data)
    SystemD2Clock                            0x240686cc   Data           4  system_stm32h7xx.o(.data)
    adc_start_status                         0x2406c8d4   Data          12  adc.o(.bss)
    adc_error_status                         0x2406c8e0   Data          12  adc.o(.bss)
    dma_error_status                         0x2406c8ec   Data          12  adc.o(.bss)
    diag_adc_err_cnt                         0x2406c8f8   Data          12  adc.o(.bss)
    diag_adc_err_code                        0x2406c904   Data          12  adc.o(.bss)
    hadc1                                    0x2406c910   Data         100  adc.o(.bss)
    hadc2                                    0x2406c974   Data         100  adc.o(.bss)
    hadc3                                    0x2406c9d8   Data         100  adc.o(.bss)
    hdma_adc1                                0x2406ca3c   Data         120  adc.o(.bss)
    hdma_adc2                                0x2406cab4   Data         120  adc.o(.bss)
    hdma_adc3                                0x2406cb2c   Data         120  adc.o(.bss)
    diag_adc_err_recover_cnt                 0x2406cba4   Data          12  adc.o(.bss)
    hdebug_uart                              0x2406cbb0   Data         148  usart.o(.bss)
    hrs485_uart                              0x2406cc44   Data         148  usart.o(.bss)
    hlog_uart                                0x2406ccd8   Data         148  usart.o(.bss)
    hdma_uart7_tx                            0x2406cd6c   Data         120  usart.o(.bss)
    __initial_sp                             0x2406dde8   Data           0  startup_stm32h750xx.o(STACK)
    adc1_buf                                 0x24070000   Data       32768  adc.o(.ARM.__AT_0x24070000)
    adc2_buf                                 0x24078000   Data       32768  adc.o(.ARM.__AT_0x24078000)
    adc3_buf                                 0x38000000   Data       32768  adc.o(.ARM.__AT_0x38000000)



==============================================================================

Memory Map of the image

  Image Entry point : 0x08000299

  Load Region LR_IROM1 (Base: 0x08000000, Size: 0x0008b69c, Max: 0x00020000, ABSOLUTE, COMPRESSED[0x0001d8d0])

    Execution Region ER_IROM1 (Base: 0x08000000, Size: 0x0001cac8, Max: 0x00020000, ABSOLUTE)

    Base Addr    Size         Type   Attr      Idx    E Section Name        Object

    0x08000000   0x00000298   Data   RO            3    RESET               startup_stm32h750xx.o
    0x08000298   0x00000000   Code   RO         5000  * .ARM.Collect$$$$00000000  mc_w.l(entry.o)
    0x08000298   0x00000004   Code   RO         5060    .ARM.Collect$$$$00000001  mc_w.l(entry2.o)
    0x0800029c   0x00000004   Code   RO         5063    .ARM.Collect$$$$00000004  mc_w.l(entry5.o)
    0x080002a0   0x00000000   Code   RO         5065    .ARM.Collect$$$$00000008  mc_w.l(entry7b.o)
    0x080002a0   0x00000000   Code   RO         5067    .ARM.Collect$$$$0000000A  mc_w.l(entry8b.o)
    0x080002a0   0x00000008   Code   RO         5068    .ARM.Collect$$$$0000000B  mc_w.l(entry9a.o)
    0x080002a8   0x00000000   Code   RO         5070    .ARM.Collect$$$$0000000D  mc_w.l(entry10a.o)
    0x080002a8   0x00000000   Code   RO         5072    .ARM.Collect$$$$0000000F  mc_w.l(entry11a.o)
    0x080002a8   0x00000004   Code   RO         5061    .ARM.Collect$$$$00002712  mc_w.l(entry2.o)
    0x080002ac   0x00000024   Code   RO            4    .text               startup_stm32h750xx.o
    0x080002d0   0x000000c0   Code   RO         4761    .text               arm_bitreversal2.o
    0x08000390   0x00000062   Code   RO         5003    .text               mc_w.l(uldiv.o)
    0x080003f2   0x00000024   Code   RO         5005    .text               mc_w.l(memcpya.o)
    0x08000416   0x00000024   Code   RO         5007    .text               mc_w.l(memseta.o)
    0x0800043a   0x0000002c   Code   RO         5039    .text               mf_w.l(ffixul.o)
    0x08000466   0x0000001e   Code   RO         5077    .text               mc_w.l(llshl.o)
    0x08000484   0x00000020   Code   RO         5079    .text               mc_w.l(llushr.o)
    0x080004a4   0x00000000   Code   RO         5088    .text               mc_w.l(iusefp.o)
    0x080004a4   0x00000024   Code   RO         5099    .text               mc_w.l(init.o)
    0x080004c8   0x00000056   Code   RO         5113    .text               mc_w.l(__dczerorl2.o)
    0x0800051e   0x00000002   PAD
    0x08000520   0x00000108   Code   RO          919    i.ADC_ConfigureBoostMode  stm32h7xx_hal_adc.o
    0x08000628   0x000000e4   Code   RO          920    i.ADC_ConversionStop  stm32h7xx_hal_adc.o
    0x0800070c   0x00000068   Code   RO          921    i.ADC_DMAConvCplt   stm32h7xx_hal_adc.o
    0x08000774   0x0000001a   Code   RO          922    i.ADC_DMAError      stm32h7xx_hal_adc.o
    0x0800078e   0x0000000a   Code   RO          923    i.ADC_DMAHalfConvCplt  stm32h7xx_hal_adc.o
    0x08000798   0x00000070   Code   RO          924    i.ADC_Disable       stm32h7xx_hal_adc.o
    0x08000808   0x000000a8   Code   RO          925    i.ADC_Enable        stm32h7xx_hal_adc.o
    0x080008b0   0x0000000c   Code   RO          576    i.BDMA_Channel0_IRQHandler  stm32h7xx_it.o
    0x080008bc   0x00000002   Code   RO          577    i.BusFault_Handler  stm32h7xx_it.o
    0x080008be   0x00000002   PAD
    0x080008c0   0x00000088   Code   RO          202    i.CPU_CACHE_Enable  main.o
    0x08000948   0x0000010c   Code   RO          203    i.Calc_DC_Offset_Baseline  main.o
    0x08000a54   0x00000264   Code   RO          204    i.Calc_FFT_Frequency_in_Frame_SingleCh  main.o
    0x08000cb8   0x00000178   Code   RO          705    i.DAC_Build_Composite_Waveform  dac.o
    0x08000e30   0x00000034   Code   RO          706    i.DAC_DMA_Stop_NonBlocking  dac.o
    0x08000e64   0x000000c0   Code   RO          709    i.DAC_Output_Sine   dac.o
    0x08000f24   0x00000058   Code   RO          711    i.DAC_Set_CH2_Freq  dac.o
    0x08000f7c   0x0000000c   Code   RO          578    i.DMA1_Stream0_IRQHandler  stm32h7xx_it.o
    0x08000f88   0x0000000c   Code   RO          579    i.DMA2_Stream0_IRQHandler  stm32h7xx_it.o
    0x08000f94   0x0000000c   Code   RO          580    i.DMA2_Stream1_IRQHandler  stm32h7xx_it.o
    0x08000fa0   0x000000b4   Code   RO         1990    i.DMA_CalcBaseAndBitshift  stm32h7xx_hal_dma.o
    0x08001054   0x0000009c   Code   RO         1991    i.DMA_CalcDMAMUXChannelBaseAndMask  stm32h7xx_hal_dma.o
    0x080010f0   0x00000074   Code   RO         1992    i.DMA_CalcDMAMUXRequestGenBaseAndMask  stm32h7xx_hal_dma.o
    0x08001164   0x00000054   Code   RO         1993    i.DMA_CheckFifoParam  stm32h7xx_hal_dma.o
    0x080011b8   0x00000220   Code   RO         1994    i.DMA_SetConfig     stm32h7xx_hal_dma.o
    0x080013d8   0x0000006c   Code   RO          205    i.DWT_Init          main.o
    0x08001444   0x00000002   Code   RO          581    i.DebugMon_Handler  stm32h7xx_it.o
    0x08001446   0x00000002   PAD
    0x08001448   0x00000030   Code   RO          206    i.Error_Handler     main.o
    0x08001478   0x000002b8   Code   RO          207    i.FFT_Benchmark     main.o
    0x08001730   0x000000b8   Code   RO          208    i.FFT_Tables_Init   main.o
    0x080017e8   0x000000f6   Code   RO          209    i.Find_FirstPeak_in_Frame  main.o
    0x080018de   0x00000002   PAD
    0x080018e0   0x0000009c   Code   RO         1141    i.HAL_ADCEx_Calibration_Start  stm32h7xx_hal_adc_ex.o
    0x0800197c   0x000003d8   Code   RO          927    i.HAL_ADC_ConfigChannel  stm32h7xx_hal_adc.o
    0x08001d54   0x00000048   Code   RO          420    i.HAL_ADC_ConvCpltCallback  adc.o
    0x08001d9c   0x00000048   Code   RO          421    i.HAL_ADC_ConvHalfCpltCallback  adc.o
    0x08001de4   0x00000068   Code   RO          422    i.HAL_ADC_ErrorCallback  adc.o
    0x08001e4c   0x00000004   Code   RO          932    i.HAL_ADC_GetError  stm32h7xx_hal_adc.o
    0x08001e50   0x00000228   Code   RO          936    i.HAL_ADC_Init      stm32h7xx_hal_adc.o
    0x08002078   0x00000280   Code   RO          424    i.HAL_ADC_MspInit   adc.o
    0x080022f8   0x00000108   Code   RO          943    i.HAL_ADC_Start_DMA  stm32h7xx_hal_adc.o
    0x08002400   0x0000007a   Code   RO          946    i.HAL_ADC_Stop_DMA  stm32h7xx_hal_adc.o
    0x0800247a   0x00000002   PAD
    0x0800247c   0x00000360   Code   RO         1995    i.HAL_DMA_Abort     stm32h7xx_hal_dma.o
    0x080027dc   0x00000284   Code   RO         1996    i.HAL_DMA_Abort_IT  stm32h7xx_hal_dma.o
    0x08002a60   0x00000004   Code   RO         1998    i.HAL_DMA_GetError  stm32h7xx_hal_dma.o
    0x08002a64   0x000006e8   Code   RO         2000    i.HAL_DMA_IRQHandler  stm32h7xx_hal_dma.o
    0x0800314c   0x000003c4   Code   RO         2001    i.HAL_DMA_Init      stm32h7xx_hal_dma.o
    0x08003510   0x00000170   Code   RO         2004    i.HAL_DMA_Start     stm32h7xx_hal_dma.o
    0x08003680   0x0000029c   Code   RO         2005    i.HAL_DMA_Start_IT  stm32h7xx_hal_dma.o
    0x0800391c   0x00000024   Code   RO         2721    i.HAL_Delay         stm32h7xx_hal.o
    0x08003940   0x0000022c   Code   RO         1843    i.HAL_GPIO_Init     stm32h7xx_hal_gpio.o
    0x08003b6c   0x00000010   Code   RO         1846    i.HAL_GPIO_TogglePin  stm32h7xx_hal_gpio.o
    0x08003b7c   0x0000000a   Code   RO         1847    i.HAL_GPIO_WritePin  stm32h7xx_hal_gpio.o
    0x08003b86   0x00000002   PAD
    0x08003b88   0x0000000c   Code   RO         2732    i.HAL_GetREVID      stm32h7xx_hal.o
    0x08003b94   0x0000000c   Code   RO         2733    i.HAL_GetTick       stm32h7xx_hal.o
    0x08003ba0   0x00000010   Code   RO         2739    i.HAL_IncTick       stm32h7xx_hal.o
    0x08003bb0   0x0000005c   Code   RO         2740    i.HAL_Init          stm32h7xx_hal.o
    0x08003c0c   0x00000040   Code   RO         2741    i.HAL_InitTick      stm32h7xx_hal.o
    0x08003c4c   0x0000005c   Code   RO         2574    i.HAL_MPU_ConfigRegion  stm32h7xx_hal_cortex.o
    0x08003ca8   0x0000001c   Code   RO         2575    i.HAL_MPU_Disable   stm32h7xx_hal_cortex.o
    0x08003cc4   0x00000024   Code   RO         2576    i.HAL_MPU_Enable    stm32h7xx_hal_cortex.o
    0x08003ce8   0x00000038   Code   RO          681    i.HAL_MspInit       stm32h7xx_hal_msp.o
    0x08003d20   0x0000001a   Code   RO         2579    i.HAL_NVIC_EnableIRQ  stm32h7xx_hal_cortex.o
    0x08003d3a   0x00000002   PAD
    0x08003d3c   0x00000040   Code   RO         2585    i.HAL_NVIC_SetPriority  stm32h7xx_hal_cortex.o
    0x08003d7c   0x00000024   Code   RO         2586    i.HAL_NVIC_SetPriorityGrouping  stm32h7xx_hal_cortex.o
    0x08003da0   0x00000054   Code   RO         2320    i.HAL_PWREx_ConfigSupply  stm32h7xx_hal_pwr_ex.o
    0x08003df4   0x00000024   Code   RO         1486    i.HAL_RCCEx_GetD3PCLK1Freq  stm32h7xx_hal_rcc_ex.o
    0x08003e18   0x00000148   Code   RO         1487    i.HAL_RCCEx_GetPLL1ClockFreq  stm32h7xx_hal_rcc_ex.o
    0x08003f60   0x00000144   Code   RO         1488    i.HAL_RCCEx_GetPLL2ClockFreq  stm32h7xx_hal_rcc_ex.o
    0x080040a4   0x00000144   Code   RO         1489    i.HAL_RCCEx_GetPLL3ClockFreq  stm32h7xx_hal_rcc_ex.o
    0x080041e8   0x000002c8   Code   RO         1491    i.HAL_RCCEx_GetPeriphCLKFreq  stm32h7xx_hal_rcc_ex.o
    0x080044b0   0x000009ac   Code   RO         1495    i.HAL_RCCEx_PeriphCLKConfig  stm32h7xx_hal_rcc_ex.o
    0x08004e5c   0x0000025c   Code   RO         1371    i.HAL_RCC_ClockConfig  stm32h7xx_hal_rcc.o
    0x080050b8   0x00000044   Code   RO         1376    i.HAL_RCC_GetHCLKFreq  stm32h7xx_hal_rcc.o
    0x080050fc   0x00000024   Code   RO         1378    i.HAL_RCC_GetPCLK1Freq  stm32h7xx_hal_rcc.o
    0x08005120   0x00000024   Code   RO         1379    i.HAL_RCC_GetPCLK2Freq  stm32h7xx_hal_rcc.o
    0x08005144   0x00000138   Code   RO         1380    i.HAL_RCC_GetSysClockFreq  stm32h7xx_hal_rcc.o
    0x0800527c   0x00000582   Code   RO         1383    i.HAL_RCC_OscConfig  stm32h7xx_hal_rcc.o
    0x080057fe   0x00000002   PAD
    0x08005800   0x00000010   Code   RO         2751    i.HAL_SYSCFG_DisableVREFBUF  stm32h7xx_hal.o
    0x08005810   0x00000014   Code   RO         2756    i.HAL_SYSCFG_VREFBUF_HighImpedanceConfig  stm32h7xx_hal.o
    0x08005824   0x00000026   Code   RO         2590    i.HAL_SYSTICK_Config  stm32h7xx_hal_cortex.o
    0x0800584a   0x00000002   PAD
    0x0800584c   0x000000a4   Code   RO         3854    i.HAL_TIMEx_MasterConfigSynchronization  stm32h7xx_hal_tim_ex.o
    0x080058f0   0x00000062   Code   RO         3118    i.HAL_TIM_Base_Init  stm32h7xx_hal_tim.o
    0x08005952   0x00000002   PAD
    0x08005954   0x00000044   Code   RO          510    i.HAL_TIM_Base_MspInit  tim.o
    0x08005998   0x00000080   Code   RO         3121    i.HAL_TIM_Base_Start  stm32h7xx_hal_tim.o
    0x08005a18   0x00000026   Code   RO         3124    i.HAL_TIM_Base_Stop  stm32h7xx_hal_tim.o
    0x08005a3e   0x00000002   Code   RO         4132    i.HAL_UARTEx_RxEventCallback  stm32h7xx_hal_uart.o
    0x08005a40   0x00000002   Code   RO         4551    i.HAL_UARTEx_RxFifoFullCallback  stm32h7xx_hal_uart_ex.o
    0x08005a42   0x00000002   Code   RO         4555    i.HAL_UARTEx_TxFifoEmptyCallback  stm32h7xx_hal_uart_ex.o
    0x08005a44   0x00000002   Code   RO         4556    i.HAL_UARTEx_WakeupCallback  stm32h7xx_hal_uart_ex.o
    0x08005a46   0x00000002   Code   RO         4148    i.HAL_UART_ErrorCallback  stm32h7xx_hal_uart.o
    0x08005a48   0x0000000e   Code   RO         4150    i.HAL_UART_GetState  stm32h7xx_hal_uart.o
    0x08005a56   0x00000002   PAD
    0x08005a58   0x00000388   Code   RO         4151    i.HAL_UART_IRQHandler  stm32h7xx_hal_uart.o
    0x08005de0   0x0000006a   Code   RO         4152    i.HAL_UART_Init     stm32h7xx_hal_uart.o
    0x08005e4a   0x00000002   PAD
    0x08005e4c   0x00000194   Code   RO          850    i.HAL_UART_MspInit  usart.o
    0x08005fe0   0x000000b0   Code   RO         4161    i.HAL_UART_Transmit  stm32h7xx_hal_uart.o
    0x08006090   0x00000090   Code   RO         4162    i.HAL_UART_Transmit_DMA  stm32h7xx_hal_uart.o
    0x08006120   0x0000001c   Code   RO          210    i.HAL_UART_TxCpltCallback  main.o
    0x0800613c   0x00000002   Code   RO         4165    i.HAL_UART_TxHalfCpltCallback  stm32h7xx_hal_uart.o
    0x0800613e   0x00000002   Code   RO          582    i.HardFault_Handler  stm32h7xx_it.o
    0x08006140   0x00000008   Code   RO          948    i.LL_ADC_INJ_IsConversionOngoing  stm32h7xx_hal_adc.o
    0x08006148   0x00000008   Code   RO          949    i.LL_ADC_REG_IsConversionOngoing  stm32h7xx_hal_adc.o
    0x08006150   0x00000010   Code   RO          950    i.LL_ADC_REG_IsTriggerSourceSWStart  stm32h7xx_hal_adc.o
    0x08006160   0x0000001e   Code   RO          952    i.LL_ADC_SetChannelSamplingTime  stm32h7xx_hal_adc.o
    0x0800617e   0x0000010a   Code   RO          211    i.MPU_Config        main.o
    0x08006288   0x000000b0   Code   RO          719    i.MX_DAC1_Init      dac.o
    0x08006338   0x00000038   Code   RO          851    i.MX_DEBUG_UART_Init  usart.o
    0x08006370   0x000000bc   Code   RO          396    i.MX_GPIO_Init      gpio.o
    0x0800642c   0x0000004c   Code   RO          720    i.MX_TIM7_Init      dac.o
    0x08006478   0x000000a8   Code   RO          425    i.MY_ADC1_Init      adc.o
    0x08006520   0x000000a8   Code   RO          426    i.MY_ADC2_Init      adc.o
    0x080065c8   0x000000a0   Code   RO          427    i.MY_ADC3_Init      adc.o
    0x08006668   0x000000c4   Code   RO          428    i.MY_ADC_Start      adc.o
    0x0800672c   0x00000020   Code   RO          429    i.MY_ADC_Stop       adc.o
    0x0800674c   0x00000002   Code   RO          583    i.MemManage_Handler  stm32h7xx_it.o
    0x0800674e   0x00000002   Code   RO          584    i.NMI_Handler       stm32h7xx_it.o
    0x08006750   0x00000002   Code   RO          585    i.PendSV_Handler    stm32h7xx_it.o
    0x08006752   0x00000002   PAD
    0x08006754   0x00000120   Code   RO         1498    i.RCCEx_PLL2_Config  stm32h7xx_hal_rcc_ex.o
    0x08006874   0x00000120   Code   RO         1499    i.RCCEx_PLL3_Config  stm32h7xx_hal_rcc_ex.o
    0x08006994   0x000000a0   Code   RO          212    i.Refine_Peak_SubSample  main.o
    0x08006a34   0x00000002   Code   RO          586    i.SVC_Handler       stm32h7xx_it.o
    0x08006a36   0x0000000e   Code   RO          587    i.SysTick_Handler   stm32h7xx_it.o
    0x08006a44   0x000000e0   Code   RO          213    i.SystemClock_Config  main.o
    0x08006b24   0x0000009c   Code   RO         4662    i.SystemInit        system_stm32h7xx.o
    0x08006bc0   0x000000c4   Code   RO         3211    i.TIM_Base_SetConfig  stm32h7xx_hal_tim.o
    0x08006c84   0x0000000c   Code   RO          588    i.UART7_IRQHandler  stm32h7xx_it.o
    0x08006c90   0x000000c8   Code   RO         4166    i.UART_AdvFeatureConfig  stm32h7xx_hal_uart.o
    0x08006d58   0x000000aa   Code   RO         4167    i.UART_CheckIdleState  stm32h7xx_hal_uart.o
    0x08006e02   0x00000014   Code   RO         4168    i.UART_DMAAbortOnError  stm32h7xx_hal_uart.o
    0x08006e16   0x0000004e   Code   RO         4169    i.UART_DMAError     stm32h7xx_hal_uart.o
    0x08006e64   0x00000040   Code   RO         4174    i.UART_DMATransmitCplt  stm32h7xx_hal_uart.o
    0x08006ea4   0x0000000a   Code   RO         4176    i.UART_DMATxHalfCplt  stm32h7xx_hal_uart.o
    0x08006eae   0x00000002   PAD
    0x08006eb0   0x00000054   Code   RO         4178    i.UART_EndRxTransfer  stm32h7xx_hal_uart.o
    0x08006f04   0x0000002e   Code   RO         4179    i.UART_EndTxTransfer  stm32h7xx_hal_uart.o
    0x08006f32   0x00000002   PAD
    0x08006f34   0x000003ac   Code   RO         4184    i.UART_SetConfig    stm32h7xx_hal_uart.o
    0x080072e0   0x0000008c   Code   RO         4191    i.UART_WaitOnFlagUntilTimeout  stm32h7xx_hal_uart.o
    0x0800736c   0x00000002   Code   RO          589    i.UsageFault_Handler  stm32h7xx_it.o
    0x0800736e   0x00000026   Code   RO         5041    i.__ARM_fpclassifyf  m_wv.l(fpclassifyf.o)
    0x08007394   0x00000022   Code   RO         2592    i.__NVIC_SetPriority  stm32h7xx_hal_cortex.o
    0x080073b6   0x00000002   PAD
    0x080073b8   0x00000150   Code   RO         4964    i.__hardfp_cosf     m_wv.l(cosf.o)
    0x08007508   0x00000194   Code   RO         4976    i.__hardfp_sinf     m_wv.l(sinf.o)
    0x0800769c   0x0000003a   Code   RO         4988    i.__hardfp_sqrtf    m_wv.l(sqrtf.o)
    0x080076d6   0x00000006   Code   RO         5044    i.__mathlib_flt_infnan  m_wv.l(funder.o)
    0x080076dc   0x00000010   Code   RO         5046    i.__mathlib_flt_invalid  m_wv.l(funder.o)
    0x080076ec   0x00000010   Code   RO         5049    i.__mathlib_flt_underflow  m_wv.l(funder.o)
    0x080076fc   0x00000154   Code   RO         5057    i.__mathlib_rredf2  m_wv.l(rredf.o)
    0x08007850   0x0000000e   Code   RO         5107    i.__scatterload_copy  mc_w.l(handlers.o)
    0x0800785e   0x00000002   Code   RO         5108    i.__scatterload_null  mc_w.l(handlers.o)
    0x08007860   0x0000000e   Code   RO         5109    i.__scatterload_zeroinit  mc_w.l(handlers.o)
    0x0800786e   0x00000002   PAD
    0x08007870   0x0000000c   Code   RO         5083    i.__set_errno       mc_w.l(errno.o)
    0x0800787c   0x000000cc   Code   RO         4698    i.arm_cfft_f32      arm_cfft_f32.o
    0x08007948   0x00000192   Code   RO         4699    i.arm_cfft_radix8by2_f32  arm_cfft_f32.o
    0x08007ada   0x00000002   PAD
    0x08007adc   0x0000045a   Code   RO         4700    i.arm_cfft_radix8by4_f32  arm_cfft_f32.o
    0x08007f36   0x00000002   PAD
    0x08007f38   0x000004bc   Code   RO         4740    i.arm_radix8_butterfly_f32  arm_cfft_radix8_f32.o
    0x080083f4   0x00000044   Code   RO         4907    i.arm_rfft_fast_f32  arm_rfft_fast_f32.o
    0x08008438   0x00000128   Code   RO         4943    i.arm_rfft_fast_init_f32  arm_rfft_fast_init_f32.o
    0x08008560   0x00000308   Code   RO          214    i.check_dma_and_push_frames  main.o
    0x08008868   0x0000008c   Code   RO          723    i.dac_sine_table_init  dac.o
    0x080088f4   0x00000010   Code   RO           15    i.debug_init        debug.o
    0x08008904   0x00000068   Code   RO           16    i.debug_poll        debug.o
    0x0800896c   0x00000910   Code   RO          215    i.main              main.o
    0x0800927c   0x000000a0   Code   RO         4908    i.merge_rfft_f32    arm_rfft_fast_f32.o
    0x0800931c   0x00000118   Code   RO          216    i.push_frame_from_dma  main.o
    0x08009434   0x000000a4   Code   RO         4909    i.stage_rfft_f32    arm_rfft_fast_f32.o
    0x080094d8   0x00000090   Code   RO          217    i.systick_tx_poll   main.o
    0x08009568   0x00000078   Data   RO          224    .constdata          main.o
    0x080095e0   0x00000008   Data   RO         2007    .constdata          stm32h7xx_hal_dma.o
    0x080095e8   0x00000018   Data   RO         4192    .constdata          stm32h7xx_hal_uart.o
    0x08009600   0x00000010   Data   RO         4663    .constdata          system_stm32h7xx.o
    0x08009610   0x00000080   Data   RO         4769    .constdata          arm_common_tables.o
    0x08009690   0x00000100   Data   RO         4770    .constdata          arm_common_tables.o
    0x08009790   0x00000200   Data   RO         4771    .constdata          arm_common_tables.o
    0x08009990   0x00000400   Data   RO         4772    .constdata          arm_common_tables.o
    0x08009d90   0x00000800   Data   RO         4773    .constdata          arm_common_tables.o
    0x0800a590   0x00001000   Data   RO         4774    .constdata          arm_common_tables.o
    0x0800b590   0x00002000   Data   RO         4775    .constdata          arm_common_tables.o
    0x0800d590   0x00004000   Data   RO         4776    .constdata          arm_common_tables.o
    0x08011590   0x00000028   Data   RO         4798    .constdata          arm_common_tables.o
    0x080115b8   0x00000060   Data   RO         4799    .constdata          arm_common_tables.o
    0x08011618   0x00000070   Data   RO         4800    .constdata          arm_common_tables.o
    0x08011688   0x000001a0   Data   RO         4801    .constdata          arm_common_tables.o
    0x08011828   0x00000370   Data   RO         4802    .constdata          arm_common_tables.o
    0x08011b98   0x00000380   Data   RO         4803    .constdata          arm_common_tables.o
    0x08011f18   0x00000e10   Data   RO         4804    .constdata          arm_common_tables.o
    0x08012d28   0x00001dc0   Data   RO         4805    .constdata          arm_common_tables.o
    0x08014ae8   0x00000080   Data   RO         4816    .constdata          arm_common_tables.o
    0x08014b68   0x00000100   Data   RO         4817    .constdata          arm_common_tables.o
    0x08014c68   0x00000200   Data   RO         4818    .constdata          arm_common_tables.o
    0x08014e68   0x00000400   Data   RO         4819    .constdata          arm_common_tables.o
    0x08015268   0x00000800   Data   RO         4820    .constdata          arm_common_tables.o
    0x08015a68   0x00001000   Data   RO         4821    .constdata          arm_common_tables.o
    0x08016a68   0x00002000   Data   RO         4822    .constdata          arm_common_tables.o
    0x08018a68   0x00004000   Data   RO         4823    .constdata          arm_common_tables.o
    0x0801ca68   0x00000020   Data   RO         5058    .constdata          m_wv.l(rredf.o)
    0x0801ca88   0x00000040   Data   RO         5105    Region$$Table       anon$$obj.o


    Execution Region RW_IRAM1 (Base: 0x20000000, Size: 0x0000de18, Max: 0x00020000, ABSOLUTE, COMPRESSED[0x000000dc])

    Base Addr    Size         Type   Attr      Idx    E Section Name        Object

    0x20000000   0x00006400   Data   RW          222    .DTCMRAM            main.o
    0x20006400   0x00000100   Data   RW          225    .data               main.o
    0x20006500   0x00007840   Zero   RW          223    .bss                main.o
    0x2000dd40   0x000000d8   Zero   RW          726    .bss                dac.o


    Execution Region RW_IRAM2 (Base: 0x24000000, Size: 0x00080000, Max: 0x00080000, ABSOLUTE, COMPRESSED[0x00000d2c])

    Base Addr    Size         Type   Attr      Idx    E Section Name        Object

    0x24000000   0x00068680   Data   RW          218    .AXI_SRAM           main.o
    0x24068680   0x00000008   Data   RW           20    .data               debug.o
    0x24068688   0x00000020   Data   RW          435    .data               adc.o
    0x240686a8   0x00000014   Data   RW          728    .data               dac.o
    0x240686bc   0x0000000c   Data   RW         2762    .data               stm32h7xx_hal.o
    0x240686c8   0x00000008   Data   RW         4664    .data               system_stm32h7xx.o
    0x240686d0   0x00000004   Data   RW         5084    .data               mc_w.l(errno.o)
    0x240686d4   0x00004200   Zero   RW           19    .bss                debug.o
    0x2406c8d4   0x000002d0   Zero   RW          433    .bss                adc.o
    0x2406cba4   0x0000000c   Zero   RW          434    .bss                adc.o
    0x2406cbb0   0x00000234   Zero   RW          856    .bss                usart.o
    0x2406cde4   0x00000004   PAD
    0x2406cde8   0x00001000   Zero   RW            1    STACK               startup_stm32h750xx.o
    0x2406dde8   0x00000218   PAD
    0x2406e000   0x00000080   Zero   RW          724    .ARM.__AT_0x2406E000  dac.o
    0x2406e080   0x00000380   PAD
    0x2406e400   0x00000080   Zero   RW          725    .ARM.__AT_0x2406E400  dac.o
    0x2406e480   0x00001b80   PAD
    0x24070000   0x00008000   Zero   RW          430    .ARM.__AT_0x24070000  adc.o
    0x24078000   0x00008000   Zero   RW          431    .ARM.__AT_0x24078000  adc.o



  Load Region LR$$.ARM.__AT_0x38000000 (Base: 0x38000000, Size: 0x00000000, Max: 0x00008000, ABSOLUTE)

    Execution Region ER$$.ARM.__AT_0x38000000 (Base: 0x38000000, Size: 0x00008000, Max: 0x00008000, ABSOLUTE, UNINIT)

    Base Addr    Size         Type   Attr      Idx    E Section Name        Object

    0x38000000   0x00008000   Zero   RW          432    .ARM.__AT_0x38000000  adc.o


==============================================================================

Image component sizes


      Code (inc. data)   RO Data    RW Data    ZI Data      Debug   Object Name

      1612        172          0         32      99036       7634   adc.o
       192          0          0          0          0        528   arm_bitreversal2.o
      1720          0          0          0          0       4581   arm_cfft_f32.o
      1212          4          0          0          0       2515   arm_cfft_radix8_f32.o
         0          0      78936          0          0       4668   arm_common_tables.o
       392          0          0          0          0       2734   arm_rfft_fast_f32.o
       296         98          0          0          0       1161   arm_rfft_fast_init_f32.o
      1100        140          0         20        472      41704   dac.o
       120         16          0          8      16896    1335142   debug.o
       188         12          0          0          0        955   gpio.o
      6496        466        120     453504      30784      79247   main.o
        36          8        664          0       4096        816   startup_stm32h750xx.o
       268         54          0         12          0      24145   stm32h7xx_hal.o
      2900        220          0          0          0      75013   stm32h7xx_hal_adc.o
       156         10          0          0          0      61946   stm32h7xx_hal_adc_ex.o
       354         28          0          0          0      41157   stm32h7xx_hal_cortex.o
      6360        276          8          0          0      11553   stm32h7xx_hal_dma.o
       582         50          0          0          0       2553   stm32h7xx_hal_gpio.o
        56          6          0          0          0        822   stm32h7xx_hal_msp.o
        84          6          0          0          0        729   stm32h7xx_hal_pwr_ex.o
      2466        102          0          0          0       6480   stm32h7xx_hal_rcc.o
      4776        174          0          0          0       9459   stm32h7xx_hal_rcc_ex.o
       460         66          0          0          0       4028   stm32h7xx_hal_tim.o
       164         30          0          0          0       1336   stm32h7xx_hal_tim_ex.o
      3102        150         24          0          0      33312   stm32h7xx_hal_uart.o
         6          0          0          0          0       2117   stm32h7xx_hal_uart_ex.o
        90         30          0          0          0       6318   stm32h7xx_it.o
       156         22         16          8          0       1326   system_stm32h7xx.o
        68         14          0          0          0        815   tim.o
       460         46          0          0        564       2230   usart.o

    ----------------------------------------------------------------------
     35906       2200      79832     453584     160324    1767024   Object Totals
         0          0         64          0          0          0   (incl. Generated)
        34          0          0          0       8476          0   (incl. Padding)

    ----------------------------------------------------------------------

      Code (inc. data)   RO Data    RW Data    ZI Data      Debug   Library Member Name

       336         60          0          0          0        136   cosf.o
        38          0          0          0          0        116   fpclassifyf.o
        38         12          0          0          0        348   funder.o
       340         24         32          0          0        160   rredf.o
       404         60          0          0          0        212   sinf.o
        58          0          0          0          0        136   sqrtf.o
        86          0          0          0          0          0   __dczerorl2.o
         0          0          0          0          0          0   entry.o
         0          0          0          0          0          0   entry10a.o
         0          0          0          0          0          0   entry11a.o
         8          4          0          0          0          0   entry2.o
         4          0          0          0          0          0   entry5.o
         0          0          0          0          0          0   entry7b.o
         0          0          0          0          0          0   entry8b.o
         8          4          0          0          0          0   entry9a.o
        12          6          0          4          0         68   errno.o
        30          0          0          0          0          0   handlers.o
        36          8          0          0          0         68   init.o
         0          0          0          0          0          0   iusefp.o
        30          0          0          0          0         68   llshl.o
        32          0          0          0          0         68   llushr.o
        36          0          0          0          0         68   memcpya.o
        36          0          0          0          0        108   memseta.o
        98          0          0          0          0         92   uldiv.o
        44          0          0          0          0         68   ffixul.o

    ----------------------------------------------------------------------
      1678        178         32          4          0       1716   Library Totals
         4          0          0          0          0          0   (incl. Padding)

    ----------------------------------------------------------------------

      Code (inc. data)   RO Data    RW Data    ZI Data      Debug   Library Name

      1214        156         32          0          0       1108   m_wv.l
       416         22          0          4          0        540   mc_w.l
        44          0          0          0          0         68   mf_w.l

    ----------------------------------------------------------------------
      1678        178         32          4          0       1716   Library Totals

    ----------------------------------------------------------------------

==============================================================================


      Code (inc. data)   RO Data    RW Data    ZI Data      Debug   

     37584       2378      79864     453588     160324    1753916   Grand Totals
     37584       2378      79864       3592     160324    1753916   ELF Image Totals (compressed)
     37584       2378      79864       3592          0          0   ROM Totals

==============================================================================

    Total RO  Size (Code + RO Data)               117448 ( 114.70kB)
    Total RW  Size (RW Data + ZI Data)            613912 ( 599.52kB)
    Total ROM Size (Code + RO Data + RW Data)     121040 ( 118.20kB)

==============================================================================

