Component: ARM Compiler 5.05 update 1 (build 106) Tool: armlink [4d0efa]

==============================================================================

Section Cross References

    startup_stm32h750xx.o(RESET) refers to startup_stm32h750xx.o(STACK) for __initial_sp
    startup_stm32h750xx.o(RESET) refers to startup_stm32h750xx.o(.text) for Reset_Handler
    startup_stm32h750xx.o(RESET) refers to stm32h7xx_it.o(i.NMI_Handler) for NMI_Handler
    startup_stm32h750xx.o(RESET) refers to stm32h7xx_it.o(i.HardFault_Handler) for HardFault_Handler
    startup_stm32h750xx.o(RESET) refers to stm32h7xx_it.o(i.MemManage_Handler) for MemManage_Handler
    startup_stm32h750xx.o(RESET) refers to stm32h7xx_it.o(i.BusFault_Handler) for BusFault_Handler
    startup_stm32h750xx.o(RESET) refers to stm32h7xx_it.o(i.UsageFault_Handler) for UsageFault_Handler
    startup_stm32h750xx.o(RESET) refers to stm32h7xx_it.o(i.SVC_Handler) for SVC_Handler
    startup_stm32h750xx.o(RESET) refers to stm32h7xx_it.o(i.DebugMon_Handler) for DebugMon_Handler
    startup_stm32h750xx.o(RESET) refers to stm32h7xx_it.o(i.PendSV_Handler) for PendSV_Handler
    startup_stm32h750xx.o(RESET) refers to stm32h7xx_it.o(i.SysTick_Handler) for SysTick_Handler
    startup_stm32h750xx.o(RESET) refers to stm32h7xx_it.o(i.DMA1_Stream0_IRQHandler) for DMA1_Stream0_IRQHandler
    startup_stm32h750xx.o(RESET) refers to stm32h7xx_it.o(i.DMA2_Stream0_IRQHandler) for DMA2_Stream0_IRQHandler
    startup_stm32h750xx.o(RESET) refers to stm32h7xx_it.o(i.DMA2_Stream1_IRQHandler) for DMA2_Stream1_IRQHandler
    startup_stm32h750xx.o(RESET) refers to stm32h7xx_it.o(i.UART7_IRQHandler) for UART7_IRQHandler
    startup_stm32h750xx.o(RESET) refers to stm32h7xx_it.o(i.BDMA_Channel0_IRQHandler) for BDMA_Channel0_IRQHandler
    startup_stm32h750xx.o(.text) refers to system_stm32h7xx.o(i.SystemInit) for SystemInit
    startup_stm32h750xx.o(.text) refers to entry.o(.ARM.Collect$$$$00000000) for __main
    debug.o(i.debug_get_drop_bytes) refers to debug.o(.data) for .data
    debug.o(i.debug_init) refers to debug.o(.data) for .data
    debug.o(i.debug_poll) refers to stm32h7xx_hal_uart.o(i.HAL_UART_GetState) for HAL_UART_GetState
    debug.o(i.debug_poll) refers to stm32h7xx_hal_uart.o(i.HAL_UART_Transmit) for HAL_UART_Transmit
    debug.o(i.debug_poll) refers to debug.o(.data) for .data
    debug.o(i.debug_poll) refers to usart.o(.bss) for hdebug_uart
    debug.o(i.debug_poll) refers to debug.o(.bss) for .bss
    debug.o(i.debug_printf) refers to printfa.o(i.__0vsnprintf) for vsnprintf
    debug.o(i.debug_printf) refers to debug.o(.bss) for .bss
    debug.o(i.debug_printf) refers to debug.o(.data) for .data
    debug.o(i.debug_push_raw) refers to debug.o(.data) for .data
    debug.o(i.debug_push_raw) refers to debug.o(.bss) for .bss
    main.o(i.Calc_DC_Offset_Baseline) refers to memseta.o(.text) for __aeabi_memclr4
    main.o(i.Calc_DC_Offset_Baseline) refers to stm32h7xx_hal.o(i.HAL_Delay) for HAL_Delay
    main.o(i.Calc_DC_Offset_Baseline) refers to stm32h7xx_hal.o(i.HAL_GetTick) for HAL_GetTick
    main.o(i.Calc_DC_Offset_Baseline) refers to main.o(i.check_dma_and_push_frames) for check_dma_and_push_frames
    main.o(i.Calc_DC_Offset_Baseline) refers to uldiv.o(.text) for __aeabi_uldivmod
    main.o(i.Calc_DC_Offset_Baseline) refers to main.o(.data) for .data
    main.o(i.Calc_DC_Offset_Baseline) refers to main.o(.AXI_SRAM) for .AXI_SRAM
    main.o(i.Calc_DC_Offset_Baseline) refers to main.o(.bss) for .bss
    main.o(i.Calc_FFT_Frequency_in_Frame_Optimized) refers to arm_rfft_fast_f32.o(i.arm_rfft_fast_f32) for arm_rfft_fast_f32
    main.o(i.Calc_FFT_Frequency_in_Frame_Optimized) refers to sqrtf.o(i.__hardfp_sqrtf) for __hardfp_sqrtf
    main.o(i.Calc_FFT_Frequency_in_Frame_Optimized) refers to main.o(.DTCMRAM) for .DTCMRAM
    main.o(i.Calc_FFT_Frequency_in_Frame_Optimized) refers to main.o(.data) for .data
    main.o(i.Calc_FFT_Frequency_in_Frame_Optimized) refers to main.o(.bss) for .bss
    main.o(i.DWT_GetUs) refers to stm32h7xx_hal.o(i.HAL_GetTick) for HAL_GetTick
    main.o(i.DWT_GetUs) refers to system_stm32h7xx.o(.data) for SystemCoreClock
    main.o(i.DWT_GetUs) refers to main.o(.data) for .data
    main.o(i.DWT_Init) refers to main.o(.data) for .data
    main.o(i.DWT_Init) refers to system_stm32h7xx.o(.data) for SystemCoreClock
    main.o(i.Error_Handler) refers to stm32h7xx_hal_gpio.o(i.HAL_GPIO_WritePin) for HAL_GPIO_WritePin
    main.o(i.Error_Handler) refers to stm32h7xx_hal.o(i.HAL_Delay) for HAL_Delay
    main.o(i.FFT_Benchmark) refers to arm_rfft_fast_init_f32.o(i.arm_rfft_fast_init_f32) for arm_rfft_fast_init_f32
    main.o(i.FFT_Benchmark) refers to arm_rfft_fast_f32.o(i.arm_rfft_fast_f32) for arm_rfft_fast_f32
    main.o(i.FFT_Benchmark) refers to sinf.o(i.__hardfp_sinf) for __hardfp_sinf
    main.o(i.FFT_Benchmark) refers to main.o(.DTCMRAM) for .DTCMRAM
    main.o(i.FFT_Benchmark) refers to main.o(.bss) for .bss
[...]
    i.HAL_RCC_GetPCLK2Freq                   0x08004c00   Section        0  stm32h7xx_hal_rcc.o(i.HAL_RCC_GetPCLK2Freq)
    i.HAL_RCC_GetSysClockFreq                0x08004c24   Section        0  stm32h7xx_hal_rcc.o(i.HAL_RCC_GetSysClockFreq)
    i.HAL_RCC_OscConfig                      0x08004d5c   Section        0  stm32h7xx_hal_rcc.o(i.HAL_RCC_OscConfig)
    i.HAL_SYSCFG_DisableVREFBUF              0x080052e0   Section        0  stm32h7xx_hal.o(i.HAL_SYSCFG_DisableVREFBUF)
    i.HAL_SYSCFG_VREFBUF_HighImpedanceConfig 0x080052f0   Section        0  stm32h7xx_hal.o(i.HAL_SYSCFG_VREFBUF_HighImpedanceConfig)
    i.HAL_SYSTICK_Config                     0x08005304   Section        0  stm32h7xx_hal_cortex.o(i.HAL_SYSTICK_Config)
    i.HAL_TIMEx_MasterConfigSynchronization  0x0800532c   Section        0  stm32h7xx_hal_tim_ex.o(i.HAL_TIMEx_MasterConfigSynchronization)
    i.HAL_TIM_Base_Init                      0x080053d0   Section        0  stm32h7xx_hal_tim.o(i.HAL_TIM_Base_Init)
    i.HAL_TIM_Base_MspInit                   0x08005434   Section        0  tim.o(i.HAL_TIM_Base_MspInit)
    i.HAL_UARTEx_RxEventCallback             0x08005478   Section        0  stm32h7xx_hal_uart.o(i.HAL_UARTEx_RxEventCallback)
    i.HAL_UARTEx_RxFifoFullCallback          0x0800547a   Section        0  stm32h7xx_hal_uart_ex.o(i.HAL_UARTEx_RxFifoFullCallback)
    i.HAL_UARTEx_TxFifoEmptyCallback         0x0800547c   Section        0  stm32h7xx_hal_uart_ex.o(i.HAL_UARTEx_TxFifoEmptyCallback)
    i.HAL_UARTEx_WakeupCallback              0x0800547e   Section        0  stm32h7xx_hal_uart_ex.o(i.HAL_UARTEx_WakeupCallback)
    i.HAL_UART_ErrorCallback                 0x08005480   Section        0  stm32h7xx_hal_uart.o(i.HAL_UART_ErrorCallback)
    i.HAL_UART_GetState                      0x08005482   Section        0  stm32h7xx_hal_uart.o(i.HAL_UART_GetState)
    i.HAL_UART_IRQHandler                    0x08005490   Section        0  stm32h7xx_hal_uart.o(i.HAL_UART_IRQHandler)
    i.HAL_UART_Init                          0x08005818   Section        0  stm32h7xx_hal_uart.o(i.HAL_UART_Init)
    i.HAL_UART_MspInit                       0x08005884   Section        0  usart.o(i.HAL_UART_MspInit)
    i.HAL_UART_Transmit                      0x08005a18   Section        0  stm32h7xx_hal_uart.o(i.HAL_UART_Transmit)
    i.HAL_UART_Transmit_DMA                  0x08005ac8   Section        0  stm32h7xx_hal_uart.o(i.HAL_UART_Transmit_DMA)
    i.HAL_UART_TxCpltCallback                0x08005b58   Section        0  main.o(i.HAL_UART_TxCpltCallback)
    i.HAL_UART_TxHalfCpltCallback            0x08005b74   Section        0  stm32h7xx_hal_uart.o(i.HAL_UART_TxHalfCpltCallback)
    i.HardFault_Handler                      0x08005b76   Section        0  stm32h7xx_it.o(i.HardFault_Handler)
    i.LL_ADC_INJ_IsConversionOngoing         0x08005b78   Section        0  stm32h7xx_hal_adc.o(i.LL_ADC_INJ_IsConversionOngoing)
    LL_ADC_INJ_IsConversionOngoing           0x08005b79   Thumb Code     8  stm32h7xx_hal_adc.o(i.LL_ADC_INJ_IsConversionOngoing)
    i.LL_ADC_REG_IsConversionOngoing         0x08005b80   Section        0  stm32h7xx_hal_adc.o(i.LL_ADC_REG_IsConversionOngoing)
    LL_ADC_REG_IsConversionOngoing           0x08005b81   Thumb Code     8  stm32h7xx_hal_adc.o(i.LL_ADC_REG_IsConversionOngoing)
    i.LL_ADC_REG_IsTriggerSourceSWStart      0x08005b88   Section        0  stm32h7xx_hal_adc.o(i.LL_ADC_REG_IsTriggerSourceSWStart)
    LL_ADC_REG_IsTriggerSourceSWStart        0x08005b89   Thumb Code    16  stm32h7xx_hal_adc.o(i.LL_ADC_REG_IsTriggerSourceSWStart)
    i.LL_ADC_SetChannelSamplingTime          0x08005b98   Section        0  stm32h7xx_hal_adc.o(i.LL_ADC_SetChannelSamplingTime)
    LL_ADC_SetChannelSamplingTime            0x08005b99   Thumb Code    30  stm32h7xx_hal_adc.o(i.LL_ADC_SetChannelSamplingTime)
    i.MX_DAC1_Init                           0x08005bb8   Section        0  dac.o(i.MX_DAC1_Init)
    i.MX_DEBUG_UART_Init                     0x08005c68   Section        0  usart.o(i.MX_DEBUG_UART_Init)
    i.MX_GPIO_Init                           0x08005ca0   Section        0  gpio.o(i.MX_GPIO_Init)
    i.MX_TIM7_Init                           0x08005cf0   Section        0  dac.o(i.MX_TIM7_Init)
    i.MY_ADC1_Init                           0x08005d3c   Section        0  adc.o(i.MY_ADC1_Init)
    i.MY_ADC2_Init                           0x08005de4   Section        0  adc.o(i.MY_ADC2_Init)
    i.MY_ADC3_Init                           0x08005e8c   Section        0  adc.o(i.MY_ADC3_Init)
    i.MY_ADC_Start                           0x08005f2c   Section        0  adc.o(i.MY_ADC_Start)
    i.MemManage_Handler                      0x08005ff0   Section        0  stm32h7xx_it.o(i.MemManage_Handler)
    i.NMI_Handler                            0x08005ff2   Section        0  stm32h7xx_it.o(i.NMI_Handler)
    i.PendSV_Handler                         0x08005ff4   Section        0  stm32h7xx_it.o(i.PendSV_Handler)
    i.RCCEx_PLL2_Config                      0x08005ff8   Section        0  stm32h7xx_hal_rcc_ex.o(i.RCCEx_PLL2_Config)
    RCCEx_PLL2_Config                        0x08005ff9   Thumb Code   284  stm32h7xx_hal_rcc_ex.o(i.RCCEx_PLL2_Config)
    i.RCCEx_PLL3_Config                      0x08006118   Section        0  stm32h7xx_hal_rcc_ex.o(i.RCCEx_PLL3_Config)
    RCCEx_PLL3_Config                        0x08006119   Thumb Code   284  stm32h7xx_hal_rcc_ex.o(i.RCCEx_PLL3_Config)
    i.Refine_Peak_SubSample                  0x08006238   Section        0  main.o(i.Refine_Peak_SubSample)
    Refine_Peak_SubSample                    0x08006239   Thumb Code   154  main.o(i.Refine_Peak_SubSample)
    i.Refine_Transition_SubSample            0x080062d8   Section        0  main.o(i.Refine_Transition_SubSample)
    Refine_Transition_SubSample              0x080062d9   Thumb Code   114  main.o(i.Refine_Transition_SubSample)
    i.SVC_Handler                            0x08006350   Section        0  stm32h7xx_it.o(i.SVC_Handler)
    i.SysTick_Handler                        0x08006352   Section        0  stm32h7xx_it.o(i.SysTick_Handler)
    i.SystemClock_Config                     0x08006358   Section        0  main.o(i.SystemClock_Config)
    i.SystemInit                             0x08006438   Section        0  system_stm32h7xx.o(i.SystemInit)
    i.TIM_Base_SetConfig                     0x080064d4   Section        0  stm32h7xx_hal_tim.o(i.TIM_Base_SetConfig)
    i.UART7_IRQHandler                       0x08006598   Section        0  stm32h7xx_it.o(i.UART7_IRQHandler)
    i.UART_AdvFeatureConfig                  0x080065a4   Section        0  stm32h7xx_hal_uart.o(i.UART_AdvFeatureConfig)
    i.UART_CheckIdleState                    0x0800666c   Section        0  stm32h7xx_hal_uart.o(i.UART_CheckIdleState)
    i.UART_DMAAbortOnError                   0x08006716   Section        0  stm32h7xx_hal_uart.o(i.UART_DMAAbortOnError)
    UART_DMAAbortOnError                     0x08006717   Thumb Code    20  stm32h7xx_hal_uart.o(i.UART_DMAAbortOnError)
    i.UART_DMAError                          0x0800672a   Section        0  stm32h7xx_hal_uart.o(i.UART_DMAError)
    UART_DMAError                            0x0800672b   Thumb Code    78  stm32h7xx_hal_uart.o(i.UART_DMAError)
    i.UART_DMATransmitCplt                   0x08006778   Section        0  stm32h7xx_hal_uart.o(i.UART_DMATransmitCplt)
    UART_DMATransmitCplt                     0x08006779   Thumb Code    64  stm32h7xx_hal_uart.o(i.UART_DMATransmitCplt)
    i.UART_DMATxHalfCplt                     0x080067b8   Section        0  stm32h7xx_hal_uart.o(i.UART_DMATxHalfCplt)
    UART_DMATxHalfCplt                       0x080067b9   Thumb Code    10  stm32h7xx_hal_uart.o(i.UART_DMATxHalfCplt)
    i.UART_EndRxTransfer                     0x080067c4   Section        0  stm32h7xx_hal_uart.o(i.UART_EndRxTransfer)
    UART_EndRxTransfer                       0x080067c5   Thumb Code    78  stm32h7xx_hal_uart.o(i.UART_EndRxTransfer)
    i.UART_EndTxTransfer                     0x08006818   Section        0  stm32h7xx_hal_uart.o(i.UART_EndTxTransfer)
    UART_EndTxTransfer                       0x08006819   Thumb Code    46  stm32h7xx_hal_uart.o(i.UART_EndTxTransfer)
    i.UART_SetConfig                         0x08006848   Section        0  stm32h7xx_hal_uart.o(i.UART_SetConfig)
    i.UART_WaitOnFlagUntilTimeout            0x08006bf4   Section        0  stm32h7xx_hal_uart.o(i.UART_WaitOnFlagUntilTimeout)
    i.UsageFault_Handler                     0x08006c80   Section        0  stm32h7xx_it.o(i.UsageFault_Handler)
    i.__ARM_fpclassifyf                      0x08006c82   Section        0  fpclassifyf.o(i.__ARM_fpclassifyf)
    i.__NVIC_SetPriority                     0x08006ca8   Section        0  stm32h7xx_hal_cortex.o(i.__NVIC_SetPriority)
    __NVIC_SetPriority                       0x08006ca9   Thumb Code    34  stm32h7xx_hal_cortex.o(i.__NVIC_SetPriority)
    i.__hardfp_cosf                          0x08006ccc   Section        0  cosf.o(i.__hardfp_cosf)
    i.__hardfp_sinf                          0x08006e1c   Section        0  sinf.o(i.__hardfp_sinf)
    i.__hardfp_sqrtf                         0x08006fb0   Section        0  sqrtf.o(i.__hardfp_sqrtf)
    i.__mathlib_flt_infnan                   0x08006fea   Section        0  funder.o(i.__mathlib_flt_infnan)
    i.__mathlib_flt_invalid                  0x08006ff0   Section        0  funder.o(i.__mathlib_flt_invalid)
    i.__mathlib_flt_underflow                0x08007000   Section        0  funder.o(i.__mathlib_flt_underflow)
    i.__mathlib_rredf2                       0x08007010   Section        0  rredf.o(i.__mathlib_rredf2)
    i.__scatterload_copy                     0x08007164   Section       14  handlers.o(i.__scatterload_copy)
    i.__scatterload_null                     0x08007172   Section        2  handlers.o(i.__scatterload_null)
    i.__scatterload_zeroinit                 0x08007174   Section       14  handlers.o(i.__scatterload_zeroinit)
    i.__set_errno                            0x08007184   Section        0  errno.o(i.__set_errno)
    i.arm_cfft_f32                           0x08007190   Section        0  arm_cfft_f32.o(i.arm_cfft_f32)
    i.arm_cfft_radix8by2_f32                 0x0800725c   Section        0  arm_cfft_f32.o(i.arm_cfft_radix8by2_f32)
    i.arm_cfft_radix8by4_f32                 0x080073f0   Section        0  arm_cfft_f32.o(i.arm_cfft_radix8by4_f32)
    i.arm_radix8_butterfly_f32               0x0800784c   Section        0  arm_cfft_radix8_f32.o(i.arm_radix8_butterfly_f32)
    i.arm_rfft_fast_f32                      0x08007d08   Section        0  arm_rfft_fast_f32.o(i.arm_rfft_fast_f32)
    i.arm_rfft_fast_init_f32                 0x08007d4c   Section        0  arm_rfft_fast_init_f32.o(i.arm_rfft_fast_init_f32)
    i.check_dma_and_push_frames              0x08007e74   Section        0  main.o(i.check_dma_and_push_frames)
    check_dma_and_push_frames                0x08007e75   Thumb Code   538  main.o(i.check_dma_and_push_frames)
    i.debug_init                             0x080080cc   Section        0  debug.o(i.debug_init)
    i.debug_poll                             0x080080dc   Section        0  debug.o(i.debug_poll)
    i.main                                   0x08008144   Section        0  main.o(i.main)
    i.merge_rfft_f32                         0x08008998   Section        0  arm_rfft_fast_f32.o(i.merge_rfft_f32)
    i.push_frame_from_dma                    0x08008a38   Section        0  main.o(i.push_frame_from_dma)
    push_frame_from_dma                      0x08008a39   Thumb Code   224  main.o(i.push_frame_from_dma)
    i.stage_rfft_f32                         0x08008b2c   Section        0  arm_rfft_fast_f32.o(i.stage_rfft_f32)
    i.tx_ring_poll                           0x08008bd0   Section        0  main.o(i.tx_ring_poll)
    tx_ring_poll                             0x08008bd1   Thumb Code   128  main.o(i.tx_ring_poll)
    .constdata                               0x08008c60   Section        8  stm32h7xx_hal_dma.o(.constdata)
    flagBitshiftOffset                       0x08008c60   Data           8  stm32h7xx_hal_dma.o(.constdata)
    .constdata                               0x08008c68   Section       24  stm32h7xx_hal_uart.o(.constdata)
    .constdata                               0x08008c80   Section       16  system_stm32h7xx.o(.constdata)
    .constdata                               0x08008c90   Section      128  arm_common_tables.o(.constdata)
    .constdata                               0x08008d10   Section      256  arm_common_tables.o(.constdata)
    .constdata                               0x08008e10   Section      512  arm_common_tables.o(.constdata)
    .constdata                               0x08009010   Section     1024  arm_common_tables.o(.constdata)
    .constdata                               0x08009410   Section     2048  arm_common_tables.o(.constdata)
    .constdata                               0x08009c10   Section     4096  arm_common_tables.o(.constdata)
    .constdata                               0x0800ac10   Section     8192  arm_common_tables.o(.constdata)
    .constdata                               0x0800cc10   Section    16384  arm_common_tables.o(.constdata)
    .constdata                               0x08010c10   Section       40  arm_common_tables.o(.constdata)
    .constdata                               0x08010c38   Section       96  arm_common_tables.o(.constdata)
    .constdata                               0x08010c98   Section      112  arm_common_tables.o(.constdata)
    .constdata                               0x08010d08   Section      416  arm_common_tables.o(.constdata)
    .constdata                               0x08010ea8   Section      880  arm_common_tables.o(.constdata)
    .constdata                               0x08011218   Section      896  arm_common_tables.o(.constdata)
    .constdata                               0x08011598   Section     3600  arm_common_tables.o(.constdata)
    .constdata                               0x080123a8   Section     7616  arm_common_tables.o(.constdata)
    .constdata                               0x08014168   Section      128  arm_common_tables.o(.constdata)
    .constdata                               0x080141e8   Section      256  arm_common_tables.o(.constdata)
    .constdata                               0x080142e8   Section      512  arm_common_tables.o(.constdata)
    .constdata                               0x080144e8   Section     1024  arm_common_tables.o(.constdata)
    .constdata                               0x080148e8   Section     2048  arm_common_tables.o(.constdata)
    .constdata                               0x080150e8   Section     4096  arm_common_tables.o(.constdata)
    .constdata                               0x080160e8   Section     8192  arm_common_tables.o(.constdata)
    .constdata                               0x080180e8   Section    16384  arm_common_tables.o(.constdata)
    .constdata                               0x0801c0e8   Section       32  rredf.o(.constdata)
    twooverpi                                0x0801c0e8   Data          32  rredf.o(.constdata)
    .data                                    0x20000000   Section        8  debug.o(.data)
    dbg_head                                 0x20000000   Data           2  debug.o(.data)
    dbg_tail                                 0x20000002   Data           2  debug.o(.data)
    dbg_drop_bytes                           0x20000004   Data           4  debug.o(.data)
    .data                                    0x20000008   Section      240  main.o(.data)
    tx_ring_head                             0x20000008   Data           1  main.o(.data)
    tx_ring_tail                             0x20000009   Data           1  main.o(.data)
    frame_w_idx                              0x2000000a   Data           1  main.o(.data)
    frame_r_idx                              0x2000000b   Data           1  main.o(.data)
    rfft_inited                              0x2000000d   Data           1  main.o(.data)
    fft_tables_ready                         0x2000000e   Data           1  main.o(.data)
    frame_drop_cnt                           0x20000010   Data           4  main.o(.data)
    total_frame_cnt                          0x20000014   Data           4  main.o(.data)
    half_complete_cnt                        0x20000018   Data           4  main.o(.data)
    full_complete_cnt                        0x2000001c   Data           4  main.o(.data)
    dwt_cyc_per_us                           0x200000bc   Data           4  main.o(.data)
    dwt_last_cyc                             0x200000c0   Data           4  main.o(.data)
    diag_tx_poll_st                          0x200000d0   Data           4  main.o(.data)
    diag_tx_poll_call_cnt                    0x200000d4   Data           4  main.o(.data)
    diag_tx_poll_send_attempt                0x200000d8   Data           4  main.o(.data)
    diag_tx_poll_send_ok                     0x200000dc   Data           4  main.o(.data)
    fft_optimized_cyc                        0x200000e0   Data           4  main.o(.data)
    fft_last_cyc                             0x200000e4   Data           4  main.o(.data)
    test_case_trigger_count                  0x200000e8   Data           4  main.o(.data)
    last_diag_ms                             0x200000ec   Data           4  main.o(.data)
    dwt_us_base                              0x200000f0   Data           8  main.o(.data)
    .data                                    0x200000f8   Section       32  adc.o(.data)
    .data                                    0x20000118   Section       12  stm32h7xx_hal.o(.data)
    .data                                    0x20000124   Section        8  system_stm32h7xx.o(.data)
    .data                                    0x2000012c   Section        4  errno.o(.data)
    _errno                                   0x2000012c   Data           4  errno.o(.data)
    .bss                                     0x20000140   Section    31104  main.o(.bss)
    bench_out_256                            0x20000230   Data        2048  main.o(.bss)
    bench_out_512                            0x20000a30   Data        4096  main.o(.bss)
    bench_out_1024                           0x20001a30   Data        8192  main.o(.bss)
    bench_buf                                0x20003a30   Data       12288  main.o(.bss)
    rfft_inst                                0x20006aa0   Data          24  main.o(.bss)
    tw_cos                                   0x20006ac0   Data        2048  main.o(.bss)
    tw_sin                                   0x200072c0   Data        2048  main.o(.bss)
    .bss                                     0x20007ac0   Section      696  adc.o(.bss)
    .bss                                     0x20007d78   Section      216  dac.o(.bss)
    .bss                                     0x20007e50   Section      564  usart.o(.bss)
    STACK                                    0x20008088   Section     1024  startup_stm32h750xx.o(STACK)
    .AXI_SRAM                                0x24000000   Section    394364  main.o(.AXI_SRAM)
    evt_buf                                  0x24000000   Data          19  main.o(.AXI_SRAM)
    frame_pool                               0x24000020   Data       393344  main.o(.AXI_SRAM)
    tx_ring                                  0x240600a0   Data         988  main.o(.AXI_SRAM)
    .DTCMRAM                                 0x24060480   Section    25600  main.o(.DTCMRAM)
    bench_in_256                             0x24060480   Data        1024  main.o(.DTCMRAM)
    bench_in_512                             0x24060880   Data        2048  main.o(.DTCMRAM)
    bench_in_1024                            0x24061080   Data        4096  main.o(.DTCMRAM)
    fft_buf                                  0x24062080   Data        8192  main.o(.DTCMRAM)
    fft_mag                                  0x24064080   Data        2048  main.o(.DTCMRAM)
    fft_in                                   0x24064880   Data        4096  main.o(.DTCMRAM)
    hann_win                                 0x24065880   Data        4096  main.o(.DTCMRAM)
    .bss                                     0x24066880   Section    16896  debug.o(.bss)
    dbg_ring                                 0x24066880   Data       16384  debug.o(.bss)
    debug_buffer                             0x2406a880   Data         512  debug.o(.bss)
    .ARM.__AT_0x2406F000                     0x2406f000   Section      128  dac.o(.ARM.__AT_0x2406F000)
    dac_sine_table                           0x2406f000   Data         128  dac.o(.ARM.__AT_0x2406F000)
    .ARM.__AT_0x2406F080                     0x2406f080   Section      128  dac.o(.ARM.__AT_0x2406F080)
    dac_pwm_table                            0x2406f080   Data         128  dac.o(.ARM.__AT_0x2406F080)
    .ARM.__AT_0x24070000                     0x24070000   Section    32768  adc.o(.ARM.__AT_0x24070000)
    .ARM.__AT_0x24078000                     0x24078000   Section    32768  adc.o(.ARM.__AT_0x24078000)
    .ARM.__AT_0x38000000                     0x38000000   Section    32768  adc.o(.ARM.__AT_0x38000000)

    Global Symbols

    Symbol Name                              Value     Ov Type        Size  Object(Section)

    BuildAttributes$$THM_ISAv4$E$P$D$K$B$S$7EM$VFPv5_D16$PE$PLD8$A:L22UL41UL21$X:L11$S22US41US21$IEEE1$IW$USESV6$~STKCKD$USESV7$~SHL$OTIME$ROPI$IEEEX$EBA8$MICROLIB$REQ8$PRES8$EABIv2 0x00000000   Number         0  anon$$obj.o ABSOLUTE
    __ARM_use_no_argv                        0x00000000   Number         0  main.o ABSOLUTE
    __cpp_initialize__aeabi_                  - Undefined Weak Reference
    __cxa_finalize                            - Undefined Weak Reference
    _clock_init                               - Undefined Weak Reference
    _microlib_exit                            - Undefined Weak Reference
    __Vectors_Size                           0x00000298   Number         0  startup_stm32h750xx.o ABSOLUTE
    __Vectors                                0x08000000   Data           4  startup_stm32h750xx.o(RESET)
    __Vectors_End                            0x08000298   Data           0  startup_stm32h750xx.o(RESET)
    __main                                   0x08000299   Thumb Code     0  entry.o(.ARM.Collect$$$$00000000)
    _main_stk                                0x08000299   Thumb Code     0  entry2.o(.ARM.Collect$$$$00000001)
    _main_scatterload                        0x0800029d   Thumb Code     0  entry5.o(.ARM.Collect$$$$00000004)
    __main_after_scatterload                 0x080002a1   Thumb Code     0  entry5.o(.ARM.Collect$$$$00000004)
    _main_clock                              0x080002a1   Thumb Code     0  entry7b.o(.ARM.Collect$$$$00000008)
    _main_cpp_init                           0x080002a1   Thumb Code     0  entry8b.o(.ARM.Collect$$$$0000000A)
    _main_init                               0x080002a1   Thumb Code     0  entry9a.o(.ARM.Collect$$$$0000000B)
    __rt_final_cpp                           0x080002a9   Thumb Code     0  entry10a.o(.ARM.Collect$$$$0000000D)
    __rt_final_exit                          0x080002a9   Thumb Code     0  entry11a.o(.ARM.Collect$$$$0000000F)
    Reset_Handler                            0x080002ad   Thumb Code     8  startup_stm32h750xx.o(.text)
    ADC3_IRQHandler                          0x080002c7   Thumb Code     0  startup_stm32h750xx.o(.text)
    ADC_IRQHandler                           0x080002c7   Thumb Code     0  startup_stm32h750xx.o(.text)
    BDMA_Channel1_IRQHandler                 0x080002c7   Thumb Code     0  startup_stm32h750xx.o(.text)
    BDMA_Channel2_IRQHandler                 0x080002c7   Thumb Code     0  startup_stm32h750xx.o(.text)
    BDMA_Channel3_IRQHandler                 0x080002c7   Thumb Code     0  startup_stm32h750xx.o(.text)
    BDMA_Channel4_IRQHandler                 0x080002c7   Thumb Code     0  startup_stm32h750xx.o(.text)
    BDMA_Channel5_IRQHandler                 0x080002c7   Thumb Code     0  startup_stm32h750xx.o(.text)
    BDMA_Channel6_IRQHandler                 0x080002c7   Thumb Code     0  startup_stm32h750xx.o(.text)
    BDMA_Channel7_IRQHandler                 0x080002c7   Thumb Code     0  startup_stm32h750xx.o(.text)
    CEC_IRQHandler                           0x080002c7   Thumb Code     0  startup_stm32h750xx.o(.text)
    COMP1_IRQHandler                         0x080002c7   Thumb Code     0  startup_stm32h750xx.o(.text)
    CRS_IRQHandler                           0x080002c7   Thumb Code     0  startup_stm32h750xx.o(.text)
    CRYP_IRQHandler                          0x080002c7   Thumb Code     0  startup_stm32h750xx.o(.text)
    DCMI_IRQHandler                          0x080002c7   Thumb Code     0  startup_stm32h750xx.o(.text)
    DFSDM1_FLT0_IRQHandler                   0x080002c7   Thumb Code     0  startup_stm32h750xx.o(.text)
    DFSDM1_FLT1_IRQHandler                   0x080002c7   Thumb Code     0  startup_stm32h750xx.o(.text)
    DFSDM1_FLT2_IRQHandler                   0x080002c7   Thumb Code     0  startup_stm32h750xx.o(.text)
    DFSDM1_FLT3_IRQHandler                   0x080002c7   Thumb Code     0  startup_stm32h750xx.o(.text)
    DMA1_Stream1_IRQHandler                  0x080002c7   Thumb Code     0  startup_stm32h750xx.o(.text)
    DMA1_Stream2_IRQHandler                  0x080002c7   Thumb Code     0  startup_stm32h750xx.o(.text)
    DMA1_Stream3_IRQHandler                  0x080002c7   Thumb Code     0  startup_stm32h750xx.o(.text)
    DMA1_Stream4_IRQHandler                  0x080002c7   Thumb Code     0  startup_stm32h750xx.o(.text)
    DMA1_Stream5_IRQHandler                  0x080002c7   Thumb Code     0  startup_stm32h750xx.o(.text)
    DMA1_Stream6_IRQHandler                  0x080002c7   Thumb Code     0  startup_stm32h750xx.o(.text)
    DMA1_Stream7_IRQHandler                  0x080002c7   Thumb Code     0  startup_stm32h750xx.o(.text)
    DMA2D_IRQHandler                         0x080002c7   Thumb Code     0  startup_stm32h750xx.o(.text)
    DMA2_Stream2_IRQHandler                  0x080002c7   Thumb Code     0  startup_stm32h750xx.o(.text)
    DMA2_Stream3_IRQHandler                  0x080002c7   Thumb Code     0  startup_stm32h750xx.o(.text)
    DMA2_Stream4_IRQHandler                  0x080002c7   Thumb Code     0  startup_stm32h750xx.o(.text)
    DMA2_Stream5_IRQHandler                  0x080002c7   Thumb Code     0  startup_stm32h750xx.o(.text)
    DMA2_Stream6_IRQHandler                  0x080002c7   Thumb Code     0  startup_stm32h750xx.o(.text)
    DMA2_Stream7_IRQHandler                  0x080002c7   Thumb Code     0  startup_stm32h750xx.o(.text)
    DMAMUX1_OVR_IRQHandler                   0x080002c7   Thumb Code     0  startup_stm32h750xx.o(.text)
    DMAMUX2_OVR_IRQHandler                   0x080002c7   Thumb Code     0  startup_stm32h750xx.o(.text)
    ECC_IRQHandler                           0x080002c7   Thumb Code     0  startup_stm32h750xx.o(.text)
    ETH_IRQHandler                           0x080002c7   Thumb Code     0  startup_stm32h750xx.o(.text)
    ETH_WKUP_IRQHandler                      0x080002c7   Thumb Code     0  startup_stm32h750xx.o(.text)
    EXTI0_IRQHandler                         0x080002c7   Thumb Code     0  startup_stm32h750xx.o(.text)
    EXTI15_10_IRQHandler                     0x080002c7   Thumb Code     0  startup_stm32h750xx.o(.text)
    EXTI1_IRQHandler                         0x080002c7   Thumb Code     0  startup_stm32h750xx.o(.text)
    EXTI2_IRQHandler                         0x080002c7   Thumb Code     0  startup_stm32h750xx.o(.text)
    EXTI3_IRQHandler                         0x080002c7   Thumb Code     0  startup_stm32h750xx.o(.text)
    EXTI4_IRQHandler                         0x080002c7   Thumb Code     0  startup_stm32h750xx.o(.text)
    EXTI9_5_IRQHandler                       0x080002c7   Thumb Code     0  startup_stm32h750xx.o(.text)
    FDCAN1_IT0_IRQHandler                    0x080002c7   Thumb Code     0  startup_stm32h750xx.o(.text)
    FDCAN1_IT1_IRQHandler                    0x080002c7   Thumb Code     0  startup_stm32h750xx.o(.text)
    FDCAN2_IT0_IRQHandler                    0x080002c7   Thumb Code     0  startup_stm32h750xx.o(.text)
    FDCAN2_IT1_IRQHandler                    0x080002c7   Thumb Code     0  startup_stm32h750xx.o(.text)
    FDCAN_CAL_IRQHandler                     0x080002c7   Thumb Code     0  startup_stm32h750xx.o(.text)
    FLASH_IRQHandler                         0x080002c7   Thumb Code     0  startup_stm32h750xx.o(.text)
    FMC_IRQHandler                           0x080002c7   Thumb Code     0  startup_stm32h750xx.o(.text)
    FPU_IRQHandler                           0x080002c7   Thumb Code     0  startup_stm32h750xx.o(.text)
    HASH_RNG_IRQHandler                      0x080002c7   Thumb Code     0  startup_stm32h750xx.o(.text)
    HRTIM1_FLT_IRQHandler                    0x080002c7   Thumb Code     0  startup_stm32h750xx.o(.text)
    HRTIM1_Master_IRQHandler                 0x080002c7   Thumb Code     0  startup_stm32h750xx.o(.text)
    HRTIM1_TIMA_IRQHandler                   0x080002c7   Thumb Code     0  startup_stm32h750xx.o(.text)
    HRTIM1_TIMB_IRQHandler                   0x080002c7   Thumb Code     0  startup_stm32h750xx.o(.text)
    HRTIM1_TIMC_IRQHandler                   0x080002c7   Thumb Code     0  startup_stm32h750xx.o(.text)
    HRTIM1_TIMD_IRQHandler                   0x080002c7   Thumb Code     0  startup_stm32h750xx.o(.text)
    HRTIM1_TIME_IRQHandler                   0x080002c7   Thumb Code     0  startup_stm32h750xx.o(.text)
    HSEM1_IRQHandler                         0x080002c7   Thumb Code     0  startup_stm32h750xx.o(.text)
    I2C1_ER_IRQHandler                       0x080002c7   Thumb Code     0  startup_stm32h750xx.o(.text)
    I2C1_EV_IRQHandler                       0x080002c7   Thumb Code     0  startup_stm32h750xx.o(.text)
    I2C2_ER_IRQHandler                       0x080002c7   Thumb Code     0  startup_stm32h750xx.o(.text)
    I2C2_EV_IRQHandler                       0x080002c7   Thumb Code     0  startup_stm32h750xx.o(.text)
    I2C3_ER_IRQHandler                       0x080002c7   Thumb Code     0  startup_stm32h750xx.o(.text)
    I2C3_EV_IRQHandler                       0x080002c7   Thumb Code     0  startup_stm32h750xx.o(.text)
    I2C4_ER_IRQHandler                       0x080002c7   Thumb Code     0  startup_stm32h750xx.o(.text)
    I2C4_EV_IRQHandler                       0x080002c7   Thumb Code     0  startup_stm32h750xx.o(.text)
    JPEG_IRQHandler                          0x080002c7   Thumb Code     0  startup_stm32h750xx.o(.text)
    LPTIM1_IRQHandler                        0x080002c7   Thumb Code     0  startup_stm32h750xx.o(.text)
    LPTIM2_IRQHandler                        0x080002c7   Thumb Code     0  startup_stm32h750xx.o(.text)
    LPTIM3_IRQHandler                        0x080002c7   Thumb Code     0  startup_stm32h750xx.o(.text)
    LPTIM4_IRQHandler                        0x080002c7   Thumb Code     0  startup_stm32h750xx.o(.text)
    LPTIM5_IRQHandler                        0x080002c7   Thumb Code     0  startup_stm32h750xx.o(.text)
    LPUART1_IRQHandler                       0x080002c7   Thumb Code     0  startup_stm32h750xx.o(.text)
    LTDC_ER_IRQHandler                       0x080002c7   Thumb Code     0  startup_stm32h750xx.o(.text)
    LTDC_IRQHandler                          0x080002c7   Thumb Code     0  startup_stm32h750xx.o(.text)
    MDIOS_IRQHandler                         0x080002c7   Thumb Code     0  startup_stm32h750xx.o(.text)
    MDIOS_WKUP_IRQHandler                    0x080002c7   Thumb Code     0  startup_stm32h750xx.o(.text)
    MDMA_IRQHandler                          0x080002c7   Thumb Code     0  startup_stm32h750xx.o(.text)
    OTG_FS_EP1_IN_IRQHandler                 0x080002c7   Thumb Code     0  startup_stm32h750xx.o(.text)
    OTG_FS_EP1_OUT_IRQHandler                0x080002c7   Thumb Code     0  startup_stm32h750xx.o(.text)
    OTG_FS_IRQHandler                        0x080002c7   Thumb Code     0  startup_stm32h750xx.o(.text)
    OTG_FS_WKUP_IRQHandler                   0x080002c7   Thumb Code     0  startup_stm32h750xx.o(.text)
    OTG_HS_EP1_IN_IRQHandler                 0x080002c7   Thumb Code     0  startup_stm32h750xx.o(.text)
    OTG_HS_EP1_OUT_IRQHandler                0x080002c7   Thumb Code     0  startup_stm32h750xx.o(.text)
    OTG_HS_IRQHandler                        0x080002c7   Thumb Code     0  startup_stm32h750xx.o(.text)
    OTG_HS_WKUP_IRQHandler                   0x080002c7   Thumb Code     0  startup_stm32h750xx.o(.text)
    PVD_AVD_IRQHandler                       0x080002c7   Thumb Code     0  startup_stm32h750xx.o(.text)
    QUADSPI_IRQHandler                       0x080002c7   Thumb Code     0  startup_stm32h750xx.o(.text)
    RCC_IRQHandler                           0x080002c7   Thumb Code     0  startup_stm32h750xx.o(.text)
    RTC_Alarm_IRQHandler                     0x080002c7   Thumb Code     0  startup_stm32h750xx.o(.text)
    RTC_WKUP_IRQHandler                      0x080002c7   Thumb Code     0  startup_stm32h750xx.o(.text)
    SAI1_IRQHandler                          0x080002c7   Thumb Code     0  startup_stm32h750xx.o(.text)
    SAI2_IRQHandler                          0x080002c7   Thumb Code     0  startup_stm32h750xx.o(.text)
    SAI3_IRQHandler                          0x080002c7   Thumb Code     0  startup_stm32h750xx.o(.text)
    SAI4_IRQHandler                          0x080002c7   Thumb Code     0  startup_stm32h750xx.o(.text)
    SDMMC1_IRQHandler                        0x080002c7   Thumb Code     0  startup_stm32h750xx.o(.text)
    SDMMC2_IRQHandler                        0x080002c7   Thumb Code     0  startup_stm32h750xx.o(.text)
    SPDIF_RX_IRQHandler                      0x080002c7   Thumb Code     0  startup_stm32h750xx.o(.text)
    SPI1_IRQHandler                          0x080002c7   Thumb Code     0  startup_stm32h750xx.o(.text)
    SPI2_IRQHandler                          0x080002c7   Thumb Code     0  startup_stm32h750xx.o(.text)
    SPI3_IRQHandler                          0x080002c7   Thumb Code     0  startup_stm32h750xx.o(.text)
    SPI4_IRQHandler                          0x080002c7   Thumb Code     0  startup_stm32h750xx.o(.text)
    SPI5_IRQHandler                          0x080002c7   Thumb Code     0  startup_stm32h750xx.o(.text)
    SPI6_IRQHandler                          0x080002c7   Thumb Code     0  startup_stm32h750xx.o(.text)
    SWPMI1_IRQHandler                        0x080002c7   Thumb Code     0  startup_stm32h750xx.o(.text)
    TAMP_STAMP_IRQHandler                    0x080002c7   Thumb Code     0  startup_stm32h750xx.o(.text)
    TIM15_IRQHandler                         0x080002c7   Thumb Code     0  startup_stm32h750xx.o(.text)
    TIM16_IRQHandler                         0x080002c7   Thumb Code     0  startup_stm32h750xx.o(.text)
    TIM17_IRQHandler                         0x080002c7   Thumb Code     0  startup_stm32h750xx.o(.text)
    TIM1_BRK_IRQHandler                      0x080002c7   Thumb Code     0  startup_stm32h750xx.o(.text)
    TIM1_CC_IRQHandler                       0x080002c7   Thumb Code     0  startup_stm32h750xx.o(.text)
    TIM1_TRG_COM_IRQHandler                  0x080002c7   Thumb Code     0  startup_stm32h750xx.o(.text)
    TIM1_UP_IRQHandler                       0x080002c7   Thumb Code     0  startup_stm32h750xx.o(.text)
    TIM2_IRQHandler                          0x080002c7   Thumb Code     0  startup_stm32h750xx.o(.text)
    TIM3_IRQHandler                          0x080002c7   Thumb Code     0  startup_stm32h750xx.o(.text)
    TIM4_IRQHandler                          0x080002c7   Thumb Code     0  startup_stm32h750xx.o(.text)
    TIM5_IRQHandler                          0x080002c7   Thumb Code     0  startup_stm32h750xx.o(.text)
    TIM6_DAC_IRQHandler                      0x080002c7   Thumb Code     0  startup_stm32h750xx.o(.text)
    TIM7_IRQHandler                          0x080002c7   Thumb Code     0  startup_stm32h750xx.o(.text)
    TIM8_BRK_TIM12_IRQHandler                0x080002c7   Thumb Code     0  startup_stm32h750xx.o(.text)
    TIM8_CC_IRQHandler                       0x080002c7   Thumb Code     0  startup_stm32h750xx.o(.text)
    TIM8_TRG_COM_TIM14_IRQHandler            0x080002c7   Thumb Code     0  startup_stm32h750xx.o(.text)
    TIM8_UP_TIM13_IRQHandler                 0x080002c7   Thumb Code     0  startup_stm32h750xx.o(.text)
    UART4_IRQHandler                         0x080002c7   Thumb Code     0  startup_stm32h750xx.o(.text)
    UART5_IRQHandler                         0x080002c7   Thumb Code     0  startup_stm32h750xx.o(.text)
    UART8_IRQHandler                         0x080002c7   Thumb Code     0  startup_stm32h750xx.o(.text)
    USART1_IRQHandler                        0x080002c7   Thumb Code     0  startup_stm32h750xx.o(.text)
    USART2_IRQHandler                        0x080002c7   Thumb Code     0  startup_stm32h750xx.o(.text)
    USART3_IRQHandler                        0x080002c7   Thumb Code     0  startup_stm32h750xx.o(.text)
    USART6_IRQHandler                        0x080002c7   Thumb Code     0  startup_stm32h750xx.o(.text)
    WAKEUP_PIN_IRQHandler                    0x080002c7   Thumb Code     0  startup_stm32h750xx.o(.text)
    WWDG_IRQHandler                          0x080002c7   Thumb Code     0  startup_stm32h750xx.o(.text)
    arm_bitreversal_32                       0x080002d1   Thumb Code   106  arm_bitreversal2.o(.text)
    arm_bitreversal_16                       0x0800033b   Thumb Code    86  arm_bitreversal2.o(.text)
    __aeabi_uldivmod                         0x08000391   Thumb Code    98  uldiv.o(.text)
    __aeabi_memcpy                           0x080003f3   Thumb Code    36  memcpya.o(.text)
    __aeabi_memcpy4                          0x080003f3   Thumb Code     0  memcpya.o(.text)
    __aeabi_memcpy8                          0x080003f3   Thumb Code     0  memcpya.o(.text)
    __aeabi_memset                           0x08000417   Thumb Code    14  memseta.o(.text)
    __aeabi_memset4                          0x08000417   Thumb Code     0  memseta.o(.text)
    __aeabi_memset8                          0x08000417   Thumb Code     0  memseta.o(.text)
    __aeabi_memclr                           0x08000425   Thumb Code     4  memseta.o(.text)
    __aeabi_memclr4                          0x08000425   Thumb Code     0  memseta.o(.text)
    __aeabi_memclr8                          0x08000425   Thumb Code     0  memseta.o(.text)
    _memset$wrapper                          0x08000429   Thumb Code    18  memseta.o(.text)
    __aeabi_f2ulz                            0x0800043b   Thumb Code    44  ffixul.o(.text)
    __aeabi_llsl                             0x08000467   Thumb Code    30  llshl.o(.text)
    _ll_shift_l                              0x08000467   Thumb Code     0  llshl.o(.text)
    __aeabi_llsr                             0x08000485   Thumb Code    32  llushr.o(.text)
    _ll_ushift_r                             0x08000485   Thumb Code     0  llushr.o(.text)
    __I$use$fp                               0x080004a5   Thumb Code     0  iusefp.o(.text)
    __scatterload                            0x080004a5   Thumb Code    28  init.o(.text)
    __scatterload_rt2                        0x080004a5   Thumb Code     0  init.o(.text)
    __decompress                             0x080004c9   Thumb Code     0  __dczerorl2.o(.text)
    __decompress1                            0x080004c9   Thumb Code    86  __dczerorl2.o(.text)
    ADC_ConfigureBoostMode                   0x08000521   Thumb Code   236  stm32h7xx_hal_adc.o(i.ADC_ConfigureBoostMode)
    ADC_DMAConvCplt                          0x08000629   Thumb Code   104  stm32h7xx_hal_adc.o(i.ADC_DMAConvCplt)
    ADC_DMAError                             0x08000691   Thumb Code    26  stm32h7xx_hal_adc.o(i.ADC_DMAError)
    ADC_DMAHalfConvCplt                      0x080006ab   Thumb Code    10  stm32h7xx_hal_adc.o(i.ADC_DMAHalfConvCplt)
    ADC_Disable                              0x080006b5   Thumb Code   106  stm32h7xx_hal_adc.o(i.ADC_Disable)
    ADC_Enable                               0x08000725   Thumb Code   148  stm32h7xx_hal_adc.o(i.ADC_Enable)
    BDMA_Channel0_IRQHandler                 0x080007cd   Thumb Code     6  stm32h7xx_it.o(i.BDMA_Channel0_IRQHandler)
    BusFault_Handler                         0x080007d9   Thumb Code     2  stm32h7xx_it.o(i.BusFault_Handler)
    DMA1_Stream0_IRQHandler                  0x08000c55   Thumb Code     6  stm32h7xx_it.o(i.DMA1_Stream0_IRQHandler)
    DMA2_Stream0_IRQHandler                  0x08000c61   Thumb Code     6  stm32h7xx_it.o(i.DMA2_Stream0_IRQHandler)
    DMA2_Stream1_IRQHandler                  0x08000c6d   Thumb Code     6  stm32h7xx_it.o(i.DMA2_Stream1_IRQHandler)
    DebugMon_Handler                         0x08001175   Thumb Code     2  stm32h7xx_it.o(i.DebugMon_Handler)
    Error_Handler                            0x08001179   Thumb Code    42  main.o(i.Error_Handler)
    HAL_ADCEx_Calibration_Start              0x08001611   Thumb Code   146  stm32h7xx_hal_adc_ex.o(i.HAL_ADCEx_Calibration_Start)
    HAL_ADC_ConfigChannel                    0x080016ad   Thumb Code   926  stm32h7xx_hal_adc.o(i.HAL_ADC_ConfigChannel)
    HAL_ADC_ConvCpltCallback                 0x08001a85   Thumb Code    52  adc.o(i.HAL_ADC_ConvCpltCallback)
    HAL_ADC_ConvHalfCpltCallback             0x08001acd   Thumb Code    52  adc.o(i.HAL_ADC_ConvHalfCpltCallback)
    HAL_ADC_ErrorCallback                    0x08001b15   Thumb Code     2  stm32h7xx_hal_adc.o(i.HAL_ADC_ErrorCallback)
    HAL_ADC_GetError                         0x08001b17   Thumb Code     4  stm32h7xx_hal_adc.o(i.HAL_ADC_GetError)
    HAL_ADC_Init                             0x08001b1d   Thumb Code   498  stm32h7xx_hal_adc.o(i.HAL_ADC_Init)
    HAL_ADC_MspInit                          0x08001d45   Thumb Code   598  adc.o(i.HAL_ADC_MspInit)
    HAL_ADC_Start_DMA                        0x08001fc5   Thumb Code   230  stm32h7xx_hal_adc.o(i.HAL_ADC_Start_DMA)
    HAL_DMA_Abort                            0x080020cd   Thumb Code   836  stm32h7xx_hal_dma.o(i.HAL_DMA_Abort)
    HAL_DMA_Abort_IT                         0x0800242d   Thumb Code   602  stm32h7xx_hal_dma.o(i.HAL_DMA_Abort_IT)
    HAL_DMA_GetError                         0x080026b1   Thumb Code     4  stm32h7xx_hal_dma.o(i.HAL_DMA_GetError)
    HAL_DMA_IRQHandler                       0x080026b5   Thumb Code  1756  stm32h7xx_hal_dma.o(i.HAL_DMA_IRQHandler)
    HAL_DMA_Init                             0x08002d9d   Thumb Code   926  stm32h7xx_hal_dma.o(i.HAL_DMA_Init)
    HAL_DMA_Start_IT                         0x08003161   Thumb Code   628  stm32h7xx_hal_dma.o(i.HAL_DMA_Start_IT)
    HAL_Delay                                0x080033fd   Thumb Code    32  stm32h7xx_hal.o(i.HAL_Delay)
    HAL_GPIO_Init                            0x08003421   Thumb Code   506  stm32h7xx_hal_gpio.o(i.HAL_GPIO_Init)
    HAL_GPIO_TogglePin                       0x0800364d   Thumb Code    16  stm32h7xx_hal_gpio.o(i.HAL_GPIO_TogglePin)
    HAL_GPIO_WritePin                        0x0800365d   Thumb Code    10  stm32h7xx_hal_gpio.o(i.HAL_GPIO_WritePin)
    HAL_GetREVID                             0x08003669   Thumb Code     8  stm32h7xx_hal.o(i.HAL_GetREVID)
    HAL_GetTick                              0x08003675   Thumb Code     6  stm32h7xx_hal.o(i.HAL_GetTick)
    HAL_IncTick                              0x08003681   Thumb Code    12  stm32h7xx_hal.o(i.HAL_IncTick)
    HAL_Init                                 0x08003691   Thumb Code    74  stm32h7xx_hal.o(i.HAL_Init)
    HAL_InitTick                             0x080036ed   Thumb Code    56  stm32h7xx_hal.o(i.HAL_InitTick)
    HAL_MPU_ConfigRegion                     0x0800372d   Thumb Code    86  stm32h7xx_hal_cortex.o(i.HAL_MPU_ConfigRegion)
    HAL_MPU_Disable                          0x08003789   Thumb Code    24  stm32h7xx_hal_cortex.o(i.HAL_MPU_Disable)
    HAL_MPU_Enable                           0x080037a5   Thumb Code    30  stm32h7xx_hal_cortex.o(i.HAL_MPU_Enable)
    HAL_MspInit                              0x080037c9   Thumb Code    50  stm32h7xx_hal_msp.o(i.HAL_MspInit)
    HAL_NVIC_EnableIRQ                       0x08003801   Thumb Code    26  stm32h7xx_hal_cortex.o(i.HAL_NVIC_EnableIRQ)
    HAL_NVIC_SetPriority                     0x0800381d   Thumb Code    60  stm32h7xx_hal_cortex.o(i.HAL_NVIC_SetPriority)
    HAL_NVIC_SetPriorityGrouping             0x0800385d   Thumb Code    28  stm32h7xx_hal_cortex.o(i.HAL_NVIC_SetPriorityGrouping)
    HAL_PWREx_ConfigSupply                   0x08003881   Thumb Code    78  stm32h7xx_hal_pwr_ex.o(i.HAL_PWREx_ConfigSupply)
    HAL_RCCEx_GetD3PCLK1Freq                 0x080038d5   Thumb Code    26  stm32h7xx_hal_rcc_ex.o(i.HAL_RCCEx_GetD3PCLK1Freq)
    HAL_RCCEx_GetPLL1ClockFreq               0x080038f9   Thumb Code   298  stm32h7xx_hal_rcc_ex.o(i.HAL_RCCEx_GetPLL1ClockFreq)
    HAL_RCCEx_GetPLL2ClockFreq               0x08003a41   Thumb Code   296  stm32h7xx_hal_rcc_ex.o(i.HAL_RCCEx_GetPLL2ClockFreq)
    HAL_RCCEx_GetPLL3ClockFreq               0x08003b85   Thumb Code   296  stm32h7xx_hal_rcc_ex.o(i.HAL_RCCEx_GetPLL3ClockFreq)
    HAL_RCCEx_GetPeriphCLKFreq               0x08003cc9   Thumb Code   692  stm32h7xx_hal_rcc_ex.o(i.HAL_RCCEx_GetPeriphCLKFreq)
    HAL_RCCEx_PeriphCLKConfig                0x08003f91   Thumb Code  2472  stm32h7xx_hal_rcc_ex.o(i.HAL_RCCEx_PeriphCLKConfig)
    HAL_RCC_ClockConfig                      0x0800493d   Thumb Code   580  stm32h7xx_hal_rcc.o(i.HAL_RCC_ClockConfig)
    HAL_RCC_GetHCLKFreq                      0x08004b99   Thumb Code    52  stm32h7xx_hal_rcc.o(i.HAL_RCC_GetHCLKFreq)
    HAL_RCC_GetPCLK1Freq                     0x08004bdd   Thumb Code    26  stm32h7xx_hal_rcc.o(i.HAL_RCC_GetPCLK1Freq)
    HAL_RCC_GetPCLK2Freq                     0x08004c01   Thumb Code    26  stm32h7xx_hal_rcc.o(i.HAL_RCC_GetPCLK2Freq)
    HAL_RCC_GetSysClockFreq                  0x08004c25   Thumb Code   278  stm32h7xx_hal_rcc.o(i.HAL_RCC_GetSysClockFreq)
    HAL_RCC_OscConfig                        0x08004d5d   Thumb Code  1410  stm32h7xx_hal_rcc.o(i.HAL_RCC_OscConfig)
    HAL_SYSCFG_DisableVREFBUF                0x080052e1   Thumb Code    12  stm32h7xx_hal.o(i.HAL_SYSCFG_DisableVREFBUF)
    HAL_SYSCFG_VREFBUF_HighImpedanceConfig   0x080052f1   Thumb Code    14  stm32h7xx_hal.o(i.HAL_SYSCFG_VREFBUF_HighImpedanceConfig)
    HAL_SYSTICK_Config                       0x08005305   Thumb Code    38  stm32h7xx_hal_cortex.o(i.HAL_SYSTICK_Config)
    HAL_TIMEx_MasterConfigSynchronization    0x0800532d   Thumb Code   134  stm32h7xx_hal_tim_ex.o(i.HAL_TIMEx_MasterConfigSynchronization)
    HAL_TIM_Base_Init                        0x080053d1   Thumb Code    98  stm32h7xx_hal_tim.o(i.HAL_TIM_Base_Init)
    HAL_TIM_Base_MspInit                     0x08005435   Thumb Code    54  tim.o(i.HAL_TIM_Base_MspInit)
    HAL_UARTEx_RxEventCallback               0x08005479   Thumb Code     2  stm32h7xx_hal_uart.o(i.HAL_UARTEx_RxEventCallback)
    HAL_UARTEx_RxFifoFullCallback            0x0800547b   Thumb Code     2  stm32h7xx_hal_uart_ex.o(i.HAL_UARTEx_RxFifoFullCallback)
    HAL_UARTEx_TxFifoEmptyCallback           0x0800547d   Thumb Code     2  stm32h7xx_hal_uart_ex.o(i.HAL_UARTEx_TxFifoEmptyCallback)
    HAL_UARTEx_WakeupCallback                0x0800547f   Thumb Code     2  stm32h7xx_hal_uart_ex.o(i.HAL_UARTEx_WakeupCallback)
    HAL_UART_ErrorCallback                   0x08005481   Thumb Code     2  stm32h7xx_hal_uart.o(i.HAL_UART_ErrorCallback)
    HAL_UART_GetState                        0x08005483   Thumb Code    14  stm32h7xx_hal_uart.o(i.HAL_UART_GetState)
    HAL_UART_IRQHandler                      0x08005491   Thumb Code   878  stm32h7xx_hal_uart.o(i.HAL_UART_IRQHandler)
    HAL_UART_Init                            0x08005819   Thumb Code   106  stm32h7xx_hal_uart.o(i.HAL_UART_Init)
    HAL_UART_MspInit                         0x08005885   Thumb Code   366  usart.o(i.HAL_UART_MspInit)
    HAL_UART_Transmit                        0x08005a19   Thumb Code   176  stm32h7xx_hal_uart.o(i.HAL_UART_Transmit)
    HAL_UART_Transmit_DMA                    0x08005ac9   Thumb Code   132  stm32h7xx_hal_uart.o(i.HAL_UART_Transmit_DMA)
    HAL_UART_TxCpltCallback                  0x08005b59   Thumb Code    18  main.o(i.HAL_UART_TxCpltCallback)
    HAL_UART_TxHalfCpltCallback              0x08005b75   Thumb Code     2  stm32h7xx_hal_uart.o(i.HAL_UART_TxHalfCpltCallback)
    HardFault_Handler                        0x08005b77   Thumb Code     2  stm32h7xx_it.o(i.HardFault_Handler)
    MX_DAC1_Init                             0x08005bb9   Thumb Code   154  dac.o(i.MX_DAC1_Init)
    MX_DEBUG_UART_Init                       0x08005c69   Thumb Code    48  usart.o(i.MX_DEBUG_UART_Init)
    MX_GPIO_Init                             0x08005ca1   Thumb Code    70  gpio.o(i.MX_GPIO_Init)
    MX_TIM7_Init                             0x08005cf1   Thumb Code    62  dac.o(i.MX_TIM7_Init)
    MY_ADC1_Init                             0x08005d3d   Thumb Code   150  adc.o(i.MY_ADC1_Init)
    MY_ADC2_Init                             0x08005de5   Thumb Code   150  adc.o(i.MY_ADC2_Init)
    MY_ADC3_Init                             0x08005e8d   Thumb Code   148  adc.o(i.MY_ADC3_Init)
    MY_ADC_Start                             0x08005f2d   Thumb Code   174  adc.o(i.MY_ADC_Start)
    MemManage_Handler                        0x08005ff1   Thumb Code     2  stm32h7xx_it.o(i.MemManage_Handler)
    NMI_Handler                              0x08005ff3   Thumb Code     2  stm32h7xx_it.o(i.NMI_Handler)
    PendSV_Handler                           0x08005ff5   Thumb Code     2  stm32h7xx_it.o(i.PendSV_Handler)
    SVC_Handler                              0x08006351   Thumb Code     2  stm32h7xx_it.o(i.SVC_Handler)
    SysTick_Handler                          0x08006353   Thumb Code     4  stm32h7xx_it.o(i.SysTick_Handler)
    SystemClock_Config                       0x08006359   Thumb Code   210  main.o(i.SystemClock_Config)
    SystemInit                               0x08006439   Thumb Code   134  system_stm32h7xx.o(i.SystemInit)
    TIM_Base_SetConfig                       0x080064d5   Thumb Code   162  stm32h7xx_hal_tim.o(i.TIM_Base_SetConfig)
    UART7_IRQHandler                         0x08006599   Thumb Code     6  stm32h7xx_it.o(i.UART7_IRQHandler)
    UART_AdvFeatureConfig                    0x080065a5   Thumb Code   200  stm32h7xx_hal_uart.o(i.UART_AdvFeatureConfig)
    UART_CheckIdleState                      0x0800666d   Thumb Code   170  stm32h7xx_hal_uart.o(i.UART_CheckIdleState)
    UART_SetConfig                           0x08006849   Thumb Code   876  stm32h7xx_hal_uart.o(i.UART_SetConfig)
    UART_WaitOnFlagUntilTimeout              0x08006bf5   Thumb Code   140  stm32h7xx_hal_uart.o(i.UART_WaitOnFlagUntilTimeout)
    UsageFault_Handler                       0x08006c81   Thumb Code     2  stm32h7xx_it.o(i.UsageFault_Handler)
    __ARM_fpclassifyf                        0x08006c83   Thumb Code    38  fpclassifyf.o(i.__ARM_fpclassifyf)
    __hardfp_cosf                            0x08006ccd   Thumb Code   276  cosf.o(i.__hardfp_cosf)
    __hardfp_sinf                            0x08006e1d   Thumb Code   344  sinf.o(i.__hardfp_sinf)
    __hardfp_sqrtf                           0x08006fb1   Thumb Code    58  sqrtf.o(i.__hardfp_sqrtf)
    __mathlib_flt_infnan                     0x08006feb   Thumb Code     6  funder.o(i.__mathlib_flt_infnan)
    __mathlib_flt_invalid                    0x08006ff1   Thumb Code    10  funder.o(i.__mathlib_flt_invalid)
    __mathlib_flt_underflow                  0x08007001   Thumb Code    10  funder.o(i.__mathlib_flt_underflow)
    __mathlib_rredf2                         0x08007011   Thumb Code   316  rredf.o(i.__mathlib_rredf2)
    __scatterload_copy                       0x08007165   Thumb Code    14  handlers.o(i.__scatterload_copy)
    __scatterload_null                       0x08007173   Thumb Code     2  handlers.o(i.__scatterload_null)
    __scatterload_zeroinit                   0x08007175   Thumb Code    14  handlers.o(i.__scatterload_zeroinit)
    __set_errno                              0x08007185   Thumb Code     6  errno.o(i.__set_errno)
    arm_cfft_f32                             0x08007191   Thumb Code   204  arm_cfft_f32.o(i.arm_cfft_f32)
    arm_cfft_radix8by2_f32                   0x0800725d   Thumb Code   402  arm_cfft_f32.o(i.arm_cfft_radix8by2_f32)
    arm_cfft_radix8by4_f32                   0x080073f1   Thumb Code  1114  arm_cfft_f32.o(i.arm_cfft_radix8by4_f32)
    arm_radix8_butterfly_f32                 0x0800784d   Thumb Code  1212  arm_cfft_radix8_f32.o(i.arm_radix8_butterfly_f32)
    arm_rfft_fast_f32                        0x08007d09   Thumb Code    68  arm_rfft_fast_f32.o(i.arm_rfft_fast_f32)
    arm_rfft_fast_init_f32                   0x08007d4d   Thumb Code   198  arm_rfft_fast_init_f32.o(i.arm_rfft_fast_init_f32)
    debug_init                               0x080080cd   Thumb Code    12  debug.o(i.debug_init)
    debug_poll                               0x080080dd   Thumb Code    92  debug.o(i.debug_poll)
    main                                     0x08008145   Thumb Code  2094  main.o(i.main)
    merge_rfft_f32                           0x08008999   Thumb Code   160  arm_rfft_fast_f32.o(i.merge_rfft_f32)
    stage_rfft_f32                           0x08008b2d   Thumb Code   164  arm_rfft_fast_f32.o(i.stage_rfft_f32)
    UARTPrescTable                           0x08008c68   Data          24  stm32h7xx_hal_uart.o(.constdata)
    D1CorePrescTable                         0x08008c80   Data          16  system_stm32h7xx.o(.constdata)
    twiddleCoef_16                           0x08008c90   Data         128  arm_common_tables.o(.constdata)
    twiddleCoef_32                           0x08008d10   Data         256  arm_common_tables.o(.constdata)
    twiddleCoef_64                           0x08008e10   Data         512  arm_common_tables.o(.constdata)
    twiddleCoef_128                          0x08009010   Data        1024  arm_common_tables.o(.constdata)
    twiddleCoef_256                          0x08009410   Data        2048  arm_common_tables.o(.constdata)
    twiddleCoef_512                          0x08009c10   Data        4096  arm_common_tables.o(.constdata)
    twiddleCoef_1024                         0x0800ac10   Data        8192  arm_common_tables.o(.constdata)
    twiddleCoef_2048                         0x0800cc10   Data       16384  arm_common_tables.o(.constdata)
    armBitRevIndexTable16                    0x08010c10   Data          40  arm_common_tables.o(.constdata)
    armBitRevIndexTable32                    0x08010c38   Data          96  arm_common_tables.o(.constdata)
    armBitRevIndexTable64                    0x08010c98   Data         112  arm_common_tables.o(.constdata)
    armBitRevIndexTable128                   0x08010d08   Data         416  arm_common_tables.o(.constdata)
    armBitRevIndexTable256                   0x08010ea8   Data         880  arm_common_tables.o(.constdata)
    armBitRevIndexTable512                   0x08011218   Data         896  arm_common_tables.o(.constdata)
    armBitRevIndexTable1024                  0x08011598   Data        3600  arm_common_tables.o(.constdata)
    armBitRevIndexTable2048                  0x080123a8   Data        7616  arm_common_tables.o(.constdata)
    twiddleCoef_rfft_32                      0x08014168   Data         128  arm_common_tables.o(.constdata)
    twiddleCoef_rfft_64                      0x080141e8   Data         256  arm_common_tables.o(.constdata)
    twiddleCoef_rfft_128                     0x080142e8   Data         512  arm_common_tables.o(.constdata)
    twiddleCoef_rfft_256                     0x080144e8   Data        1024  arm_common_tables.o(.constdata)
    twiddleCoef_rfft_512                     0x080148e8   Data        2048  arm_common_tables.o(.constdata)
    twiddleCoef_rfft_1024                    0x080150e8   Data        4096  arm_common_tables.o(.constdata)
    twiddleCoef_rfft_2048                    0x080160e8   Data        8192  arm_common_tables.o(.constdata)
    twiddleCoef_rfft_4096                    0x080180e8   Data       16384  arm_common_tables.o(.constdata)
    Region$$Table$$Base                      0x0801c108   Number         0  anon$$obj.o(Region$$Table)
    Region$$Table$$Limit                     0x0801c148   Number         0  anon$$obj.o(Region$$Table)
    diag_fft_snapshot_ch                     0x2000000c   Data           1  main.o(.data)
    diag_loop_cnt                            0x20000020   Data           4  main.o(.data)
    diag_frame_seen_cnt                      0x20000024   Data           4  main.o(.data)
    diag_frame_gate_drop_cnt                 0x20000028   Data           4  main.o(.data)
    diag_prescan_hit_cnt                     0x2000002c   Data           4  main.o(.data)
    diag_fft_try_cnt                         0x20000030   Data           4  main.o(.data)
    diag_uart_evt_cnt                        0x20000034   Data           4  main.o(.data)
    diag_last_n_trig                         0x20000038   Data           4  main.o(.data)
    diag_last_n_collected                    0x2000003c   Data           4  main.o(.data)
    diag_last_state                          0x20000040   Data           4  main.o(.data)
    diag_uart_hal_ok_cnt                     0x20000044   Data           4  main.o(.data)
    diag_uart_hal_fail_cnt                   0x20000048   Data           4  main.o(.data)
    diag_external_event_candidate_cnt        0x2000004c   Data           4  main.o(.data)
    diag_external_dedup_skip_cnt             0x20000050   Data           4  main.o(.data)
    diag_external_noise_filter_cnt           0x20000054   Data           4  main.o(.data)
    diag_external_freq_filter_cnt            0x20000058   Data           4  main.o(.data)
    diag_external_send_try_cnt               0x2000005c   Data           4  main.o(.data)
    diag_fft_max_bin                         0x20000060   Data           4  main.o(.data)
    diag_fft_max_mag                         0x20000064   Data           4  main.o(.data)
    diag_fft_avg_mag                         0x20000068   Data           4  main.o(.data)
    diag_fft_used_fs                         0x2000006c   Data           4  main.o(.data)
    diag_time_base_lo                        0x20000070   Data           4  main.o(.data)
    diag_time_base_hi                        0x20000074   Data           4  main.o(.data)
    diag_dwt_baseline                        0x20000078   Data           4  main.o(.data)
    diag_systick_base                        0x2000007c   Data           4  main.o(.data)
    diag_sysclk_hz                           0x20000080   Data           4  main.o(.data)
    diag_adc1_smpr                           0x20000084   Data           4  main.o(.data)
    diag_adc2_smpr                           0x20000088   Data           4  main.o(.data)
    diag_adc3_smpr                           0x2000008c   Data           4  main.o(.data)
    diag_adc1_cfgr                           0x20000090   Data           4  main.o(.data)
    diag_adc2_cfgr                           0x20000094   Data           4  main.o(.data)
    diag_dma2_ndtr                           0x20000098   Data           4  main.o(.data)
    diag_dma1_ndtr                           0x2000009c   Data           4  main.o(.data)
    diag_frame_process_cyc                   0x200000a0   Data           4  main.o(.data)
    diag_frame_process_max                   0x200000a4   Data           4  main.o(.data)
    diag_frame_interval_cyc                  0x200000a8   Data           4  main.o(.data)
    diag_idle_ratio                          0x200000ac   Data           4  main.o(.data)
    diag_last_frame_cyc                      0x200000b0   Data           4  main.o(.data)
    ch_dc_offset_valid                       0x200000b4   Data           4  main.o(.data)
    adc_fs_hz                                0x200000b8   Data           4  main.o(.data)
    diag_uart_q_drop_cnt                     0x200000c4   Data           4  main.o(.data)
    diag_uart_q_push_cnt                     0x200000c8   Data           4  main.o(.data)
    diag_uart_q_send_cnt                     0x200000cc   Data           4  main.o(.data)
    adc1_dma_half                            0x200000f8   Data           1  adc.o(.data)
    adc1_dma_full                            0x200000f9   Data           1  adc.o(.data)
    adc2_dma_half                            0x200000fa   Data           1  adc.o(.data)
    adc2_dma_full                            0x200000fb   Data           1  adc.o(.data)
    adc3_dma_half                            0x200000fc   Data           1  adc.o(.data)
    adc3_dma_full                            0x200000fd   Data           1  adc.o(.data)
    adc1_dma_half_cyc                        0x20000100   Data           4  adc.o(.data)
    adc1_dma_full_cyc                        0x20000104   Data           4  adc.o(.data)
    adc2_dma_half_cyc                        0x20000108   Data           4  adc.o(.data)
    adc2_dma_full_cyc                        0x2000010c   Data           4  adc.o(.data)
    adc3_dma_half_cyc                        0x20000110   Data           4  adc.o(.data)
    adc3_dma_full_cyc                        0x20000114   Data           4  adc.o(.data)
    uwTickFreq                               0x20000118   Data           1  stm32h7xx_hal.o(.data)
    uwTickPrio                               0x2000011c   Data           4  stm32h7xx_hal.o(.data)
    uwTick                                   0x20000120   Data           4  stm32h7xx_hal.o(.data)
    SystemCoreClock                          0x20000124   Data           4  system_stm32h7xx.o(.data)
    SystemD2Clock                            0x20000128   Data           4  system_stm32h7xx.o(.data)
    diag_last_noise_pp                       0x20000140   Data          24  main.o(.bss)
    diag_last_thr                            0x20000158   Data          24  main.o(.bss)
    diag_last_max_dev                        0x20000170   Data          24  main.o(.bss)
    diag_burst_max_dev                       0x20000188   Data          24  main.o(.bss)
    diag_evt_count_ch                        0x200001a0   Data          24  main.o(.bss)
    diag_evt_last_time_lo                    0x200001b8   Data          24  main.o(.bss)
    diag_evt_last_time_hi                    0x200001d0   Data          24  main.o(.bss)
    diag_evt_last_freq                       0x200001e8   Data          24  main.o(.bss)
    diag_ch_last_fft_freq                    0x20000200   Data          24  main.o(.bss)
    ch_dc_offset                             0x20000218   Data          24  main.o(.bss)
    diag_fft_spec_snapshot                   0x20006a30   Data         112  main.o(.bss)
    adc_start_status                         0x20007ac0   Data          12  adc.o(.bss)
    adc_error_status                         0x20007acc   Data          12  adc.o(.bss)
    dma_error_status                         0x20007ad8   Data          12  adc.o(.bss)
    hadc1                                    0x20007ae4   Data         100  adc.o(.bss)
    hadc2                                    0x20007b48   Data         100  adc.o(.bss)
    hadc3                                    0x20007bac   Data         100  adc.o(.bss)
    hdma_adc1                                0x20007c10   Data         120  adc.o(.bss)
    hdma_adc2                                0x20007c88   Data         120  adc.o(.bss)
    hdma_adc3                                0x20007d00   Data         120  adc.o(.bss)
    htim7                                    0x20007d78   Data          76  dac.o(.bss)
    hdac1                                    0x20007dc4   Data          20  dac.o(.bss)
    hdma_dac1_ch2                            0x20007dd8   Data         120  dac.o(.bss)
    hdebug_uart                              0x20007e50   Data         148  usart.o(.bss)
    hrs485_uart                              0x20007ee4   Data         148  usart.o(.bss)
    hlog_uart                                0x20007f78   Data         148  usart.o(.bss)
    hdma_uart7_tx                            0x2000800c   Data         120  usart.o(.bss)
    __initial_sp                             0x20008488   Data           0  startup_stm32h750xx.o(STACK)
    adc1_buf                                 0x24070000   Data       32768  adc.o(.ARM.__AT_0x24070000)
    adc2_buf                                 0x24078000   Data       32768  adc.o(.ARM.__AT_0x24078000)
    adc3_buf                                 0x38000000   Data       32768  adc.o(.ARM.__AT_0x38000000)



==============================================================================

Memory Map of the image

  Image Entry point : 0x08000299

  Load Region LR_IROM1 (Base: 0x08000000, Size: 0x00082af8, Max: 0x00020000, ABSOLUTE, COMPRESSED[0x0001ce44])

    Execution Region ER_IROM1 (Base: 0x08000000, Size: 0x0001c148, Max: 0x00020000, ABSOLUTE)

    Base Addr    Size         Type   Attr      Idx    E Section Name        Object

    0x08000000   0x00000298   Data   RO            3    RESET               startup_stm32h750xx.o
    0x08000298   0x00000000   Code   RO         5337  * .ARM.Collect$$$$00000000  mc_w.l(entry.o)
    0x08000298   0x00000004   Code   RO         5397    .ARM.Collect$$$$00000001  mc_w.l(entry2.o)
    0x0800029c   0x00000004   Code   RO         5400    .ARM.Collect$$$$00000004  mc_w.l(entry5.o)
    0x080002a0   0x00000000   Code   RO         5402    .ARM.Collect$$$$00000008  mc_w.l(entry7b.o)
    0x080002a0   0x00000000   Code   RO         5404    .ARM.Collect$$$$0000000A  mc_w.l(entry8b.o)
    0x080002a0   0x00000008   Code   RO         5405    .ARM.Collect$$$$0000000B  mc_w.l(entry9a.o)
    0x080002a8   0x00000000   Code   RO         5407    .ARM.Collect$$$$0000000D  mc_w.l(entry10a.o)
    0x080002a8   0x00000000   Code   RO         5409    .ARM.Collect$$$$0000000F  mc_w.l(entry11a.o)
    0x080002a8   0x00000004   Code   RO         5398    .ARM.Collect$$$$00002712  mc_w.l(entry2.o)
    0x080002ac   0x00000024   Code   RO            4    .text               startup_stm32h750xx.o
    0x080002d0   0x000000c0   Code   RO         5098    .text               arm_bitreversal2.o
    0x08000390   0x00000062   Code   RO         5340    .text               mc_w.l(uldiv.o)
    0x080003f2   0x00000024   Code   RO         5342    .text               mc_w.l(memcpya.o)
    0x08000416   0x00000024   Code   RO         5344    .text               mc_w.l(memseta.o)
    0x0800043a   0x0000002c   Code   RO         5376    .text               mf_w.l(ffixul.o)
    0x08000466   0x0000001e   Code   RO         5414    .text               mc_w.l(llshl.o)
    0x08000484   0x00000020   Code   RO         5416    .text               mc_w.l(llushr.o)
    0x080004a4   0x00000000   Code   RO         5425    .text               mc_w.l(iusefp.o)
    0x080004a4   0x00000024   Code   RO         5436    .text               mc_w.l(init.o)
    0x080004c8   0x00000056   Code   RO         5450    .text               mc_w.l(__dczerorl2.o)
    0x0800051e   0x00000002   PAD
    0x08000520   0x00000108   Code   RO          909    i.ADC_ConfigureBoostMode  stm32h7xx_hal_adc.o
    0x08000628   0x00000068   Code   RO          911    i.ADC_DMAConvCplt   stm32h7xx_hal_adc.o
    0x08000690   0x0000001a   Code   RO          912    i.ADC_DMAError      stm32h7xx_hal_adc.o
    0x080006aa   0x0000000a   Code   RO          913    i.ADC_DMAHalfConvCplt  stm32h7xx_hal_adc.o
    0x080006b4   0x00000070   Code   RO          914    i.ADC_Disable       stm32h7xx_hal_adc.o
    0x08000724   0x000000a8   Code   RO          915    i.ADC_Enable        stm32h7xx_hal_adc.o
    0x080007cc   0x0000000c   Code   RO          577    i.BDMA_Channel0_IRQHandler  stm32h7xx_it.o
    0x080007d8   0x00000002   Code   RO          578    i.BusFault_Handler  stm32h7xx_it.o
    0x080007da   0x00000002   PAD
    0x080007dc   0x00000088   Code   RO          211    i.CPU_CACHE_Enable  main.o
    0x08000864   0x0000010c   Code   RO          212    i.Calc_DC_Offset_Baseline  main.o
    0x08000970   0x000002e4   Code   RO          213    i.Calc_FFT_Frequency_in_Frame_Optimized  main.o
    0x08000c54   0x0000000c   Code   RO          579    i.DMA1_Stream0_IRQHandler  stm32h7xx_it.o
    0x08000c60   0x0000000c   Code   RO          580    i.DMA2_Stream0_IRQHandler  stm32h7xx_it.o
    0x08000c6c   0x0000000c   Code   RO          581    i.DMA2_Stream1_IRQHandler  stm32h7xx_it.o
    0x08000c78   0x000000b4   Code   RO         1980    i.DMA_CalcBaseAndBitshift  stm32h7xx_hal_dma.o
    0x08000d2c   0x0000009c   Code   RO         1981    i.DMA_CalcDMAMUXChannelBaseAndMask  stm32h7xx_hal_dma.o
    0x08000dc8   0x00000074   Code   RO         1982    i.DMA_CalcDMAMUXRequestGenBaseAndMask  stm32h7xx_hal_dma.o
    0x08000e3c   0x00000054   Code   RO         1983    i.DMA_CheckFifoParam  stm32h7xx_hal_dma.o
    0x08000e90   0x00000220   Code   RO         1984    i.DMA_SetConfig     stm32h7xx_hal_dma.o
    0x080010b0   0x00000058   Code   RO          214    i.DWT_GetUs         main.o
    0x08001108   0x0000006c   Code   RO          215    i.DWT_Init          main.o
    0x08001174   0x00000002   Code   RO          582    i.DebugMon_Handler  stm32h7xx_it.o
    0x08001176   0x00000002   PAD
    0x08001178   0x00000030   Code   RO          216    i.Error_Handler     main.o
    0x080011a8   0x000002b8   Code   RO          217    i.FFT_Benchmark     main.o
    0x08001460   0x000000b8   Code   RO          218    i.FFT_Tables_Init   main.o
    0x08001518   0x000000f6   Code   RO          219    i.Find_FirstPeak_in_Frame  main.o
    0x0800160e   0x00000002   PAD
    0x08001610   0x0000009c   Code   RO         1131    i.HAL_ADCEx_Calibration_Start  stm32h7xx_hal_adc_ex.o
    0x080016ac   0x000003d8   Code   RO          917    i.HAL_ADC_ConfigChannel  stm32h7xx_hal_adc.o
    0x08001a84   0x00000048   Code   RO          428    i.HAL_ADC_ConvCpltCallback  adc.o
    0x08001acc   0x00000048   Code   RO          429    i.HAL_ADC_ConvHalfCpltCallback  adc.o
    0x08001b14   0x00000002   Code   RO          921    i.HAL_ADC_ErrorCallback  stm32h7xx_hal_adc.o
    0x08001b16   0x00000004   Code   RO          922    i.HAL_ADC_GetError  stm32h7xx_hal_adc.o
    0x08001b1a   0x00000002   PAD
    0x08001b1c   0x00000228   Code   RO          926    i.HAL_ADC_Init      stm32h7xx_hal_adc.o
    0x08001d44   0x00000280   Code   RO          431    i.HAL_ADC_MspInit   adc.o
    0x08001fc4   0x00000108   Code   RO          933    i.HAL_ADC_Start_DMA  stm32h7xx_hal_adc.o
    0x080020cc   0x00000360   Code   RO         1985    i.HAL_DMA_Abort     stm32h7xx_hal_dma.o
    0x0800242c   0x00000284   Code   RO         1986    i.HAL_DMA_Abort_IT  stm32h7xx_hal_dma.o
    0x080026b0   0x00000004   Code   RO         1988    i.HAL_DMA_GetError  stm32h7xx_hal_dma.o
    0x080026b4   0x000006e8   Code   RO         1990    i.HAL_DMA_IRQHandler  stm32h7xx_hal_dma.o
    0x08002d9c   0x000003c4   Code   RO         1991    i.HAL_DMA_Init      stm32h7xx_hal_dma.o
    0x08003160   0x0000029c   Code   RO         1995    i.HAL_DMA_Start_IT  stm32h7xx_hal_dma.o
    0x080033fc   0x00000024   Code   RO         2711    i.HAL_Delay         stm32h7xx_hal.o
    0x08003420   0x0000022c   Code   RO         1833    i.HAL_GPIO_Init     stm32h7xx_hal_gpio.o
    0x0800364c   0x00000010   Code   RO         1836    i.HAL_GPIO_TogglePin  stm32h7xx_hal_gpio.o
    0x0800365c   0x0000000a   Code   RO         1837    i.HAL_GPIO_WritePin  stm32h7xx_hal_gpio.o
    0x08003666   0x00000002   PAD
    0x08003668   0x0000000c   Code   RO         2722    i.HAL_GetREVID      stm32h7xx_hal.o
    0x08003674   0x0000000c   Code   RO         2723    i.HAL_GetTick       stm32h7xx_hal.o
    0x08003680   0x00000010   Code   RO         2729    i.HAL_IncTick       stm32h7xx_hal.o
    0x08003690   0x0000005c   Code   RO         2730    i.HAL_Init          stm32h7xx_hal.o
    0x080036ec   0x00000040   Code   RO         2731    i.HAL_InitTick      stm32h7xx_hal.o
    0x0800372c   0x0000005c   Code   RO         2564    i.HAL_MPU_ConfigRegion  stm32h7xx_hal_cortex.o
    0x08003788   0x0000001c   Code   RO         2565    i.HAL_MPU_Disable   stm32h7xx_hal_cortex.o
    0x080037a4   0x00000024   Code   RO         2566    i.HAL_MPU_Enable    stm32h7xx_hal_cortex.o
    0x080037c8   0x00000038   Code   RO          682    i.HAL_MspInit       stm32h7xx_hal_msp.o
    0x08003800   0x0000001a   Code   RO         2569    i.HAL_NVIC_EnableIRQ  stm32h7xx_hal_cortex.o
    0x0800381a   0x00000002   PAD
    0x0800381c   0x00000040   Code   RO         2575    i.HAL_NVIC_SetPriority  stm32h7xx_hal_cortex.o
    0x0800385c   0x00000024   Code   RO         2576    i.HAL_NVIC_SetPriorityGrouping  stm32h7xx_hal_cortex.o
    0x08003880   0x00000054   Code   RO         2310    i.HAL_PWREx_ConfigSupply  stm32h7xx_hal_pwr_ex.o
    0x080038d4   0x00000024   Code   RO         1476    i.HAL_RCCEx_GetD3PCLK1Freq  stm32h7xx_hal_rcc_ex.o
    0x080038f8   0x00000148   Code   RO         1477    i.HAL_RCCEx_GetPLL1ClockFreq  stm32h7xx_hal_rcc_ex.o
    0x08003a40   0x00000144   Code   RO         1478    i.HAL_RCCEx_GetPLL2ClockFreq  stm32h7xx_hal_rcc_ex.o
    0x08003b84   0x00000144   Code   RO         1479    i.HAL_RCCEx_GetPLL3ClockFreq  stm32h7xx_hal_rcc_ex.o
    0x08003cc8   0x000002c8   Code   RO         1481    i.HAL_RCCEx_GetPeriphCLKFreq  stm32h7xx_hal_rcc_ex.o
    0x08003f90   0x000009ac   Code   RO         1485    i.HAL_RCCEx_PeriphCLKConfig  stm32h7xx_hal_rcc_ex.o
    0x0800493c   0x0000025c   Code   RO         1361    i.HAL_RCC_ClockConfig  stm32h7xx_hal_rcc.o
    0x08004b98   0x00000044   Code   RO         1366    i.HAL_RCC_GetHCLKFreq  stm32h7xx_hal_rcc.o
    0x08004bdc   0x00000024   Code   RO         1368    i.HAL_RCC_GetPCLK1Freq  stm32h7xx_hal_rcc.o
    0x08004c00   0x00000024   Code   RO         1369    i.HAL_RCC_GetPCLK2Freq  stm32h7xx_hal_rcc.o
    0x08004c24   0x00000138   Code   RO         1370    i.HAL_RCC_GetSysClockFreq  stm32h7xx_hal_rcc.o
    0x08004d5c   0x00000582   Code   RO         1373    i.HAL_RCC_OscConfig  stm32h7xx_hal_rcc.o
    0x080052de   0x00000002   PAD
    0x080052e0   0x00000010   Code   RO         2741    i.HAL_SYSCFG_DisableVREFBUF  stm32h7xx_hal.o
    0x080052f0   0x00000014   Code   RO         2746    i.HAL_SYSCFG_VREFBUF_HighImpedanceConfig  stm32h7xx_hal.o
    0x08005304   0x00000026   Code   RO         2580    i.HAL_SYSTICK_Config  stm32h7xx_hal_cortex.o
    0x0800532a   0x00000002   PAD
    0x0800532c   0x000000a4   Code   RO         4191    i.HAL_TIMEx_MasterConfigSynchronization  stm32h7xx_hal_tim_ex.o
    0x080053d0   0x00000062   Code   RO         3455    i.HAL_TIM_Base_Init  stm32h7xx_hal_tim.o
    0x08005432   0x00000002   PAD
    0x08005434   0x00000044   Code   RO          511    i.HAL_TIM_Base_MspInit  tim.o
    0x08005478   0x00000002   Code   RO         4469    i.HAL_UARTEx_RxEventCallback  stm32h7xx_hal_uart.o
    0x0800547a   0x00000002   Code   RO         4888    i.HAL_UARTEx_RxFifoFullCallback  stm32h7xx_hal_uart_ex.o
    0x0800547c   0x00000002   Code   RO         4892    i.HAL_UARTEx_TxFifoEmptyCallback  stm32h7xx_hal_uart_ex.o
    0x0800547e   0x00000002   Code   RO         4893    i.HAL_UARTEx_WakeupCallback  stm32h7xx_hal_uart_ex.o
    0x08005480   0x00000002   Code   RO         4485    i.HAL_UART_ErrorCallback  stm32h7xx_hal_uart.o
    0x08005482   0x0000000e   Code   RO         4487    i.HAL_UART_GetState  stm32h7xx_hal_uart.o
    0x08005490   0x00000388   Code   RO         4488    i.HAL_UART_IRQHandler  stm32h7xx_hal_uart.o
    0x08005818   0x0000006a   Code   RO         4489    i.HAL_UART_Init     stm32h7xx_hal_uart.o
    0x08005882   0x00000002   PAD
    0x08005884   0x00000194   Code   RO          840    i.HAL_UART_MspInit  usart.o
    0x08005a18   0x000000b0   Code   RO         4498    i.HAL_UART_Transmit  stm32h7xx_hal_uart.o
    0x08005ac8   0x00000090   Code   RO         4499    i.HAL_UART_Transmit_DMA  stm32h7xx_hal_uart.o
    0x08005b58   0x0000001c   Code   RO          220    i.HAL_UART_TxCpltCallback  main.o
    0x08005b74   0x00000002   Code   RO         4502    i.HAL_UART_TxHalfCpltCallback  stm32h7xx_hal_uart.o
    0x08005b76   0x00000002   Code   RO          583    i.HardFault_Handler  stm32h7xx_it.o
    0x08005b78   0x00000008   Code   RO          938    i.LL_ADC_INJ_IsConversionOngoing  stm32h7xx_hal_adc.o
    0x08005b80   0x00000008   Code   RO          939    i.LL_ADC_REG_IsConversionOngoing  stm32h7xx_hal_adc.o
    0x08005b88   0x00000010   Code   RO          940    i.LL_ADC_REG_IsTriggerSourceSWStart  stm32h7xx_hal_adc.o
    0x08005b98   0x0000001e   Code   RO          942    i.LL_ADC_SetChannelSamplingTime  stm32h7xx_hal_adc.o
    0x08005bb6   0x00000002   PAD
    0x08005bb8   0x000000b0   Code   RO          718    i.MX_DAC1_Init      dac.o
    0x08005c68   0x00000038   Code   RO          841    i.MX_DEBUG_UART_Init  usart.o
    0x08005ca0   0x00000050   Code   RO          404    i.MX_GPIO_Init      gpio.o
    0x08005cf0   0x0000004c   Code   RO          719    i.MX_TIM7_Init      dac.o
    0x08005d3c   0x000000a8   Code   RO          432    i.MY_ADC1_Init      adc.o
    0x08005de4   0x000000a8   Code   RO          433    i.MY_ADC2_Init      adc.o
    0x08005e8c   0x000000a0   Code   RO          434    i.MY_ADC3_Init      adc.o
    0x08005f2c   0x000000c4   Code   RO          435    i.MY_ADC_Start      adc.o
    0x08005ff0   0x00000002   Code   RO          584    i.MemManage_Handler  stm32h7xx_it.o
    0x08005ff2   0x00000002   Code   RO          585    i.NMI_Handler       stm32h7xx_it.o
    0x08005ff4   0x00000002   Code   RO          586    i.PendSV_Handler    stm32h7xx_it.o
    0x08005ff6   0x00000002   PAD
    0x08005ff8   0x00000120   Code   RO         1488    i.RCCEx_PLL2_Config  stm32h7xx_hal_rcc_ex.o
    0x08006118   0x00000120   Code   RO         1489    i.RCCEx_PLL3_Config  stm32h7xx_hal_rcc_ex.o
    0x08006238   0x000000a0   Code   RO          221    i.Refine_Peak_SubSample  main.o
    0x080062d8   0x00000078   Code   RO          222    i.Refine_Transition_SubSample  main.o
    0x08006350   0x00000002   Code   RO          587    i.SVC_Handler       stm32h7xx_it.o
    0x08006352   0x00000004   Code   RO          588    i.SysTick_Handler   stm32h7xx_it.o
    0x08006356   0x00000002   PAD
    0x08006358   0x000000e0   Code   RO          223    i.SystemClock_Config  main.o
    0x08006438   0x0000009c   Code   RO         4999    i.SystemInit        system_stm32h7xx.o
    0x080064d4   0x000000c4   Code   RO         3548    i.TIM_Base_SetConfig  stm32h7xx_hal_tim.o
    0x08006598   0x0000000c   Code   RO          589    i.UART7_IRQHandler  stm32h7xx_it.o
    0x080065a4   0x000000c8   Code   RO         4503    i.UART_AdvFeatureConfig  stm32h7xx_hal_uart.o
    0x0800666c   0x000000aa   Code   RO         4504    i.UART_CheckIdleState  stm32h7xx_hal_uart.o
    0x08006716   0x00000014   Code   RO         4505    i.UART_DMAAbortOnError  stm32h7xx_hal_uart.o
    0x0800672a   0x0000004e   Code   RO         4506    i.UART_DMAError     stm32h7xx_hal_uart.o
    0x08006778   0x00000040   Code   RO         4511    i.UART_DMATransmitCplt  stm32h7xx_hal_uart.o
    0x080067b8   0x0000000a   Code   RO         4513    i.UART_DMATxHalfCplt  stm32h7xx_hal_uart.o
    0x080067c2   0x00000002   PAD
    0x080067c4   0x00000054   Code   RO         4515    i.UART_EndRxTransfer  stm32h7xx_hal_uart.o
    0x08006818   0x0000002e   Code   RO         4516    i.UART_EndTxTransfer  stm32h7xx_hal_uart.o
    0x08006846   0x00000002   PAD
    0x08006848   0x000003ac   Code   RO         4521    i.UART_SetConfig    stm32h7xx_hal_uart.o
    0x08006bf4   0x0000008c   Code   RO         4528    i.UART_WaitOnFlagUntilTimeout  stm32h7xx_hal_uart.o
    0x08006c80   0x00000002   Code   RO          590    i.UsageFault_Handler  stm32h7xx_it.o
    0x08006c82   0x00000026   Code   RO         5378    i.__ARM_fpclassifyf  m_wv.l(fpclassifyf.o)
    0x08006ca8   0x00000022   Code   RO         2582    i.__NVIC_SetPriority  stm32h7xx_hal_cortex.o
    0x08006cca   0x00000002   PAD
    0x08006ccc   0x00000150   Code   RO         5301    i.__hardfp_cosf     m_wv.l(cosf.o)
    0x08006e1c   0x00000194   Code   RO         5313    i.__hardfp_sinf     m_wv.l(sinf.o)
    0x08006fb0   0x0000003a   Code   RO         5325    i.__hardfp_sqrtf    m_wv.l(sqrtf.o)
    0x08006fea   0x00000006   Code   RO         5381    i.__mathlib_flt_infnan  m_wv.l(funder.o)
    0x08006ff0   0x00000010   Code   RO         5383    i.__mathlib_flt_invalid  m_wv.l(funder.o)
    0x08007000   0x00000010   Code   RO         5386    i.__mathlib_flt_underflow  m_wv.l(funder.o)
    0x08007010   0x00000154   Code   RO         5394    i.__mathlib_rredf2  m_wv.l(rredf.o)
    0x08007164   0x0000000e   Code   RO         5444    i.__scatterload_copy  mc_w.l(handlers.o)
    0x08007172   0x00000002   Code   RO         5445    i.__scatterload_null  mc_w.l(handlers.o)
    0x08007174   0x0000000e   Code   RO         5446    i.__scatterload_zeroinit  mc_w.l(handlers.o)
    0x08007182   0x00000002   PAD
    0x08007184   0x0000000c   Code   RO         5420    i.__set_errno       mc_w.l(errno.o)
    0x08007190   0x000000cc   Code   RO         5035    i.arm_cfft_f32      arm_cfft_f32.o
    0x0800725c   0x00000192   Code   RO         5036    i.arm_cfft_radix8by2_f32  arm_cfft_f32.o
    0x080073ee   0x00000002   PAD
    0x080073f0   0x0000045a   Code   RO         5037    i.arm_cfft_radix8by4_f32  arm_cfft_f32.o
    0x0800784a   0x00000002   PAD
    0x0800784c   0x000004bc   Code   RO         5077    i.arm_radix8_butterfly_f32  arm_cfft_radix8_f32.o
    0x08007d08   0x00000044   Code   RO         5244    i.arm_rfft_fast_f32  arm_rfft_fast_f32.o
    0x08007d4c   0x00000128   Code   RO         5280    i.arm_rfft_fast_init_f32  arm_rfft_fast_init_f32.o
    0x08007e74   0x00000258   Code   RO          224    i.check_dma_and_push_frames  main.o
    0x080080cc   0x00000010   Code   RO           15    i.debug_init        debug.o
    0x080080dc   0x00000068   Code   RO           16    i.debug_poll        debug.o
    0x08008144   0x00000854   Code   RO          225    i.main              main.o
    0x08008998   0x000000a0   Code   RO         5245    i.merge_rfft_f32    arm_rfft_fast_f32.o
    0x08008a38   0x000000f4   Code   RO          226    i.push_frame_from_dma  main.o
    0x08008b2c   0x000000a4   Code   RO         5246    i.stage_rfft_f32    arm_rfft_fast_f32.o
    0x08008bd0   0x00000090   Code   RO          227    i.tx_ring_poll      main.o
    0x08008c60   0x00000008   Data   RO         1997    .constdata          stm32h7xx_hal_dma.o
    0x08008c68   0x00000018   Data   RO         4529    .constdata          stm32h7xx_hal_uart.o
    0x08008c80   0x00000010   Data   RO         5000    .constdata          system_stm32h7xx.o
    0x08008c90   0x00000080   Data   RO         5106    .constdata          arm_common_tables.o
    0x08008d10   0x00000100   Data   RO         5107    .constdata          arm_common_tables.o
    0x08008e10   0x00000200   Data   RO         5108    .constdata          arm_common_tables.o
    0x08009010   0x00000400   Data   RO         5109    .constdata          arm_common_tables.o
    0x08009410   0x00000800   Data   RO         5110    .constdata          arm_common_tables.o
    0x08009c10   0x00001000   Data   RO         5111    .constdata          arm_common_tables.o
    0x0800ac10   0x00002000   Data   RO         5112    .constdata          arm_common_tables.o
    0x0800cc10   0x00004000   Data   RO         5113    .constdata          arm_common_tables.o
    0x08010c10   0x00000028   Data   RO         5135    .constdata          arm_common_tables.o
    0x08010c38   0x00000060   Data   RO         5136    .constdata          arm_common_tables.o
    0x08010c98   0x00000070   Data   RO         5137    .constdata          arm_common_tables.o
    0x08010d08   0x000001a0   Data   RO         5138    .constdata          arm_common_tables.o
    0x08010ea8   0x00000370   Data   RO         5139    .constdata          arm_common_tables.o
    0x08011218   0x00000380   Data   RO         5140    .constdata          arm_common_tables.o
    0x08011598   0x00000e10   Data   RO         5141    .constdata          arm_common_tables.o
    0x080123a8   0x00001dc0   Data   RO         5142    .constdata          arm_common_tables.o
    0x08014168   0x00000080   Data   RO         5153    .constdata          arm_common_tables.o
    0x080141e8   0x00000100   Data   RO         5154    .constdata          arm_common_tables.o
    0x080142e8   0x00000200   Data   RO         5155    .constdata          arm_common_tables.o
    0x080144e8   0x00000400   Data   RO         5156    .constdata          arm_common_tables.o
    0x080148e8   0x00000800   Data   RO         5157    .constdata          arm_common_tables.o
    0x080150e8   0x00001000   Data   RO         5158    .constdata          arm_common_tables.o
    0x080160e8   0x00002000   Data   RO         5159    .constdata          arm_common_tables.o
    0x080180e8   0x00004000   Data   RO         5160    .constdata          arm_common_tables.o
    0x0801c0e8   0x00000020   Data   RO         5395    .constdata          m_wv.l(rredf.o)
    0x0801c108   0x00000040   Data   RO         5442    Region$$Table       anon$$obj.o


    Execution Region RW_IRAM1 (Base: 0x20000000, Size: 0x00008488, Max: 0x00020000, ABSOLUTE, COMPRESSED[0x0000001c])

    Base Addr    Size         Type   Attr      Idx    E Section Name        Object

    0x20000000   0x00000008   Data   RW           20    .data               debug.o
    0x20000008   0x000000f0   Data   RW          233    .data               main.o
    0x200000f8   0x00000020   Data   RW          441    .data               adc.o
    0x20000118   0x0000000c   Data   RW         2752    .data               stm32h7xx_hal.o
    0x20000124   0x00000008   Data   RW         5001    .data               system_stm32h7xx.o
    0x2000012c   0x00000004   Data   RW         5421    .data               mc_w.l(errno.o)
    0x20000130   0x00000010   PAD
    0x20000140   0x00007980   Zero   RW          230    .bss                main.o
    0x20007ac0   0x000002b8   Zero   RW          440    .bss                adc.o
    0x20007d78   0x000000d8   Zero   RW          725    .bss                dac.o
    0x20007e50   0x00000234   Zero   RW          846    .bss                usart.o
    0x20008084   0x00000004   PAD
    0x20008088   0x00000400   Zero   RW            1    STACK               startup_stm32h750xx.o


    Execution Region RW_IRAM2 (Base: 0x24000000, Size: 0x00080000, Max: 0x00080000, ABSOLUTE, COMPRESSED[0x00000ce0])

    Base Addr    Size         Type   Attr      Idx    E Section Name        Object

    0x24000000   0x0006047c   Data   RW          228    .AXI_SRAM           main.o
    0x2406047c   0x00000004   PAD
    0x24060480   0x00006400   Data   RW          229    .DTCMRAM            main.o
    0x24066880   0x00004200   Zero   RW           19    .bss                debug.o
    0x2406aa80   0x00004580   PAD
    0x2406f000   0x00000080   Zero   RW          723    .ARM.__AT_0x2406F000  dac.o
    0x2406f080   0x00000080   Zero   RW          724    .ARM.__AT_0x2406F080  dac.o
    0x2406f100   0x00000f00   PAD
    0x24070000   0x00008000   Zero   RW          437    .ARM.__AT_0x24070000  adc.o
    0x24078000   0x00008000   Zero   RW          438    .ARM.__AT_0x24078000  adc.o



  Load Region LR$$.ARM.__AT_0x38000000 (Base: 0x38000000, Size: 0x00000000, Max: 0x00008000, ABSOLUTE)

    Execution Region ER$$.ARM.__AT_0x38000000 (Base: 0x38000000, Size: 0x00008000, Max: 0x00008000, ABSOLUTE, UNINIT)

    Base Addr    Size         Type   Attr      Idx    E Section Name        Object

    0x38000000   0x00008000   Zero   RW          439    .ARM.__AT_0x38000000  adc.o


==============================================================================

Image component sizes


      Code (inc. data)   RO Data    RW Data    ZI Data      Debug   Object Name

      1476        152          0         32      99000       6392   adc.o
       192          0          0          0          0        528   arm_bitreversal2.o
      1720          0          0          0          0       4581   arm_cfft_f32.o
      1212          4          0          0          0       2515   arm_cfft_radix8_f32.o
         0          0      78936          0          0       4668   arm_common_tables.o
       392          0          0          0          0       2734   arm_rfft_fast_f32.o
       296         98          0          0          0       1161   arm_rfft_fast_init_f32.o
       252         36          0          0        472       2293   dac.o
       120         16          0          8      16896    1335142   debug.o
        80         10          0          0          0        827   gpio.o
      6166        438          0     420204      31104      78521   main.o
        36          8        664          0       1024        816   startup_stm32h750xx.o
       268         54          0         12          0      24145   stm32h7xx_hal.o
      2552        212          0          0          0      73521   stm32h7xx_hal_adc.o
       156         10          0          0          0      61946   stm32h7xx_hal_adc_ex.o
       354         28          0          0          0      41157   stm32h7xx_hal_cortex.o
      5992        246          8          0          0      10757   stm32h7xx_hal_dma.o
       582         50          0          0          0       2553   stm32h7xx_hal_gpio.o
        56          6          0          0          0        822   stm32h7xx_hal_msp.o
        84          6          0          0          0        729   stm32h7xx_hal_pwr_ex.o
      2466        102          0          0          0       6480   stm32h7xx_hal_rcc.o
      4776        174          0          0          0       9459   stm32h7xx_hal_rcc_ex.o
       294         34          0          0          0       2815   stm32h7xx_hal_tim.o
       164         30          0          0          0       1336   stm32h7xx_hal_tim_ex.o
      3102        150         24          0          0      33312   stm32h7xx_hal_uart.o
         6          0          0          0          0       2117   stm32h7xx_hal_uart_ex.o
        80         30          0          0          0       6258   stm32h7xx_it.o
       156         22         16          8          0       1326   system_stm32h7xx.o
        68         14          0          0          0        815   tim.o
       460         46          0          0        564       2230   usart.o

    ----------------------------------------------------------------------
     33594       1976      79712     420268     170696    1721956   Object Totals
         0          0         64          0          0          0   (incl. Generated)
        36          0          0          4      21636          0   (incl. Padding)

    ----------------------------------------------------------------------

      Code (inc. data)   RO Data    RW Data    ZI Data      Debug   Library Member Name

       336         60          0          0          0        136   cosf.o
        38          0          0          0          0        116   fpclassifyf.o
        38         12          0          0          0        348   funder.o
       340         24         32          0          0        160   rredf.o
       404         60          0          0          0        212   sinf.o
        58          0          0          0          0        136   sqrtf.o
        86          0          0          0          0          0   __dczerorl2.o
         0          0          0          0          0          0   entry.o
         0          0          0          0          0          0   entry10a.o
         0          0          0          0          0          0   entry11a.o
         8          4          0          0          0          0   entry2.o
         4          0          0          0          0          0   entry5.o
         0          0          0          0          0          0   entry7b.o
         0          0          0          0          0          0   entry8b.o
         8          4          0          0          0          0   entry9a.o
        12          6          0          4          0         68   errno.o
        30          0          0          0          0          0   handlers.o
        36          8          0          0          0         68   init.o
         0          0          0          0          0          0   iusefp.o
        30          0          0          0          0         68   llshl.o
        32          0          0          0          0         68   llushr.o
        36          0          0          0          0         68   memcpya.o
        36          0          0          0          0        108   memseta.o
        98          0          0          0          0         92   uldiv.o
        44          0          0          0          0         68   ffixul.o

    ----------------------------------------------------------------------
      1678        178         32          4         16       1716   Library Totals
         4          0          0          0         16          0   (incl. Padding)

    ----------------------------------------------------------------------

      Code (inc. data)   RO Data    RW Data    ZI Data      Debug   Library Name

      1214        156         32          0          0       1108   m_wv.l
       416         22          0          4          0        540   mc_w.l
        44          0          0          0          0         68   mf_w.l

    ----------------------------------------------------------------------
      1678        178         32          4         16       1716   Library Totals

    ----------------------------------------------------------------------

==============================================================================


      Code (inc. data)   RO Data    RW Data    ZI Data      Debug   

     35272       2154      79744     420272     170712    1709848   Grand Totals
     35272       2154      79744       3324     170712    1709848   ELF Image Totals (compressed)
     35272       2154      79744       3324          0          0   ROM Totals

==============================================================================

    Total RO  Size (Code + RO Data)               115016 ( 112.32kB)
    Total RW  Size (RW Data + ZI Data)            590984 ( 577.13kB)
    Total ROM Size (Code + RO Data + RW Data)     118340 ( 115.57kB)

==============================================================================

